../Core/Src/smart_watch.c:1022:13:parameters_reset	0	static
../Core/Src/smart_watch.c:817:13:file_handler	32	static
../Core/Src/smart_watch.c:1132:13:DMA2D_CopyBuffer	32	static
../Core/Src/smart_watch.c:1176:13:clear_btn_int	8	static
../Core/Src/smart_watch.c:1054:13:DMA2D_Init.constprop	24	static
../Core/Src/smart_watch.c:928:13:depth24To16.constprop	20	static
../Core/Src/smart_watch.c:69:6:smart_watch_init	8	static
../Core/Src/smart_watch.c:146:5:lcd_draw	24	static
../Core/Src/smart_watch.c:952:13:show_frame.constprop	48	static
../Core/Src/smart_watch.c:195:5:lcd_draw_opt	360	static
../Core/Src/smart_watch.c:111:6:smart_watch_process	24	static,ignoring_inline_asm
../Core/Src/smart_watch.c:333:5:smart_watch_test_sd	11648	static
../Core/Src/smart_watch.c:394:5:smart_watch_test_display	230448	static
../Core/Src/smart_watch.c:421:5:smart_watch_test_mjpeg	664	static
../Core/Src/smart_watch.c:1187:6:HAL_GPIO_EXTI_Callback	8	static
