../Drivers/BSP/Components/otm8009a.c:126:9:OTM8009A_RegisterBusIO	24	static
../Drivers/BSP/Components/otm8009a.c:156:9:OTM8009A_Init	32	static
../Drivers/BSP/Components/otm8009a.c:457:9:OTM8009A_DeInit	16	static
../Drivers/BSP/Components/otm8009a.c:468:9:OTM8009A_ReadID	24	static
../Drivers/BSP/Components/otm8009a.c:490:9:OTM8009A_SetBrightness	24	static
../Drivers/BSP/Components/otm8009a.c:515:9:OTM8009A_GetBrightness	16	static
../Drivers/BSP/Components/otm8009a.c:526:9:OTM8009A_DisplayOn	24	static
../Drivers/BSP/Components/otm8009a.c:549:9:OTM8009A_DisplayOff	24	static
../Drivers/BSP/Components/otm8009a.c:573:9:OTM8009A_SetOrientation	24	static
../Drivers/BSP/Components/otm8009a.c:614:9:OTM8009A_GetOrientation	16	static
../Drivers/BSP/Components/otm8009a.c:630:9:OTM8009A_GetXSize	16	static
../Drivers/BSP/Components/otm8009a.c:657:9:OTM8009A_GetYSize	16	static
../Drivers/BSP/Components/otm8009a.c:685:9:OTM8009A_SetCursor	24	static
../Drivers/BSP/Components/otm8009a.c:701:9:OTM8009A_DrawBitmap	24	static
../Drivers/BSP/Components/otm8009a.c:709:9:OTM8009A_FillRGBRect	24	static
../Drivers/BSP/Components/otm8009a.c:725:9:OTM8009A_DrawHLine	24	static
../Drivers/BSP/Components/otm8009a.c:742:9:OTM8009A_DrawVLine	24	static
../Drivers/BSP/Components/otm8009a.c:760:9:OTM8009A_FillRect	24	static
../Drivers/BSP/Components/otm8009a.c:776:9:OTM8009A_GetPixel	24	static
../Drivers/BSP/Components/otm8009a.c:792:9:OTM8009A_SetPixel	24	static
../Drivers/BSP/Components/otm8009a.c:815:16:OTM8009A_ReadRegWrap	40	static
../Drivers/BSP/Components/otm8009a.c:830:16:OTM8009A_WriteRegWrap	40	static
../Drivers/BSP/Components/otm8009a.c:841:16:OTM8009A_IO_Delay	24	static
