D:/Andrea/Embedded/repositories/Smart-Watch/Smart-Watch_30/Drivers/BSP/STM32H747I-DISCO/stm32h747i_discovery.c:136:9:BSP_GetVersion	4	static
D:/Andrea/Embedded/repositories/Smart-Watch/Smart-Watch_30/Drivers/BSP/STM32H747I-DISCO/stm32h747i_discovery.c:145:16:BSP_GetBoardName	4	static
D:/Andrea/Embedded/repositories/Smart-Watch/Smart-Watch_30/Drivers/BSP/STM32H747I-DISCO/stm32h747i_discovery.c:154:16:BSP_GetBoardID	4	static
D:/Andrea/Embedded/repositories/Smart-Watch/Smart-Watch_30/Drivers/BSP/STM32H747I-DISCO/stm32h747i_discovery.c:169:10:BSP_LED_Init	48	static
D:/Andrea/Embedded/repositories/Smart-Watch/Smart-Watch_30/Drivers/BSP/STM32H747I-DISCO/stm32h747i_discovery.c:200:10:BSP_LED_DeInit	40	static
D:/Andrea/Embedded/repositories/Smart-Watch/Smart-Watch_30/Drivers/BSP/STM32H747I-DISCO/stm32h747i_discovery.c:223:10:BSP_LED_On	24	static
D:/Andrea/Embedded/repositories/Smart-Watch/Smart-Watch_30/Drivers/BSP/STM32H747I-DISCO/stm32h747i_discovery.c:241:10:BSP_LED_Off	24	static
D:/Andrea/Embedded/repositories/Smart-Watch/Smart-Watch_30/Drivers/BSP/STM32H747I-DISCO/stm32h747i_discovery.c:258:10:BSP_LED_Toggle	24	static
D:/Andrea/Embedded/repositories/Smart-Watch/Smart-Watch_30/Drivers/BSP/STM32H747I-DISCO/stm32h747i_discovery.c:274:9:BSP_LED_GetState	24	static
D:/Andrea/Embedded/repositories/Smart-Watch/Smart-Watch_30/Drivers/BSP/STM32H747I-DISCO/stm32h747i_discovery.c:292:10:BSP_PB_Init	40	static
D:/Andrea/Embedded/repositories/Smart-Watch/Smart-Watch_30/Drivers/BSP/STM32H747I-DISCO/stm32h747i_discovery.c:335:10:BSP_PB_DeInit	40	static
D:/Andrea/Embedded/repositories/Smart-Watch/Smart-Watch_30/Drivers/BSP/STM32H747I-DISCO/stm32h747i_discovery.c:353:10:BSP_PB_GetState	16	static
D:/Andrea/Embedded/repositories/Smart-Watch/Smart-Watch_30/Drivers/BSP/STM32H747I-DISCO/stm32h747i_discovery.c:363:6:BSP_PB_IRQHandler	16	static
D:/Andrea/Embedded/repositories/Smart-Watch/Smart-Watch_30/Drivers/BSP/STM32H747I-DISCO/stm32h747i_discovery.c:372:13:BUTTON_WAKEUP_EXTI_Callback	8	static
D:/Andrea/Embedded/repositories/Smart-Watch/Smart-Watch_30/Drivers/BSP/STM32H747I-DISCO/stm32h747i_discovery.c:381:13:BSP_PB_Callback	16	static
D:/Andrea/Embedded/repositories/Smart-Watch/Smart-Watch_30/Drivers/BSP/STM32H747I-DISCO/stm32h747i_discovery.c:398:9:BSP_COM_Init	24	static
D:/Andrea/Embedded/repositories/Smart-Watch/Smart-Watch_30/Drivers/BSP/STM32H747I-DISCO/stm32h747i_discovery.c:436:9:BSP_COM_DeInit	24	static
D:/Andrea/Embedded/repositories/Smart-Watch/Smart-Watch_30/Drivers/BSP/STM32H747I-DISCO/stm32h747i_discovery.c:469:26:MX_USART1_Init	16	static
D:/Andrea/Embedded/repositories/Smart-Watch/Smart-Watch_30/Drivers/BSP/STM32H747I-DISCO/stm32h747i_discovery.c:566:9:BSP_COM_SelectLogPort	16	static
D:/Andrea/Embedded/repositories/Smart-Watch/Smart-Watch_30/Drivers/BSP/STM32H747I-DISCO/stm32h747i_discovery.c:576:6:__io_putchar	16	static
D:/Andrea/Embedded/repositories/Smart-Watch/Smart-Watch_30/Drivers/BSP/STM32H747I-DISCO/stm32h747i_discovery.c:598:9:BSP_JOY_Init	72	static
D:/Andrea/Embedded/repositories/Smart-Watch/Smart-Watch_30/Drivers/BSP/STM32H747I-DISCO/stm32h747i_discovery.c:695:9:BSP_JOY_DeInit	24	static
D:/Andrea/Embedded/repositories/Smart-Watch/Smart-Watch_30/Drivers/BSP/STM32H747I-DISCO/stm32h747i_discovery.c:752:9:BSP_JOY_GetState	24	static
D:/Andrea/Embedded/repositories/Smart-Watch/Smart-Watch_30/Drivers/BSP/STM32H747I-DISCO/stm32h747i_discovery.c:783:6:BSP_JOY_IRQHandler	32	static,ignoring_inline_asm
D:/Andrea/Embedded/repositories/Smart-Watch/Smart-Watch_30/Drivers/BSP/STM32H747I-DISCO/stm32h747i_discovery.c:797:13:BSP_JOY_Callback	16	static
D:/Andrea/Embedded/repositories/Smart-Watch/Smart-Watch_30/Drivers/BSP/STM32H747I-DISCO/stm32h747i_discovery.c:817:13:JOY1_UP_EXTI_Callback	8	static
D:/Andrea/Embedded/repositories/Smart-Watch/Smart-Watch_30/Drivers/BSP/STM32H747I-DISCO/stm32h747i_discovery.c:826:13:JOY1_DOWN_EXTI_Callback	8	static
D:/Andrea/Embedded/repositories/Smart-Watch/Smart-Watch_30/Drivers/BSP/STM32H747I-DISCO/stm32h747i_discovery.c:835:13:JOY1_SEL_EXTI_Callback	8	static
D:/Andrea/Embedded/repositories/Smart-Watch/Smart-Watch_30/Drivers/BSP/STM32H747I-DISCO/stm32h747i_discovery.c:844:13:JOY1_LEFT_EXTI_Callback	8	static
D:/Andrea/Embedded/repositories/Smart-Watch/Smart-Watch_30/Drivers/BSP/STM32H747I-DISCO/stm32h747i_discovery.c:853:13:JOY1_RIGHT_EXTI_Callback	8	static
D:/Andrea/Embedded/repositories/Smart-Watch/Smart-Watch_30/Drivers/BSP/STM32H747I-DISCO/stm32h747i_discovery.c:866:13:USART1_MspInit	48	static
D:/Andrea/Embedded/repositories/Smart-Watch/Smart-Watch_30/Drivers/BSP/STM32H747I-DISCO/stm32h747i_discovery.c:900:13:USART1_MspDeInit	40	static
