../Core/Src/GC9A01.c:26:6:GC9A01_set_reset	16	static
../Core/Src/GC9A01.c:34:6:GC9A01_set_data_command	16	static
../Core/Src/GC9A01.c:42:6:GC9A01_set_chip_select	16	static
../Core/Src/GC9A01.c:50:6:GC9A01_write_command	16	static
../Core/Src/GC9A01.c:57:6:GC9A01_write_data	16	static
../Core/Src/GC9A01.c:64:20:GC9A01_write_byte	16	static
../Core/Src/GC9A01.c:68:6:GC9A01_write	16	static
../Core/Src/GC9A01.c:73:6:GC9A01_write_continue	16	static
../Core/Src/GC9A01.c:78:6:GC9A01_init	8	static
../Core/Src/GC9A01.c:333:6:GC9A01_set_frame	24	static
../Core/Src/GC9A01.c:359:13:GC9A01_spi_tx	16	static
