../Core/Src/main.c:86:5:main	16	static
../Core/Src/main.c:169:6:SystemClock_Config	120	static
../Core/Src/main.c:230:6:PeriphCommonClock_Config	208	static
../Core/Src/main.c:257:13:MX_DMA2D_Init	8	static
../Core/Src/main.c:297:13:MX_JPEG_Init	8	static
../Core/Src/main.c:323:13:MX_SDMMC1_SD_Init	8	static
../Core/Src/main.c:354:13:MX_SPI5_Init	8	static
../Core/Src/main.c:402:13:MX_USART1_UART_Init	8	static
../Core/Src/main.c:450:13:MX_GPIO_Init	56	static
../Core/Src/main.c:511:6:Error_Handler	4	static,ignoring_inline_asm
