../Core/Src/lcd.c:34:6:lcd_init	8	static
../Core/Src/lcd.c:45:6:lcd_process	8	static
../Core/Src/lcd.c:55:6:lcd_draw	32	static
../Core/Src/lcd.c:88:6:jpeg_demo	23080	static
../Core/Src/lcd.c:114:6:lcd_demo	8	static
../Core/Src/lcd.c:146:6:sd_image_demo	8	static
../Core/Src/lcd.c:159:13:triangle_ex	16	static
../Core/Src/lcd.c:204:13:rainbow_ex	32	static
../Core/Src/lcd.c:238:13:checkboard_ex	16	static
../Core/Src/lcd.c:283:13:swissFlag_ex	16	static
../Core/Src/lcd.c:331:13:sd_init	8	static
../Core/Src/lcd.c:343:13:sd_error_handler	4	static
