../Core/Src/lcd.c:41:6:lcd_init	8	static
../Core/Src/lcd.c:52:6:lcd_process	8	static
../Core/Src/lcd.c:62:6:lcd_draw	32	static
../Core/Src/lcd.c:93:6:jpeg_demo	230464	static
../Core/Src/lcd.c:125:6:lcd_demo	8	static
../Core/Src/lcd.c:157:6:sd_image_demo	8	static
../Core/Src/lcd.c:170:13:triangle_ex	16	static
../Core/Src/lcd.c:215:13:rainbow_ex	32	static
../Core/Src/lcd.c:249:13:checkboard_ex	16	static
../Core/Src/lcd.c:294:13:swissFlag_ex	16	static
../Core/Src/lcd.c:342:13:sd_init	8	static
../Core/Src/lcd.c:354:13:sd_error_handler	4	static
../Core/Src/lcd.c:362:13:depth24To16	24	static
../Core/Src/lcd.c:385:13:imageWindowed	32	static
../Core/Src/lcd.c:419:13:DMA2D_CopyBuffer	40	static
