../Core/Src/main.c:80:5:main	24	static,ignoring_inline_asm
../Core/Src/main.c:135:6:SystemClock_Config	120	static
../Core/Src/main.c:203:13:MX_ADC1_Init	48	static
../Core/Src/main.c:271:13:MX_DMA2D_Init	8	static
../Core/Src/main.c:311:13:MX_JPEG_Init	8	static
../Core/Src/main.c:337:13:MX_RTC_Init	8	static
../Core/Src/main.c:373:13:MX_SDMMC1_SD_Init	4	static
../Core/Src/main.c:400:13:MX_SPI1_Init	8	static
../Core/Src/main.c:448:13:MX_GPIO_Init	48	static
../Core/Src/main.c:541:6:Error_Handler	4	static,ignoring_inline_asm
