../Drivers/STM32H7xx_HAL_Driver/Src/stm32h7xx_hal_jpeg.c:2530:26:JPEG_Bits_To_SizeCodes	20	static
../Drivers/STM32H7xx_HAL_Driver/Src/stm32h7xx_hal_jpeg.c:2652:26:JPEG_DCHuff_BitsVals_To_SizeCodes	1320	static
../Drivers/STM32H7xx_HAL_Driver/Src/stm32h7xx_hal_jpeg.c:2697:26:JPEG_Set_HuffDC_Mem	88	static
../Drivers/STM32H7xx_HAL_Driver/Src/stm32h7xx_hal_jpeg.c:2759:26:JPEG_Set_HuffAC_Mem	2128	static
../Drivers/STM32H7xx_HAL_Driver/Src/stm32h7xx_hal_jpeg.c:3066:17:JPEG_Set_Quantization_Mem	24	static
../Drivers/STM32H7xx_HAL_Driver/Src/stm32h7xx_hal_jpeg.c:3272:13:JPEG_Init_Process	0	static
../Drivers/STM32H7xx_HAL_Driver/Src/stm32h7xx_hal_jpeg.c:3656:26:JPEG_DMA_StartProcess	32	static
../Drivers/STM32H7xx_HAL_Driver/Src/stm32h7xx_hal_jpeg.c:659:13:HAL_JPEG_MspInit	0	static
../Drivers/STM32H7xx_HAL_Driver/Src/stm32h7xx_hal_jpeg.c:484:19:HAL_JPEG_Init	24	static
../Drivers/STM32H7xx_HAL_Driver/Src/stm32h7xx_hal_jpeg.c:675:13:HAL_JPEG_MspDeInit	0	static
../Drivers/STM32H7xx_HAL_Driver/Src/stm32h7xx_hal_jpeg.c:608:19:HAL_JPEG_DeInit	8	static
../Drivers/STM32H7xx_HAL_Driver/Src/stm32h7xx_hal_jpeg.c:1100:19:HAL_JPEG_ConfigEncoding	24	static
../Drivers/STM32H7xx_HAL_Driver/Src/stm32h7xx_hal_jpeg.c:1290:19:HAL_JPEG_GetInfo	36	static
../Drivers/STM32H7xx_HAL_Driver/Src/stm32h7xx_hal_jpeg.c:1363:19:HAL_JPEG_EnableHeaderParsing	0	static
../Drivers/STM32H7xx_HAL_Driver/Src/stm32h7xx_hal_jpeg.c:1399:19:HAL_JPEG_DisableHeaderParsing	0	static
../Drivers/STM32H7xx_HAL_Driver/Src/stm32h7xx_hal_jpeg.c:1446:20:HAL_JPEG_SetUserQuantTables	12	static
../Drivers/STM32H7xx_HAL_Driver/Src/stm32h7xx_hal_jpeg.c:1719:20:HAL_JPEG_Encode_IT	16	static
../Drivers/STM32H7xx_HAL_Driver/Src/stm32h7xx_hal_jpeg.c:1789:20:HAL_JPEG_Decode_IT	16	static
../Drivers/STM32H7xx_HAL_Driver/Src/stm32h7xx_hal_jpeg.c:1849:20:HAL_JPEG_Encode_DMA	16	static
../Drivers/STM32H7xx_HAL_Driver/Src/stm32h7xx_hal_jpeg.c:1930:20:HAL_JPEG_Decode_DMA	16	static
../Drivers/STM32H7xx_HAL_Driver/Src/stm32h7xx_hal_jpeg.c:2000:20:HAL_JPEG_Pause	0	static
../Drivers/STM32H7xx_HAL_Driver/Src/stm32h7xx_hal_jpeg.c:2173:6:HAL_JPEG_ConfigInputBuffer	0	static
../Drivers/STM32H7xx_HAL_Driver/Src/stm32h7xx_hal_jpeg.c:2187:6:HAL_JPEG_ConfigOutputBuffer	0	static
../Drivers/STM32H7xx_HAL_Driver/Src/stm32h7xx_hal_jpeg.c:2199:19:HAL_JPEG_Abort	16	static
../Drivers/STM32H7xx_HAL_Driver/Src/stm32h7xx_hal_jpeg.c:2319:13:HAL_JPEG_InfoReadyCallback	0	static
../Drivers/STM32H7xx_HAL_Driver/Src/stm32h7xx_hal_jpeg.c:2336:13:HAL_JPEG_EncodeCpltCallback	0	static
../Drivers/STM32H7xx_HAL_Driver/Src/stm32h7xx_hal_jpeg.c:2352:13:HAL_JPEG_DecodeCpltCallback	0	static
../Drivers/STM32H7xx_HAL_Driver/Src/stm32h7xx_hal_jpeg.c:2368:13:HAL_JPEG_ErrorCallback	0	static
../Drivers/STM32H7xx_HAL_Driver/Src/stm32h7xx_hal_jpeg.c:4103:13:JPEG_MDMAErrorCallback	8	static
../Drivers/STM32H7xx_HAL_Driver/Src/stm32h7xx_hal_jpeg.c:2385:13:HAL_JPEG_GetDataCallback	0	static
../Drivers/STM32H7xx_HAL_Driver/Src/stm32h7xx_hal_jpeg.c:3567:13:JPEG_ReadInputData	24	static
../Drivers/STM32H7xx_HAL_Driver/Src/stm32h7xx_hal_jpeg.c:3964:13:JPEG_MDMAInCpltCallback	24	static
../Drivers/STM32H7xx_HAL_Driver/Src/stm32h7xx_hal_jpeg.c:2404:13:HAL_JPEG_DataReadyCallback	0	static
../Drivers/STM32H7xx_HAL_Driver/Src/stm32h7xx_hal_jpeg.c:3473:13:JPEG_StoreOutputData	24	static
../Drivers/STM32H7xx_HAL_Driver/Src/stm32h7xx_hal_jpeg.c:3327:17:JPEG_Process	8	static
../Drivers/STM32H7xx_HAL_Driver/Src/stm32h7xx_hal_jpeg.c:1521:20:HAL_JPEG_Encode	32	static
../Drivers/STM32H7xx_HAL_Driver/Src/stm32h7xx_hal_jpeg.c:1625:20:HAL_JPEG_Decode	32	static
../Drivers/STM32H7xx_HAL_Driver/Src/stm32h7xx_hal_jpeg.c:3875:13:JPEG_DMA_PollResidualData	16	static
../Drivers/STM32H7xx_HAL_Driver/Src/stm32h7xx_hal_jpeg.c:2053:20:HAL_JPEG_Resume	24	static
../Drivers/STM32H7xx_HAL_Driver/Src/stm32h7xx_hal_jpeg.c:3795:13:JPEG_DMA_EndProcess	16	static
../Drivers/STM32H7xx_HAL_Driver/Src/stm32h7xx_hal_jpeg.c:4128:13:JPEG_MDMAOutAbortCallback	0	static
../Drivers/STM32H7xx_HAL_Driver/Src/stm32h7xx_hal_jpeg.c:4052:13:JPEG_MDMAOutCpltCallback	16	static
../Drivers/STM32H7xx_HAL_Driver/Src/stm32h7xx_hal_jpeg.c:2441:6:HAL_JPEG_IRQHandler	8	static
../Drivers/STM32H7xx_HAL_Driver/Src/stm32h7xx_hal_jpeg.c:2493:23:HAL_JPEG_GetState	0	static
../Drivers/STM32H7xx_HAL_Driver/Src/stm32h7xx_hal_jpeg.c:2504:10:HAL_JPEG_GetError	0	static
