../Drivers/STM32H7xx_HAL_Driver/Src/stm32h7xx_hal_rtc_ex.c:162:19:HAL_RTCEx_SetTimeStamp	0	static
../Drivers/STM32H7xx_HAL_Driver/Src/stm32h7xx_hal_rtc_ex.c:221:19:HAL_RTCEx_SetTimeStamp_IT	0	static
../Drivers/STM32H7xx_HAL_Driver/Src/stm32h7xx_hal_rtc_ex.c:285:19:HAL_RTCEx_DeactivateTimeStamp	0	static
../Drivers/STM32H7xx_HAL_Driver/Src/stm32h7xx_hal_rtc_ex.c:323:19:HAL_RTCEx_SetInternalTimeStamp	0	static
../Drivers/STM32H7xx_HAL_Driver/Src/stm32h7xx_hal_rtc_ex.c:353:19:HAL_RTCEx_DeactivateInternalTimeStamp	0	static
../Drivers/STM32H7xx_HAL_Driver/Src/stm32h7xx_hal_rtc_ex.c:388:19:HAL_RTCEx_GetTimeStamp	24	static
../Drivers/STM32H7xx_HAL_Driver/Src/stm32h7xx_hal_rtc_ex.c:472:19:HAL_RTCEx_SetTamper	20	static
../Drivers/STM32H7xx_HAL_Driver/Src/stm32h7xx_hal_rtc_ex.c:674:19:HAL_RTCEx_SetTamper_IT	20	static
../Drivers/STM32H7xx_HAL_Driver/Src/stm32h7xx_hal_rtc_ex.c:908:19:HAL_RTCEx_DeactivateTamper	0	static
../Drivers/STM32H7xx_HAL_Driver/Src/stm32h7xx_hal_rtc_ex.c:984:19:HAL_RTCEx_SetInternalTamper	12	static
../Drivers/STM32H7xx_HAL_Driver/Src/stm32h7xx_hal_rtc_ex.c:1010:19:HAL_RTCEx_SetInternalTamper_IT	12	static
../Drivers/STM32H7xx_HAL_Driver/Src/stm32h7xx_hal_rtc_ex.c:1043:19:HAL_RTCEx_DeactivateInternalTamper	0	static
../Drivers/STM32H7xx_HAL_Driver/Src/stm32h7xx_hal_rtc_ex.c:1180:19:HAL_RTCEx_SetActiveSeed	16	static
../Drivers/STM32H7xx_HAL_Driver/Src/stm32h7xx_hal_rtc_ex.c:1214:19:HAL_RTCEx_DeactivateActiveTampers	0	static
../Drivers/STM32H7xx_HAL_Driver/Src/stm32h7xx_hal_rtc_ex.c:1066:19:HAL_RTCEx_SetActiveTampers	32	static
../Drivers/STM32H7xx_HAL_Driver/Src/stm32h7xx_hal_rtc_ex.c:1508:13:HAL_RTCEx_TimeStampEventCallback	0	static
../Drivers/STM32H7xx_HAL_Driver/Src/stm32h7xx_hal_rtc_ex.c:1533:13:HAL_RTCEx_Tamper1EventCallback	0	static
../Drivers/STM32H7xx_HAL_Driver/Src/stm32h7xx_hal_rtc_ex.c:1548:13:HAL_RTCEx_Tamper2EventCallback	0	static
../Drivers/STM32H7xx_HAL_Driver/Src/stm32h7xx_hal_rtc_ex.c:1563:13:HAL_RTCEx_Tamper3EventCallback	0	static
../Drivers/STM32H7xx_HAL_Driver/Src/stm32h7xx_hal_rtc_ex.c:1579:13:HAL_RTCEx_InternalTamper1EventCallback	0	static
../Drivers/STM32H7xx_HAL_Driver/Src/stm32h7xx_hal_rtc_ex.c:1594:13:HAL_RTCEx_InternalTamper2EventCallback	0	static
../Drivers/STM32H7xx_HAL_Driver/Src/stm32h7xx_hal_rtc_ex.c:1609:13:HAL_RTCEx_InternalTamper3EventCallback	0	static
../Drivers/STM32H7xx_HAL_Driver/Src/stm32h7xx_hal_rtc_ex.c:1624:13:HAL_RTCEx_InternalTamper4EventCallback	0	static
../Drivers/STM32H7xx_HAL_Driver/Src/stm32h7xx_hal_rtc_ex.c:1639:13:HAL_RTCEx_InternalTamper5EventCallback	0	static
../Drivers/STM32H7xx_HAL_Driver/Src/stm32h7xx_hal_rtc_ex.c:1654:13:HAL_RTCEx_InternalTamper6EventCallback	0	static
../Drivers/STM32H7xx_HAL_Driver/Src/stm32h7xx_hal_rtc_ex.c:1669:13:HAL_RTCEx_InternalTamper8EventCallback	0	static
../Drivers/STM32H7xx_HAL_Driver/Src/stm32h7xx_hal_rtc_ex.c:1259:6:HAL_RTCEx_TamperTimeStampIRQHandler	16	static
../Drivers/STM32H7xx_HAL_Driver/Src/stm32h7xx_hal_rtc_ex.c:1696:19:HAL_RTCEx_PollForTimeStampEvent	16	static
../Drivers/STM32H7xx_HAL_Driver/Src/stm32h7xx_hal_rtc_ex.c:1745:19:HAL_RTCEx_PollForTamper1Event	16	static
../Drivers/STM32H7xx_HAL_Driver/Src/stm32h7xx_hal_rtc_ex.c:1777:19:HAL_RTCEx_PollForTamper2Event	16	static
../Drivers/STM32H7xx_HAL_Driver/Src/stm32h7xx_hal_rtc_ex.c:1809:19:HAL_RTCEx_PollForTamper3Event	16	static
../Drivers/STM32H7xx_HAL_Driver/Src/stm32h7xx_hal_rtc_ex.c:1844:19:HAL_RTCEx_PollForInternalTamperEvent	24	static
../Drivers/STM32H7xx_HAL_Driver/Src/stm32h7xx_hal_rtc_ex.c:1895:19:HAL_RTCEx_SetWakeUpTimer	24	static
../Drivers/STM32H7xx_HAL_Driver/Src/stm32h7xx_hal_rtc_ex.c:1976:19:HAL_RTCEx_SetWakeUpTimer_IT	24	static
../Drivers/STM32H7xx_HAL_Driver/Src/stm32h7xx_hal_rtc_ex.c:2076:19:HAL_RTCEx_DeactivateWakeUpTimer	16	static
../Drivers/STM32H7xx_HAL_Driver/Src/stm32h7xx_hal_rtc_ex.c:2132:10:HAL_RTCEx_GetWakeUpTimer	0	static
../Drivers/STM32H7xx_HAL_Driver/Src/stm32h7xx_hal_rtc_ex.c:2200:13:HAL_RTCEx_WakeUpTimerEventCallback	0	static
../Drivers/STM32H7xx_HAL_Driver/Src/stm32h7xx_hal_rtc_ex.c:2143:6:HAL_RTCEx_WakeUpTimerIRQHandler	8	static
../Drivers/STM32H7xx_HAL_Driver/Src/stm32h7xx_hal_rtc_ex.c:2217:19:HAL_RTCEx_PollForWakeUpTimerEvent	16	static
../Drivers/STM32H7xx_HAL_Driver/Src/stm32h7xx_hal_rtc_ex.c:2276:6:HAL_RTCEx_BKUPWrite	0	static
../Drivers/STM32H7xx_HAL_Driver/Src/stm32h7xx_hal_rtc_ex.c:2305:10:HAL_RTCEx_BKUPRead	0	static
../Drivers/STM32H7xx_HAL_Driver/Src/stm32h7xx_hal_rtc_ex.c:2376:19:HAL_RTCEx_SetSmoothCalib	24	static
../Drivers/STM32H7xx_HAL_Driver/Src/stm32h7xx_hal_rtc_ex.c:2454:19:HAL_RTCEx_SetSynchroShift	24	static
../Drivers/STM32H7xx_HAL_Driver/Src/stm32h7xx_hal_rtc_ex.c:2551:19:HAL_RTCEx_SetCalibrationOutPut	0	static
../Drivers/STM32H7xx_HAL_Driver/Src/stm32h7xx_hal_rtc_ex.c:2589:19:HAL_RTCEx_DeactivateCalibrationOutPut	0	static
../Drivers/STM32H7xx_HAL_Driver/Src/stm32h7xx_hal_rtc_ex.c:2618:19:HAL_RTCEx_SetRefClock	8	static
../Drivers/STM32H7xx_HAL_Driver/Src/stm32h7xx_hal_rtc_ex.c:2657:19:HAL_RTCEx_DeactivateRefClock	8	static
../Drivers/STM32H7xx_HAL_Driver/Src/stm32h7xx_hal_rtc_ex.c:2701:19:HAL_RTCEx_EnableBypassShadow	0	static
../Drivers/STM32H7xx_HAL_Driver/Src/stm32h7xx_hal_rtc_ex.c:2733:19:HAL_RTCEx_DisableBypassShadow	0	static
../Drivers/STM32H7xx_HAL_Driver/Src/stm32h7xx_hal_rtc_ex.c:2767:19:HAL_RTCEx_MonotonicCounterIncrement	0	static
../Drivers/STM32H7xx_HAL_Driver/Src/stm32h7xx_hal_rtc_ex.c:2787:19:HAL_RTCEx_MonotonicCounterGet	0	static
../Drivers/STM32H7xx_HAL_Driver/Src/stm32h7xx_hal_rtc_ex.c:2823:13:HAL_RTCEx_AlarmBEventCallback	0	static
../Drivers/STM32H7xx_HAL_Driver/Src/stm32h7xx_hal_rtc_ex.c:2839:19:HAL_RTCEx_PollForAlarmBEvent	16	static
