../Example/User/CM7/Src/smart_watch.c:51:6:smart_watch_init	8	static
../Example/User/CM7/Src/smart_watch.c:123:6:smart_watch_process	8	static
../Example/User/CM7/Src/smart_watch.c:148:13:mjpeg_video_processing	8	static
../Example/User/CM7/Src/smart_watch.c:172:13:clock_setting	8	static
../Example/User/CM7/Src/smart_watch.c:332:13:clock_normal	40	static
../Example/User/CM7/Src/smart_watch.c:412:13:show_frame	48	static
../Example/User/CM7/Src/smart_watch.c:477:13:file_handler	24	static
../Example/User/CM7/Src/smart_watch.c:534:13:user_buttons_handler	8	static
../Example/User/CM7/Src/smart_watch.c:572:13:parameters_reset	4	static
../Example/User/CM7/Src/smart_watch.c:599:13:depth24To16	24	static
../Example/User/CM7/Src/smart_watch.c:647:13:lcd_draw	40	static
../Example/User/CM7/Src/smart_watch.c:697:13:DMA2D_Init	24	static
../Example/User/CM7/Src/smart_watch.c:776:13:DMA2D_CopyBuffer	48	static
../Example/User/CM7/Src/smart_watch.c:796:13:SD_Initialize	8	static
