../Example/User/CM7/Src/smart_watch.c:44:6:smart_watch_init	8	static
../Example/User/CM7/Src/smart_watch.c:113:6:smart_watch_process	8	static
../Example/User/CM7/Src/smart_watch.c:138:13:mjpeg_video_processing	32	static
../Example/User/CM7/Src/smart_watch.c:211:13:file_handler	16	static
../Example/User/CM7/Src/smart_watch.c:265:13:user_buttons_handler	4	static
../Example/User/CM7/Src/smart_watch.c:273:13:parameters_reset	4	static
../Example/User/CM7/Src/smart_watch.c:292:13:depth24To16	24	static
../Example/User/CM7/Src/smart_watch.c:340:13:lcd_draw	40	static
../Example/User/CM7/Src/smart_watch.c:390:13:DMA2D_Init	24	static
../Example/User/CM7/Src/smart_watch.c:469:13:DMA2D_CopyBuffer	48	static
../Example/User/CM7/Src/smart_watch.c:489:13:SD_Initialize	8	static
