../Example/User/CM7/Src/smart_watch.c:54:6:smart_watch_init	8	static
../Example/User/CM7/Src/smart_watch.c:100:6:smart_watch_process	8	static
../Example/User/CM7/Src/smart_watch.c:128:13:mjpeg_video_processing	8	static
../Example/User/CM7/Src/smart_watch.c:152:13:clock_setting	8	static
../Example/User/CM7/Src/smart_watch.c:286:13:clock_normal	40	static
../Example/User/CM7/Src/smart_watch.c:373:13:show_frame	48	static
../Example/User/CM7/Src/smart_watch.c:440:13:file_handler	32	static
../Example/User/CM7/Src/smart_watch.c:499:13:user_buttons_handler	8	static
../Example/User/CM7/Src/smart_watch.c:540:13:battery_management	16	static,ignoring_inline_asm
../Example/User/CM7/Src/smart_watch.c:597:13:parameters_reset	4	static
../Example/User/CM7/Src/smart_watch.c:630:13:depth24To16	24	static
../Example/User/CM7/Src/smart_watch.c:678:13:lcd_draw	40	static
../Example/User/CM7/Src/smart_watch.c:728:13:DMA2D_Init	24	static
../Example/User/CM7/Src/smart_watch.c:807:13:DMA2D_CopyBuffer	48	static
../Example/User/CM7/Src/smart_watch.c:827:13:SD_Initialize	8	static
../Example/User/CM7/Src/smart_watch.c:835:6:HAL_GPIO_EXTI_Callback	16	static
