../Example/User/CM7/Src/smart_watch.c:46:6:smart_watch_init	8	static
../Example/User/CM7/Src/smart_watch.c:117:6:smart_watch_process	8	static
../Example/User/CM7/Src/smart_watch.c:142:13:mjpeg_video_processing	8	static
../Example/User/CM7/Src/smart_watch.c:166:13:clock_setting	8	static
../Example/User/CM7/Src/smart_watch.c:282:13:clock_normal	32	static
../Example/User/CM7/Src/smart_watch.c:354:13:show_frame	48	static
../Example/User/CM7/Src/smart_watch.c:420:13:file_handler	24	static
../Example/User/CM7/Src/smart_watch.c:479:13:user_buttons_handler	8	static
../Example/User/CM7/Src/smart_watch.c:517:13:parameters_reset	4	static
../Example/User/CM7/Src/smart_watch.c:540:13:depth24To16	24	static
../Example/User/CM7/Src/smart_watch.c:588:13:lcd_draw	40	static
../Example/User/CM7/Src/smart_watch.c:638:13:DMA2D_Init	24	static
../Example/User/CM7/Src/smart_watch.c:717:13:DMA2D_CopyBuffer	48	static
../Example/User/CM7/Src/smart_watch.c:737:13:SD_Initialize	8	static
