../Example/User/CM7/Src/smart_watch.c:46:6:smart_watch_init	8	static
../Example/User/CM7/Src/smart_watch.c:117:6:smart_watch_process	8	static
../Example/User/CM7/Src/smart_watch.c:142:13:mjpeg_video_processing	8	static
../Example/User/CM7/Src/smart_watch.c:166:13:clock_setting	8	static
../Example/User/CM7/Src/smart_watch.c:309:13:clock_normal	32	static
../Example/User/CM7/Src/smart_watch.c:382:13:show_frame	48	static
../Example/User/CM7/Src/smart_watch.c:447:13:file_handler	24	static
../Example/User/CM7/Src/smart_watch.c:506:13:user_buttons_handler	8	static
../Example/User/CM7/Src/smart_watch.c:544:13:parameters_reset	4	static
../Example/User/CM7/Src/smart_watch.c:567:13:depth24To16	24	static
../Example/User/CM7/Src/smart_watch.c:615:13:lcd_draw	40	static
../Example/User/CM7/Src/smart_watch.c:665:13:DMA2D_Init	24	static
../Example/User/CM7/Src/smart_watch.c:744:13:DMA2D_CopyBuffer	48	static
../Example/User/CM7/Src/smart_watch.c:764:13:SD_Initialize	8	static
