../Example/User/CM7/Src/smart_watch.c:52:6:smart_watch_init	8	static
../Example/User/CM7/Src/smart_watch.c:124:6:smart_watch_process	8	static
../Example/User/CM7/Src/smart_watch.c:152:13:mjpeg_video_processing	8	static
../Example/User/CM7/Src/smart_watch.c:176:13:clock_setting	8	static
../Example/User/CM7/Src/smart_watch.c:336:13:clock_normal	40	static
../Example/User/CM7/Src/smart_watch.c:430:13:show_frame	48	static
../Example/User/CM7/Src/smart_watch.c:495:13:file_handler	24	static
../Example/User/CM7/Src/smart_watch.c:552:13:user_buttons_handler	16	static
../Example/User/CM7/Src/smart_watch.c:623:13:battery_management	8	static
../Example/User/CM7/Src/smart_watch.c:645:13:parameters_reset	4	static
../Example/User/CM7/Src/smart_watch.c:676:13:depth24To16	24	static
../Example/User/CM7/Src/smart_watch.c:724:13:lcd_draw	40	static
../Example/User/CM7/Src/smart_watch.c:774:13:DMA2D_Init	24	static
../Example/User/CM7/Src/smart_watch.c:853:13:DMA2D_CopyBuffer	48	static
../Example/User/CM7/Src/smart_watch.c:873:13:SD_Initialize	8	static
