../Example/User/CM7/Src/smart_watch.c:42:6:smart_watch_init	8	static
../Example/User/CM7/Src/smart_watch.c:109:6:smart_watch_process	8	static
../Example/User/CM7/Src/smart_watch.c:134:13:mjpeg_video_processing	32	static
../Example/User/CM7/Src/smart_watch.c:222:13:file_handler	16	static
../Example/User/CM7/Src/smart_watch.c:275:13:depth24To16	24	static
../Example/User/CM7/Src/smart_watch.c:323:13:lcd_draw	40	static
../Example/User/CM7/Src/smart_watch.c:373:13:DMA2D_Init	24	static
../Example/User/CM7/Src/smart_watch.c:452:13:DMA2D_CopyBuffer	48	static
../Example/User/CM7/Src/smart_watch.c:472:13:SD_Initialize	8	static
