Archive member included to satisfy reference by file (symbol)

D:/ST/STM32CubeIDE_1.15.1/STM32CubeIDE/plugins/com.st.stm32cube.ide.mcu.externaltools.gnu-tools-for-stm32.12.3.rel1.win32_1.0.200.202406191623/tools/bin/../lib/gcc/arm-none-eabi/12.3.1/../../../../arm-none-eabi/lib/thumb/v7e-m+dp/hard\libc_nano.a(libc_a-exit.o)
                              D:/ST/STM32CubeIDE_1.15.1/STM32CubeIDE/plugins/com.st.stm32cube.ide.mcu.externaltools.gnu-tools-for-stm32.12.3.rel1.win32_1.0.200.202406191623/tools/bin/../lib/gcc/arm-none-eabi/12.3.1/../../../../arm-none-eabi/lib/thumb/v7e-m+dp/hard/crt0.o (exit)
D:/ST/STM32CubeIDE_1.15.1/STM32CubeIDE/plugins/com.st.stm32cube.ide.mcu.externaltools.gnu-tools-for-stm32.12.3.rel1.win32_1.0.200.202406191623/tools/bin/../lib/gcc/arm-none-eabi/12.3.1/../../../../arm-none-eabi/lib/thumb/v7e-m+dp/hard\libc_nano.a(libc_a-findfp.o)
                              D:/ST/STM32CubeIDE_1.15.1/STM32CubeIDE/plugins/com.st.stm32cube.ide.mcu.externaltools.gnu-tools-for-stm32.12.3.rel1.win32_1.0.200.202406191623/tools/bin/../lib/gcc/arm-none-eabi/12.3.1/../../../../arm-none-eabi/lib/thumb/v7e-m+dp/hard\libc_nano.a(libc_a-exit.o) (__stdio_exit_handler)
D:/ST/STM32CubeIDE_1.15.1/STM32CubeIDE/plugins/com.st.stm32cube.ide.mcu.externaltools.gnu-tools-for-stm32.12.3.rel1.win32_1.0.200.202406191623/tools/bin/../lib/gcc/arm-none-eabi/12.3.1/../../../../arm-none-eabi/lib/thumb/v7e-m+dp/hard\libc_nano.a(libc_a-fwalk.o)
                              D:/ST/STM32CubeIDE_1.15.1/STM32CubeIDE/plugins/com.st.stm32cube.ide.mcu.externaltools.gnu-tools-for-stm32.12.3.rel1.win32_1.0.200.202406191623/tools/bin/../lib/gcc/arm-none-eabi/12.3.1/../../../../arm-none-eabi/lib/thumb/v7e-m+dp/hard\libc_nano.a(libc_a-findfp.o) (_fwalk_sglue)
D:/ST/STM32CubeIDE_1.15.1/STM32CubeIDE/plugins/com.st.stm32cube.ide.mcu.externaltools.gnu-tools-for-stm32.12.3.rel1.win32_1.0.200.202406191623/tools/bin/../lib/gcc/arm-none-eabi/12.3.1/../../../../arm-none-eabi/lib/thumb/v7e-m+dp/hard\libc_nano.a(libc_a-snprintf.o)
                              ./Core/Src/main.o (snprintf)
D:/ST/STM32CubeIDE_1.15.1/STM32CubeIDE/plugins/com.st.stm32cube.ide.mcu.externaltools.gnu-tools-for-stm32.12.3.rel1.win32_1.0.200.202406191623/tools/bin/../lib/gcc/arm-none-eabi/12.3.1/../../../../arm-none-eabi/lib/thumb/v7e-m+dp/hard\libc_nano.a(libc_a-stdio.o)
                              D:/ST/STM32CubeIDE_1.15.1/STM32CubeIDE/plugins/com.st.stm32cube.ide.mcu.externaltools.gnu-tools-for-stm32.12.3.rel1.win32_1.0.200.202406191623/tools/bin/../lib/gcc/arm-none-eabi/12.3.1/../../../../arm-none-eabi/lib/thumb/v7e-m+dp/hard\libc_nano.a(libc_a-findfp.o) (__sread)
D:/ST/STM32CubeIDE_1.15.1/STM32CubeIDE/plugins/com.st.stm32cube.ide.mcu.externaltools.gnu-tools-for-stm32.12.3.rel1.win32_1.0.200.202406191623/tools/bin/../lib/gcc/arm-none-eabi/12.3.1/../../../../arm-none-eabi/lib/thumb/v7e-m+dp/hard\libc_nano.a(libc_a-memset.o)
                              D:/ST/STM32CubeIDE_1.15.1/STM32CubeIDE/plugins/com.st.stm32cube.ide.mcu.externaltools.gnu-tools-for-stm32.12.3.rel1.win32_1.0.200.202406191623/tools/bin/../lib/gcc/arm-none-eabi/12.3.1/../../../../arm-none-eabi/lib/thumb/v7e-m+dp/hard/crt0.o (memset)
D:/ST/STM32CubeIDE_1.15.1/STM32CubeIDE/plugins/com.st.stm32cube.ide.mcu.externaltools.gnu-tools-for-stm32.12.3.rel1.win32_1.0.200.202406191623/tools/bin/../lib/gcc/arm-none-eabi/12.3.1/../../../../arm-none-eabi/lib/thumb/v7e-m+dp/hard\libc_nano.a(libc_a-closer.o)
                              D:/ST/STM32CubeIDE_1.15.1/STM32CubeIDE/plugins/com.st.stm32cube.ide.mcu.externaltools.gnu-tools-for-stm32.12.3.rel1.win32_1.0.200.202406191623/tools/bin/../lib/gcc/arm-none-eabi/12.3.1/../../../../arm-none-eabi/lib/thumb/v7e-m+dp/hard\libc_nano.a(libc_a-stdio.o) (_close_r)
D:/ST/STM32CubeIDE_1.15.1/STM32CubeIDE/plugins/com.st.stm32cube.ide.mcu.externaltools.gnu-tools-for-stm32.12.3.rel1.win32_1.0.200.202406191623/tools/bin/../lib/gcc/arm-none-eabi/12.3.1/../../../../arm-none-eabi/lib/thumb/v7e-m+dp/hard\libc_nano.a(libc_a-reent.o)
                              D:/ST/STM32CubeIDE_1.15.1/STM32CubeIDE/plugins/com.st.stm32cube.ide.mcu.externaltools.gnu-tools-for-stm32.12.3.rel1.win32_1.0.200.202406191623/tools/bin/../lib/gcc/arm-none-eabi/12.3.1/../../../../arm-none-eabi/lib/thumb/v7e-m+dp/hard\libc_nano.a(libc_a-closer.o) (errno)
D:/ST/STM32CubeIDE_1.15.1/STM32CubeIDE/plugins/com.st.stm32cube.ide.mcu.externaltools.gnu-tools-for-stm32.12.3.rel1.win32_1.0.200.202406191623/tools/bin/../lib/gcc/arm-none-eabi/12.3.1/../../../../arm-none-eabi/lib/thumb/v7e-m+dp/hard\libc_nano.a(libc_a-impure.o)
                              D:/ST/STM32CubeIDE_1.15.1/STM32CubeIDE/plugins/com.st.stm32cube.ide.mcu.externaltools.gnu-tools-for-stm32.12.3.rel1.win32_1.0.200.202406191623/tools/bin/../lib/gcc/arm-none-eabi/12.3.1/../../../../arm-none-eabi/lib/thumb/v7e-m+dp/hard\libc_nano.a(libc_a-snprintf.o) (_impure_ptr)
[...]
Memory Configuration

Name             Origin             Length             Attributes
ITCMRAM          0x00000000         0x00010000         xrw
FLASH            0x08000000         0x00020000         xr
DTCMRAM1         0x20000000         0x00010000         xrw
DTCMRAM2         0x20010000         0x00010000         xrw
RAM              0x24000000         0x00100000         xrw
RAM_CD           0x30000000         0x00020000         xrw
RAM_SRD          0x38000000         0x00008000         xrw
*default*        0x00000000         0xffffffff

Linker script and memory map

LOAD D:/ST/STM32CubeIDE_1.15.1/STM32CubeIDE/plugins/com.st.stm32cube.ide.mcu.externaltools.gnu-tools-for-stm32.12.3.rel1.win32_1.0.200.202406191623/tools/bin/../lib/gcc/arm-none-eabi/12.3.1/thumb/v7e-m+dp/hard/crti.o
LOAD D:/ST/STM32CubeIDE_1.15.1/STM32CubeIDE/plugins/com.st.stm32cube.ide.mcu.externaltools.gnu-tools-for-stm32.12.3.rel1.win32_1.0.200.202406191623/tools/bin/../lib/gcc/arm-none-eabi/12.3.1/thumb/v7e-m+dp/hard/crtbegin.o
LOAD D:/ST/STM32CubeIDE_1.15.1/STM32CubeIDE/plugins/com.st.stm32cube.ide.mcu.externaltools.gnu-tools-for-stm32.12.3.rel1.win32_1.0.200.202406191623/tools/bin/../lib/gcc/arm-none-eabi/12.3.1/../../../../arm-none-eabi/lib/thumb/v7e-m+dp/hard/crt0.o
LOAD ./Core/Src/AVI_parser.o
LOAD ./Core/Src/FXLS8974C.o
LOAD ./Core/Src/GC9A01.o
LOAD ./Core/Src/decode_dma.o
LOAD ./Core/Src/main.o
LOAD ./Core/Src/smart_watch.o
LOAD ./Core/Src/stm32h7xx_hal_msp.o
LOAD ./Core/Src/stm32h7xx_it.o
LOAD ./Core/Src/syscalls.o
LOAD ./Core/Src/sysmem.o
LOAD ./Core/Src/system_stm32h7xx.o
LOAD ./Core/Startup/startup_stm32h7b0rbtx.o
LOAD ./Drivers/STM32H7xx_HAL_Driver/Src/stm32h7xx_hal.o
LOAD ./Drivers/STM32H7xx_HAL_Driver/Src/stm32h7xx_hal_cortex.o
LOAD ./Drivers/STM32H7xx_HAL_Driver/Src/stm32h7xx_hal_dma.o
LOAD ./Drivers/STM32H7xx_HAL_Driver/Src/stm32h7xx_hal_dma2d.o
LOAD ./Drivers/STM32H7xx_HAL_Driver/Src/stm32h7xx_hal_dma_ex.o
LOAD ./Drivers/STM32H7xx_HAL_Driver/Src/stm32h7xx_hal_exti.o
LOAD ./Drivers/STM32H7xx_HAL_Driver/Src/stm32h7xx_hal_flash.o
LOAD ./Drivers/STM32H7xx_HAL_Driver/Src/stm32h7xx_hal_flash_ex.o
LOAD ./Drivers/STM32H7xx_HAL_Driver/Src/stm32h7xx_hal_gpio.o
LOAD ./Drivers/STM32H7xx_HAL_Driver/Src/stm32h7xx_hal_hsem.o
LOAD ./Drivers/STM32H7xx_HAL_Driver/Src/stm32h7xx_hal_i2c.o
LOAD ./Drivers/STM32H7xx_HAL_Driver/Src/stm32h7xx_hal_i2c_ex.o
LOAD ./Drivers/STM32H7xx_HAL_Driver/Src/stm32h7xx_hal_iwdg.o
LOAD ./Drivers/STM32H7xx_HAL_Driver/Src/stm32h7xx_hal_jpeg.o
LOAD ./Drivers/STM32H7xx_HAL_Driver/Src/stm32h7xx_hal_mdma.o
LOAD ./Drivers/STM32H7xx_HAL_Driver/Src/stm32h7xx_hal_pwr.o
LOAD ./Drivers/STM32H7xx_HAL_Driver/Src/stm32h7xx_hal_pwr_ex.o
LOAD ./Drivers/STM32H7xx_HAL_Driver/Src/stm32h7xx_hal_rcc.o
LOAD ./Drivers/STM32H7xx_HAL_Driver/Src/stm32h7xx_hal_rcc_ex.o
LOAD ./Drivers/STM32H7xx_HAL_Driver/Src/stm32h7xx_hal_rtc.o
LOAD ./Drivers/STM32H7xx_HAL_Driver/Src/stm32h7xx_hal_rtc_ex.o
LOAD ./Drivers/STM32H7xx_HAL_Driver/Src/stm32h7xx_hal_sd.o
LOAD ./Drivers/STM32H7xx_HAL_Driver/Src/stm32h7xx_hal_sd_ex.o
LOAD ./Drivers/STM32H7xx_HAL_Driver/Src/stm32h7xx_hal_spi.o
LOAD ./Drivers/STM32H7xx_HAL_Driver/Src/stm32h7xx_hal_spi_ex.o
LOAD ./Drivers/STM32H7xx_HAL_Driver/Src/stm32h7xx_hal_tim.o
LOAD ./Drivers/STM32H7xx_HAL_Driver/Src/stm32h7xx_hal_tim_ex.o
LOAD ./Drivers/STM32H7xx_HAL_Driver/Src/stm32h7xx_ll_delayblock.o
LOAD ./Drivers/STM32H7xx_HAL_Driver/Src/stm32h7xx_ll_sdmmc.o
LOAD ./FATFS/App/fatfs.o
LOAD ./FATFS/Target/bsp_driver_sd.o
LOAD ./FATFS/Target/fatfs_platform.o
LOAD ./FATFS/Target/sd_diskio.o
LOAD ./Middlewares/Third_Party/FatFs/src/diskio.o
LOAD ./Middlewares/Third_Party/FatFs/src/ff.o
LOAD ./Middlewares/Third_Party/FatFs/src/ff_gen_drv.o
LOAD ./Middlewares/Third_Party/FatFs/src/option/syscall.o
LOAD ./Utilities/JPEG/jpeg_utils.o
LOAD D:\Andrea\Embedded\repositories\Smart-Watch\digital_watch_v02\Lib\libarm_cortexM7lfsp_math.a
START GROUP
LOAD D:/ST/STM32CubeIDE_1.15.1/STM32CubeIDE/plugins/com.st.stm32cube.ide.mcu.externaltools.gnu-tools-for-stm32.12.3.rel1.win32_1.0.200.202406191623/tools/bin/../lib/gcc/arm-none-eabi/12.3.1/../../../../arm-none-eabi/lib/thumb/v7e-m+dp/hard\libc_nano.a
LOAD D:/ST/STM32CubeIDE_1.15.1/STM32CubeIDE/plugins/com.st.stm32cube.ide.mcu.externaltools.gnu-tools-for-stm32.12.3.rel1.win32_1.0.200.202406191623/tools/bin/../lib/gcc/arm-none-eabi/12.3.1/../../../../arm-none-eabi/lib/thumb/v7e-m+dp/hard\libm.a
END GROUP
START GROUP
LOAD D:/ST/STM32CubeIDE_1.15.1/STM32CubeIDE/plugins/com.st.stm32cube.ide.mcu.externaltools.gnu-tools-for-stm32.12.3.rel1.win32_1.0.200.202406191623/tools/bin/../lib/gcc/arm-none-eabi/12.3.1/thumb/v7e-m+dp/hard\libgcc.a
LOAD D:/ST/STM32CubeIDE_1.15.1/STM32CubeIDE/plugins/com.st.stm32cube.ide.mcu.externaltools.gnu-tools-for-stm32.12.3.rel1.win32_1.0.200.202406191623/tools/bin/../lib/gcc/arm-none-eabi/12.3.1/../../../../arm-none-eabi/lib/thumb/v7e-m+dp/hard\libc_nano.a
END GROUP
START GROUP
LOAD D:/ST/STM32CubeIDE_1.15.1/STM32CubeIDE/plugins/com.st.stm32cube.ide.mcu.externaltools.gnu-tools-for-stm32.12.3.rel1.win32_1.0.200.202406191623/tools/bin/../lib/gcc/arm-none-eabi/12.3.1/thumb/v7e-m+dp/hard\libgcc.a
LOAD D:/ST/STM32CubeIDE_1.15.1/STM32CubeIDE/plugins/com.st.stm32cube.ide.mcu.externaltools.gnu-tools-for-stm32.12.3.rel1.win32_1.0.200.202406191623/tools/bin/../lib/gcc/arm-none-eabi/12.3.1/../../../../arm-none-eabi/lib/thumb/v7e-m+dp/hard\libc_nano.a
LOAD D:/ST/STM32CubeIDE_1.15.1/STM32CubeIDE/plugins/com.st.stm32cube.ide.mcu.externaltools.gnu-tools-for-stm32.12.3.rel1.win32_1.0.200.202406191623/tools/bin/../lib/gcc/arm-none-eabi/12.3.1/../../../../arm-none-eabi/lib/thumb/v7e-m+dp/hard\libnosys.a
END GROUP
START GROUP
LOAD D:/ST/STM32CubeIDE_1.15.1/STM32CubeIDE/plugins/com.st.stm32cube.ide.mcu.externaltools.gnu-tools-for-stm32.12.3.rel1.win32_1.0.200.202406191623/tools/bin/../lib/gcc/arm-none-eabi/12.3.1/thumb/v7e-m+dp/hard\libgcc.a
LOAD D:/ST/STM32CubeIDE_1.15.1/STM32CubeIDE/plugins/com.st.stm32cube.ide.mcu.externaltools.gnu-tools-for-stm32.12.3.rel1.win32_1.0.200.202406191623/tools/bin/../lib/gcc/arm-none-eabi/12.3.1/../../../../arm-none-eabi/lib/thumb/v7e-m+dp/hard\libc_nano.a
LOAD D:/ST/STM32CubeIDE_1.15.1/STM32CubeIDE/plugins/com.st.stm32cube.ide.mcu.externaltools.gnu-tools-for-stm32.12.3.rel1.win32_1.0.200.202406191623/tools/bin/../lib/gcc/arm-none-eabi/12.3.1/../../../../arm-none-eabi/lib/thumb/v7e-m+dp/hard\libnosys.a
END GROUP
LOAD D:/ST/STM32CubeIDE_1.15.1/STM32CubeIDE/plugins/com.st.stm32cube.ide.mcu.externaltools.gnu-tools-for-stm32.12.3.rel1.win32_1.0.200.202406191623/tools/bin/../lib/gcc/arm-none-eabi/12.3.1/thumb/v7e-m+dp/hard/crtend.o
LOAD D:/ST/STM32CubeIDE_1.15.1/STM32CubeIDE/plugins/com.st.stm32cube.ide.mcu.externaltools.gnu-tools-for-stm32.12.3.rel1.win32_1.0.200.202406191623/tools/bin/../lib/gcc/arm-none-eabi/12.3.1/thumb/v7e-m+dp/hard/crtn.o
                0x24100000                        _estack = (ORIGIN (RAM) + LENGTH (RAM))
                0x00000400                        _Min_Heap_Size = 0x400
                0x00000800                        _Min_Stack_Size = 0x800

.isr_vector     0x08000000      0x2ac
                0x08000000                        . = ALIGN (0x4)
 *(.isr_vector)
 .isr_vector    0x08000000      0x2ac ./Core/Startup/startup_stm32h7b0rbtx.o
                0x08000000                g_pfnVectors
                0x080002ac                        . = ALIGN (0x4)

.text           0x080002b0     0xcddc
                0x080002b0                        . = ALIGN (0x4)
 *(.text)
 .text          0x080002b0       0x40 D:/ST/STM32CubeIDE_1.15.1/STM32CubeIDE/plugins/com.st.stm32cube.ide.mcu.externaltools.gnu-tools-for-stm32.12.3.rel1.win32_1.0.200.202406191623/tools/bin/../lib/gcc/arm-none-eabi/12.3.1/thumb/v7e-m+dp/hard/crtbegin.o
 .text          0x080002f0       0x10 D:/ST/STM32CubeIDE_1.15.1/STM32CubeIDE/plugins/com.st.stm32cube.ide.mcu.externaltools.gnu-tools-for-stm32.12.3.rel1.win32_1.0.200.202406191623/tools/bin/../lib/gcc/arm-none-eabi/12.3.1/../../../../arm-none-eabi/lib/thumb/v7e-m+dp/hard\libc_nano.a(libc_a-strlen.o)
                0x080002f0                strlen
 .text          0x08000300       0xa0 D:/ST/STM32CubeIDE_1.15.1/STM32CubeIDE/plugins/com.st.stm32cube.ide.mcu.externaltools.gnu-tools-for-stm32.12.3.rel1.win32_1.0.200.202406191623/tools/bin/../lib/gcc/arm-none-eabi/12.3.1/../../../../arm-none-eabi/lib/thumb/v7e-m+dp/hard\libc_nano.a(libc_a-memchr.o)
                0x08000300                memchr
 *(.text*)
 .text.FXLS8974_I2C_Init
                0x080003a0       0x68 ./Core/Src/FXLS8974C.o
                0x080003a0                FXLS8974_I2C_Init
 .text.FXLS8974_I2C_Configure
                0x08000408      0x1d0 ./Core/Src/FXLS8974C.o
                0x08000408                FXLS8974_I2C_Configure
 .text.FXLS8974_I2C_ReadData
                0x080005d8      0x180 ./Core/Src/FXLS8974C.o
                0x080005d8                FXLS8974_I2C_ReadData
 .text.GC9A01_write_data.constprop.0.isra.0
                0x08000758       0x94 ./Core/Src/GC9A01.o
 .text.GC9A01_set_data_command
                0x080007ec       0x30 ./Core/Src/GC9A01.o
                0x080007ec                GC9A01_set_data_command
 .text.GC9A01_set_chip_select
                0x0800081c       0x3c ./Core/Src/GC9A01.o
                0x0800081c                GC9A01_set_chip_select
 .text.GC9A01_write_command
                0x08000858       0xa4 ./Core/Src/GC9A01.o
                0x08000858                GC9A01_write_command
 .text.GC9A01_write_data
                0x080008fc       0xa0 ./Core/Src/GC9A01.o
                0x080008fc                GC9A01_write_data
 .text.GC9A01_Init
                0x0800099c      0x8cc ./Core/Src/GC9A01.o
                0x0800099c                GC9A01_Init
 .text.GC9A01_set_frame
                0x08001268       0x80 ./Core/Src/GC9A01.o
                0x08001268                GC9A01_set_frame
 .text.GC9A01_spi_tx
                0x080012e8       0x58 ./Core/Src/GC9A01.o
                0x080012e8                GC9A01_spi_tx
 .text.HAL_JPEG_InfoReadyCallback
                0x08001340        0x4 ./Core/Src/decode_dma.o
                0x08001340                HAL_JPEG_InfoReadyCallback
 .text.HAL_JPEG_GetDataCallback
                0x08001344       0x48 ./Core/Src/decode_dma.o
                0x08001344                HAL_JPEG_GetDataCallback
 .text.HAL_JPEG_DataReadyCallback
                0x0800138c       0x1c ./Core/Src/decode_dma.o
                0x0800138c                HAL_JPEG_DataReadyCallback
 .text.HAL_JPEG_DecodeCpltCallback
                0x080013a8        0xc ./Core/Src/decode_dma.o
                0x080013a8                HAL_JPEG_DecodeCpltCallback
 .text.print_log.isra.0
                0x080013b4       0x80 ./Core/Src/main.o
 .text.SystemClock_Config
                0x08001434       0xc0 ./Core/Src/main.o
                0x08001434                SystemClock_Config
 .text.startup.main
                0x080014f4      0x3bc ./Core/Src/main.o
                0x080014f4                main
 .text.Error_Handler
                0x080018b0        0x4 ./Core/Src/main.o
                0x080018b0                Error_Handler
 .text.smart_watch_init
                0x080018b4       0x68 ./Core/Src/smart_watch.o
                0x080018b4                smart_watch_init
 .text.lcd_draw
                0x0800191c       0x54 ./Core/Src/smart_watch.o
                0x0800191c                lcd_draw
 .text.smart_watch_test_accelerometer
                0x08001970       0x2c ./Core/Src/smart_watch.o
                0x08001970                smart_watch_test_accelerometer
 .text.HAL_GPIO_EXTI_Callback
                0x0800199c       0x64 ./Core/Src/smart_watch.o
                0x0800199c                HAL_GPIO_EXTI_Callback
 .text.HAL_SPI_TxCpltCallback
                0x08001a00        0xc ./Core/Src/smart_watch.o
                0x08001a00                HAL_SPI_TxCpltCallback
 .text.HAL_MspInit
                0x08001a0c       0x24 ./Core/Src/stm32h7xx_hal_msp.o
                0x08001a0c                HAL_MspInit
 .text.HAL_DMA2D_MspInit
                0x08001a30       0x34 ./Core/Src/stm32h7xx_hal_msp.o
                0x08001a30                HAL_DMA2D_MspInit
 .text.HAL_JPEG_MspInit
                0x08001a64      0x100 ./Core/Src/stm32h7xx_hal_msp.o
                0x08001a64                HAL_JPEG_MspInit
 .text.HAL_SD_MspInit
                0x08001b64      0x124 ./Core/Src/stm32h7xx_hal_msp.o
                0x08001b64                HAL_SD_MspInit
 .text.HAL_SPI_MspInit
                0x08001c88       0xf0 ./Core/Src/stm32h7xx_hal_msp.o
                0x08001c88                HAL_SPI_MspInit
 .text.HAL_RTC_MspInit
                0x08001d78       0x58 ./Core/Src/stm32h7xx_hal_msp.o
                0x08001d78                HAL_RTC_MspInit
 .text.NMI_Handler
                0x08001dd0        0x4 ./Core/Src/stm32h7xx_it.o
                0x08001dd0                NMI_Handler
 .text.HardFault_Handler
                0x08001dd4        0x4 ./Core/Src/stm32h7xx_it.o
                0x08001dd4                HardFault_Handler
 .text.MemManage_Handler
                0x08001dd8        0x4 ./Core/Src/stm32h7xx_it.o
                0x08001dd8                MemManage_Handler
 .text.BusFault_Handler
                0x08001ddc        0x4 ./Core/Src/stm32h7xx_it.o
                0x08001ddc                BusFault_Handler
 .text.UsageFault_Handler
                0x08001de0        0x4 ./Core/Src/stm32h7xx_it.o
                0x08001de0                UsageFault_Handler
 .text.SVC_Handler
                0x08001de4        0x4 ./Core/Src/stm32h7xx_it.o
                0x08001de4                SVC_Handler
 .text.DebugMon_Handler
                0x08001de8        0x4 ./Core/Src/stm32h7xx_it.o
                0x08001de8                DebugMon_Handler
 .text.PendSV_Handler
                0x08001dec        0x4 ./Core/Src/stm32h7xx_it.o
                0x08001dec                PendSV_Handler
 .text.SysTick_Handler
                0x08001df0        0x4 ./Core/Src/stm32h7xx_it.o
                0x08001df0                SysTick_Handler
 .text.JPEG_IRQHandler
                0x08001df4        0xc ./Core/Src/stm32h7xx_it.o
                0x08001df4                JPEG_IRQHandler
 .text.MDMA_IRQHandler
                0x08001e00       0x18 ./Core/Src/stm32h7xx_it.o
                0x08001e00                MDMA_IRQHandler
 .text.DMA1_Stream0_IRQHandler
                0x08001e18        0xc ./Core/Src/stm32h7xx_it.o
                0x08001e18                DMA1_Stream0_IRQHandler
 .text.SPI1_IRQHandler
                0x08001e24        0xc ./Core/Src/stm32h7xx_it.o
                0x08001e24                SPI1_IRQHandler
 .text.EXTI0_IRQHandler
                0x08001e30        0x8 ./Core/Src/stm32h7xx_it.o
                0x08001e30                EXTI0_IRQHandler
 .text.EXTI1_IRQHandler
                0x08001e38        0x8 ./Core/Src/stm32h7xx_it.o
                0x08001e38                EXTI1_IRQHandler
 .text.EXTI2_IRQHandler
                0x08001e40        0x8 ./Core/Src/stm32h7xx_it.o
                0x08001e40                EXTI2_IRQHandler
 .text._sbrk    0x08001e48       0x48 ./Core/Src/sysmem.o
                0x08001e48                _sbrk
 .text.SystemInit
                0x08001e90       0xac ./Core/Src/system_stm32h7xx.o
                0x08001e90                SystemInit
 .text.Reset_Handler
                0x08001f3c       0x50 ./Core/Startup/startup_stm32h7b0rbtx.o
                0x08001f3c                Reset_Handler
 .text.Default_Handler
                0x08001f8c        0x2 ./Core/Startup/startup_stm32h7b0rbtx.o
                0x08001f8c                RTC_Alarm_IRQHandler
                0x08001f8c                HASH_RNG_IRQHandler
                0x08001f8c                TIM8_CC_IRQHandler
                0x08001f8c                UART8_IRQHandler
                0x08001f8c                BDMA2_Channel1_IRQHandler
                0x08001f8c                SPI4_IRQHandler
                0x08001f8c                BDMA2_Channel0_IRQHandler
                0x08001f8c                TIM1_CC_IRQHandler
                0x08001f8c                DMA2_Stream5_IRQHandler
                0x08001f8c                DMA1_Stream5_IRQHandler
                0x08001f8c                EXTI3_IRQHandler
                0x08001f8c                LPTIM4_IRQHandler
                0x08001f8c                TIM8_TRG_COM_TIM14_IRQHandler
                0x08001f8c                LPTIM2_IRQHandler
                0x08001f8c                DFSDM1_FLT1_IRQHandler
                0x08001f8c                DMAMUX2_OVR_IRQHandler
                0x08001f8c                GFXMMU_IRQHandler
                0x08001f8c                TIM8_UP_TIM13_IRQHandler
                0x08001f8c                I2C3_ER_IRQHandler
                0x08001f8c                DFSDM1_FLT2_IRQHandler
                0x08001f8c                USART10_IRQHandler
                0x08001f8c                LPTIM3_IRQHandler
                0x08001f8c                BDMA2_Channel3_IRQHandler
                0x08001f8c                HSEM1_IRQHandler
                0x08001f8c                I2C2_EV_IRQHandler
                0x08001f8c                DAC2_IRQHandler
                0x08001f8c                DMA1_Stream2_IRQHandler
                0x08001f8c                FPU_IRQHandler
                0x08001f8c                OTG_HS_WKUP_IRQHandler
                0x08001f8c                FDCAN1_IT1_IRQHandler
                0x08001f8c                LTDC_ER_IRQHandler
                0x08001f8c                DMA2_Stream2_IRQHandler
                0x08001f8c                OCTOSPI1_IRQHandler
                0x08001f8c                TIM6_DAC_IRQHandler
                0x08001f8c                BDMA2_Channel6_IRQHandler
                0x08001f8c                DMA2_Stream3_IRQHandler
                0x08001f8c                OCTOSPI2_IRQHandler
                0x08001f8c                SAI2_IRQHandler
                0x08001f8c                BDMA1_IRQHandler
                0x08001f8c                DFSDM1_FLT3_IRQHandler
                0x08001f8c                USART6_IRQHandler
                0x08001f8c                TIM17_IRQHandler
                0x08001f8c                USART3_IRQHandler
                0x08001f8c                CRYP_IRQHandler
                0x08001f8c                LPTIM5_IRQHandler
                0x08001f8c                UART5_IRQHandler
                0x08001f8c                DMA2_Stream0_IRQHandler
                0x08001f8c                TIM4_IRQHandler
                0x08001f8c                I2C1_EV_IRQHandler
                0x08001f8c                DMA1_Stream6_IRQHandler
                0x08001f8c                DMAMUX1_OVR_IRQHandler
                0x08001f8c                DMA1_Stream1_IRQHandler
                0x08001f8c                TIM16_IRQHandler
                0x08001f8c                UART4_IRQHandler
                0x08001f8c                TIM3_IRQHandler
                0x08001f8c                RCC_IRQHandler
                0x08001f8c                UART9_IRQHandler
                0x08001f8c                TIM8_BRK_TIM12_IRQHandler
                0x08001f8c                TIM1_TRG_COM_IRQHandler
                0x08001f8c                Default_Handler
                0x08001f8c                ECC_IRQHandler
                0x08001f8c                BDMA2_Channel2_IRQHandler
                0x08001f8c                CEC_IRQHandler
                0x08001f8c                EXTI15_10_IRQHandler
                0x08001f8c                DFSDM1_FLT4_IRQHandler
                0x08001f8c                ADC_IRQHandler
                0x08001f8c                OTFDEC1_IRQHandler
                0x08001f8c                DMA1_Stream7_IRQHandler
                0x08001f8c                SPI5_IRQHandler
                0x08001f8c                TIM7_IRQHandler
                0x08001f8c                SDMMC1_IRQHandler
                0x08001f8c                TIM5_IRQHandler
                0x08001f8c                DMA2_Stream7_IRQHandler
                0x08001f8c                TIM15_IRQHandler
                0x08001f8c                I2C3_EV_IRQHandler
                0x08001f8c                DFSDM2_IRQHandler
                0x08001f8c                EXTI9_5_IRQHandler
                0x08001f8c                RTC_WKUP_IRQHandler
                0x08001f8c                LTDC_IRQHandler
                0x08001f8c                SPDIF_RX_IRQHandler
                0x08001f8c                PVD_PVM_IRQHandler
                0x08001f8c                SPI2_IRQHandler
                0x08001f8c                OTG_HS_EP1_IN_IRQHandler
                0x08001f8c                DFSDM1_FLT5_IRQHandler
                0x08001f8c                OTFDEC2_IRQHandler
                0x08001f8c                CRS_IRQHandler
                0x08001f8c                EXTI4_IRQHandler
                0x08001f8c                DFSDM1_FLT6_IRQHandler
                0x08001f8c                FDCAN2_IT1_IRQHandler
                0x08001f8c                COMP_IRQHandler
                0x08001f8c                TIM1_UP_IRQHandler
                0x08001f8c                OTG_HS_EP1_OUT_IRQHandler
                0x08001f8c                WWDG_IRQHandler
                0x08001f8c                SPI6_IRQHandler
                0x08001f8c                MDIOS_IRQHandler
                0x08001f8c                I2C4_EV_IRQHandler
                0x08001f8c                FDCAN2_IT0_IRQHandler
                0x08001f8c                LPUART1_IRQHandler
                0x08001f8c                FDCAN1_IT0_IRQHandler
                0x08001f8c                TIM2_IRQHandler
                0x08001f8c                BDMA2_Channel5_IRQHandler
                0x08001f8c                OTG_HS_IRQHandler
                0x08001f8c                DMA2D_IRQHandler
                0x08001f8c                TIM1_BRK_IRQHandler
                0x08001f8c                SDMMC2_IRQHandler
                0x08001f8c                DTS_IRQHandler
                0x08001f8c                UART7_IRQHandler
                0x08001f8c                MDIOS_WKUP_IRQHandler
                0x08001f8c                USART2_IRQHandler
                0x08001f8c                DFSDM1_FLT0_IRQHandler
                0x08001f8c                I2C2_ER_IRQHandler
                0x08001f8c                DMA2_Stream1_IRQHandler
                0x08001f8c                DFSDM1_FLT7_IRQHandler
                0x08001f8c                FLASH_IRQHandler
                0x08001f8c                DMA2_Stream4_IRQHandler
                0x08001f8c                USART1_IRQHandler
                0x08001f8c                SPI3_IRQHandler
                0x08001f8c                WAKEUP_PIN_IRQHandler
                0x08001f8c                DMA1_Stream4_IRQHandler
                0x08001f8c                I2C1_ER_IRQHandler
                0x08001f8c                FMC_IRQHandler
                0x08001f8c                BDMA2_Channel7_IRQHandler
                0x08001f8c                FDCAN_CAL_IRQHandler
                0x08001f8c                SWPMI1_IRQHandler
                0x08001f8c                LPTIM1_IRQHandler
                0x08001f8c                DCMI_PSSI_IRQHandler
                0x08001f8c                I2C4_ER_IRQHandler
                0x08001f8c                DMA2_Stream6_IRQHandler
                0x08001f8c                SAI1_IRQHandler
                0x08001f8c                DMA1_Stream3_IRQHandler
                0x08001f8c                RTC_TAMP_STAMP_CSS_LSE_IRQHandler
                0x08001f8c                BDMA2_Channel4_IRQHandler
 *fill*         0x08001f8e        0x2 
 .text.HAL_InitTick
                0x08001f90       0x4c ./Drivers/STM32H7xx_HAL_Driver/Src/stm32h7xx_hal.o
                0x08001f90                HAL_InitTick
 .text.HAL_Init
                0x08001fdc       0x60 ./Drivers/STM32H7xx_HAL_Driver/Src/stm32h7xx_hal.o
                0x08001fdc                HAL_Init
 .text.HAL_IncTick
                0x0800203c       0x18 ./Drivers/STM32H7xx_HAL_Driver/Src/stm32h7xx_hal.o
                0x0800203c                HAL_IncTick
 .text.HAL_GetTick
                0x08002054        0xc ./Drivers/STM32H7xx_HAL_Driver/Src/stm32h7xx_hal.o
                0x08002054                HAL_GetTick
 .text.HAL_Delay
                0x08002060       0x24 ./Drivers/STM32H7xx_HAL_Driver/Src/stm32h7xx_hal.o
                0x08002060                HAL_Delay
 .text.HAL_NVIC_SetPriorityGrouping
                0x08002084       0x24 ./Drivers/STM32H7xx_HAL_Driver/Src/stm32h7xx_hal_cortex.o
                0x08002084                HAL_NVIC_SetPriorityGrouping
 .text.HAL_NVIC_SetPriority
                0x080020a8       0x78 ./Drivers/STM32H7xx_HAL_Driver/Src/stm32h7xx_hal_cortex.o
                0x080020a8                HAL_NVIC_SetPriority
 .text.HAL_NVIC_EnableIRQ
                0x08002120       0x1c ./Drivers/STM32H7xx_HAL_Driver/Src/stm32h7xx_hal_cortex.o
                0x08002120                HAL_NVIC_EnableIRQ
 .text.HAL_NVIC_DisableIRQ
                0x0800213c       0x24 ./Drivers/STM32H7xx_HAL_Driver/Src/stm32h7xx_hal_cortex.o
                0x0800213c                HAL_NVIC_DisableIRQ
 .text.HAL_NVIC_SystemReset
                0x08002160       0x24 ./Drivers/STM32H7xx_HAL_Driver/Src/stm32h7xx_hal_cortex.o
                0x08002160                HAL_NVIC_SystemReset
 .text.HAL_SYSTICK_Config
                0x08002184       0x2c ./Drivers/STM32H7xx_HAL_Driver/Src/stm32h7xx_hal_cortex.o
                0x08002184                HAL_SYSTICK_Config
 .text.DMA_CalcBaseAndBitshift
                0x080021b0      0x100 ./Drivers/STM32H7xx_HAL_Driver/Src/stm32h7xx_hal_dma.o
 .text.DMA_CalcDMAMUXChannelBaseAndMask
                0x080022b0       0xd0 ./Drivers/STM32H7xx_HAL_Driver/Src/stm32h7xx_hal_dma.o
 .text.HAL_DMA_Init
                0x08002380      0x534 ./Drivers/STM32H7xx_HAL_Driver/Src/stm32h7xx_hal_dma.o
                0x08002380                HAL_DMA_Init
 .text.HAL_DMA_Start_IT
                0x080028b4      0x904 ./Drivers/STM32H7xx_HAL_Driver/Src/stm32h7xx_hal_dma.o
                0x080028b4                HAL_DMA_Start_IT
 .text.HAL_DMA_Abort_IT
                0x080031b8      0x150 ./Drivers/STM32H7xx_HAL_Driver/Src/stm32h7xx_hal_dma.o
                0x080031b8                HAL_DMA_Abort_IT
 .text.HAL_DMA_IRQHandler
                0x08003308      0x6fc ./Drivers/STM32H7xx_HAL_Driver/Src/stm32h7xx_hal_dma.o
                0x08003308                HAL_DMA_IRQHandler
 .text.HAL_DMA_GetError
                0x08003a04        0x4 ./Drivers/STM32H7xx_HAL_Driver/Src/stm32h7xx_hal_dma.o
                0x08003a04                HAL_DMA_GetError
 .text.HAL_DMA2D_Init
                0x08003a08       0x80 ./Drivers/STM32H7xx_HAL_Driver/Src/stm32h7xx_hal_dma2d.o
                0x08003a08                HAL_DMA2D_Init
 .text.HAL_DMA2D_ConfigLayer
                0x08003a88       0xd4 ./Drivers/STM32H7xx_HAL_Driver/Src/stm32h7xx_hal_dma2d.o
                0x08003a88                HAL_DMA2D_ConfigLayer
 .text.HAL_GPIO_Init
                0x08003b5c      0x284 ./Drivers/STM32H7xx_HAL_Driver/Src/stm32h7xx_hal_gpio.o
                0x08003b5c                HAL_GPIO_Init
 .text.HAL_GPIO_ReadPin
                0x08003de0        0xc ./Drivers/STM32H7xx_HAL_Driver/Src/stm32h7xx_hal_gpio.o
                0x08003de0                HAL_GPIO_ReadPin
 .text.HAL_GPIO_WritePin
                0x08003dec        0x8 ./Drivers/STM32H7xx_HAL_Driver/Src/stm32h7xx_hal_gpio.o
                0x08003dec                HAL_GPIO_WritePin
 .text.HAL_GPIO_EXTI_IRQHandler
                0x08003df4       0x1c ./Drivers/STM32H7xx_HAL_Driver/Src/stm32h7xx_hal_gpio.o
                0x08003df4                HAL_GPIO_EXTI_IRQHandler
 .text.I2C_WaitOnFlagUntilTimeout.constprop.0
                0x08003e10      0x140 ./Drivers/STM32H7xx_HAL_Driver/Src/stm32h7xx_hal_i2c.o
 .text.I2C_WaitOnFlagUntilTimeout
                0x08003f50      0x18c ./Drivers/STM32H7xx_HAL_Driver/Src/stm32h7xx_hal_i2c.o
 .text.I2C_WaitOnSTOPFlagUntilTimeout
                0x080040dc      0x168 ./Drivers/STM32H7xx_HAL_Driver/Src/stm32h7xx_hal_i2c.o
 .text.I2C_WaitOnRXNEFlagUntilTimeout
                0x08004244      0x1a4 ./Drivers/STM32H7xx_HAL_Driver/Src/stm32h7xx_hal_i2c.o
 .text.HAL_I2C_Master_Transmit
                0x080043e8      0x2ec ./Drivers/STM32H7xx_HAL_Driver/Src/stm32h7xx_hal_i2c.o
                0x080043e8                HAL_I2C_Master_Transmit
 .text.HAL_I2C_Master_Receive
                0x080046d4      0x180 ./Drivers/STM32H7xx_HAL_Driver/Src/stm32h7xx_hal_i2c.o
                0x080046d4                HAL_I2C_Master_Receive
 .text.JPEG_Bits_To_SizeCodes
                0x08004854       0xa0 ./Drivers/STM32H7xx_HAL_Driver/Src/stm32h7xx_hal_jpeg.o
 .text.JPEG_DCHuff_BitsVals_To_SizeCodes
                0x080048f4       0x54 ./Drivers/STM32H7xx_HAL_Driver/Src/stm32h7xx_hal_jpeg.o
 .text.JPEG_Set_HuffDC_Mem
                0x08004948      0x154 ./Drivers/STM32H7xx_HAL_Driver/Src/stm32h7xx_hal_jpeg.o
 .text.JPEG_Set_HuffAC_Mem
                0x08004a9c      0x114 ./Drivers/STM32H7xx_HAL_Driver/Src/stm32h7xx_hal_jpeg.o
 .text.HAL_JPEG_GetInfo.part.0
                0x08004bb0      0x1a0 ./Drivers/STM32H7xx_HAL_Driver/Src/stm32h7xx_hal_jpeg.o
 .text.HAL_JPEG_Init
                0x08004d50      0x264 ./Drivers/STM32H7xx_HAL_Driver/Src/stm32h7xx_hal_jpeg.o
                0x08004d50                HAL_JPEG_Init
 .text.HAL_JPEG_ConfigInputBuffer
                0x08004fb4        0x8 ./Drivers/STM32H7xx_HAL_Driver/Src/stm32h7xx_hal_jpeg.o
                0x08004fb4                HAL_JPEG_ConfigInputBuffer
 .text.HAL_JPEG_ConfigOutputBuffer
                0x08004fbc        0x8 ./Drivers/STM32H7xx_HAL_Driver/Src/stm32h7xx_hal_jpeg.o
                0x08004fbc                HAL_JPEG_ConfigOutputBuffer
 .text.HAL_JPEG_EncodeCpltCallback
                0x08004fc4        0x4 ./Drivers/STM32H7xx_HAL_Driver/Src/stm32h7xx_hal_jpeg.o
                0x08004fc4                HAL_JPEG_EncodeCpltCallback
 .text.JPEG_DMA_PollResidualData
                0x08004fc8       0xb4 ./Drivers/STM32H7xx_HAL_Driver/Src/stm32h7xx_hal_jpeg.o
 .text.JPEG_Process
                0x0800507c      0x844 ./Drivers/STM32H7xx_HAL_Driver/Src/stm32h7xx_hal_jpeg.o
 .text.HAL_JPEG_IRQHandler
                0x080058c0      0x138 ./Drivers/STM32H7xx_HAL_Driver/Src/stm32h7xx_hal_jpeg.o
                0x080058c0                HAL_JPEG_IRQHandler
 .text.HAL_MDMA_Init
                0x080059f8       0xf4 ./Drivers/STM32H7xx_HAL_Driver/Src/stm32h7xx_hal_mdma.o
                0x080059f8                HAL_MDMA_Init
 .text.HAL_MDMA_DeInit
                0x08005aec       0x48 ./Drivers/STM32H7xx_HAL_Driver/Src/stm32h7xx_hal_mdma.o
                0x08005aec                HAL_MDMA_DeInit
 .text.HAL_MDMA_Abort_IT
                0x08005b34       0x28 ./Drivers/STM32H7xx_HAL_Driver/Src/stm32h7xx_hal_mdma.o
                0x08005b34                HAL_MDMA_Abort_IT
 .text.HAL_MDMA_IRQHandler
                0x08005b5c      0x17c ./Drivers/STM32H7xx_HAL_Driver/Src/stm32h7xx_hal_mdma.o
                0x08005b5c                HAL_MDMA_IRQHandler
 .text.HAL_PWREx_ConfigSupply
                0x08005cd8       0x48 ./Drivers/STM32H7xx_HAL_Driver/Src/stm32h7xx_hal_pwr_ex.o
                0x08005cd8                HAL_PWREx_ConfigSupply
 .text.HAL_RCC_GetSysClockFreq.part.0
                0x08005d20       0xe4 ./Drivers/STM32H7xx_HAL_Driver/Src/stm32h7xx_hal_rcc.o
 .text.HAL_RCC_OscConfig
                0x08005e04      0x5c8 ./Drivers/STM32H7xx_HAL_Driver/Src/stm32h7xx_hal_rcc.o
                0x08005e04                HAL_RCC_OscConfig
 .text.HAL_RCC_GetSysClockFreq
                0x080063cc      0x11c ./Drivers/STM32H7xx_HAL_Driver/Src/stm32h7xx_hal_rcc.o
                0x080063cc                HAL_RCC_GetSysClockFreq
 .text.HAL_RCC_ClockConfig
                0x080064e8      0x254 ./Drivers/STM32H7xx_HAL_Driver/Src/stm32h7xx_hal_rcc.o
                0x080064e8                HAL_RCC_ClockConfig
 .text.HAL_RCC_GetHCLKFreq
                0x0800673c       0x80 ./Drivers/STM32H7xx_HAL_Driver/Src/stm32h7xx_hal_rcc.o
                0x0800673c                HAL_RCC_GetHCLKFreq
 .text.HAL_RCC_GetPCLK1Freq
                0x080067bc       0x90 ./Drivers/STM32H7xx_HAL_Driver/Src/stm32h7xx_hal_rcc.o
                0x080067bc                HAL_RCC_GetPCLK1Freq
 .text.RCCEx_PLL2_Config.part.0
                0x0800684c       0xe4 ./Drivers/STM32H7xx_HAL_Driver/Src/stm32h7xx_hal_rcc_ex.o
 .text.RCCEx_PLL3_Config.part.0
                0x08006930       0xe4 ./Drivers/STM32H7xx_HAL_Driver/Src/stm32h7xx_hal_rcc_ex.o
 .text.HAL_RCCEx_PeriphCLKConfig
                0x08006a14      0xe30 ./Drivers/STM32H7xx_HAL_Driver/Src/stm32h7xx_hal_rcc_ex.o
                0x08006a14                HAL_RCCEx_PeriphCLKConfig
 .text.HAL_RCCEx_GetPLL2ClockFreq
                0x08007844      0x134 ./Drivers/STM32H7xx_HAL_Driver/Src/stm32h7xx_hal_rcc_ex.o
                0x08007844                HAL_RCCEx_GetPLL2ClockFreq
 .text.HAL_RCCEx_GetPLL3ClockFreq
                0x08007978      0x134 ./Drivers/STM32H7xx_HAL_Driver/Src/stm32h7xx_hal_rcc_ex.o
                0x08007978                HAL_RCCEx_GetPLL3ClockFreq
 .text.HAL_RCCEx_GetPLL1ClockFreq
                0x08007aac      0x134 ./Drivers/STM32H7xx_HAL_Driver/Src/stm32h7xx_hal_rcc_ex.o
                0x08007aac                HAL_RCCEx_GetPLL1ClockFreq
 .text.HAL_RCCEx_GetPeriphCLKFreq
                0x08007be0      0x35c ./Drivers/STM32H7xx_HAL_Driver/Src/stm32h7xx_hal_rcc_ex.o
                0x08007be0                HAL_RCCEx_GetPeriphCLKFreq
 .text.RTC_ExitInitMode
                0x08007f3c       0x8c ./Drivers/STM32H7xx_HAL_Driver/Src/stm32h7xx_hal_rtc.o
                0x08007f3c                RTC_ExitInitMode
 .text.HAL_RTC_Init
                0x08007fc8       0xe8 ./Drivers/STM32H7xx_HAL_Driver/Src/stm32h7xx_hal_rtc.o
                0x08007fc8                HAL_RTC_Init
 .text.HAL_RTC_SetTime
                0x080080b0      0x144 ./Drivers/STM32H7xx_HAL_Driver/Src/stm32h7xx_hal_rtc.o
                0x080080b0                HAL_RTC_SetTime
 .text.HAL_RTC_SetDate
                0x080081f4      0x130 ./Drivers/STM32H7xx_HAL_Driver/Src/stm32h7xx_hal_rtc.o
                0x080081f4                HAL_RTC_SetDate
 .text.SD_FindSCR.constprop.0
                0x08008324       0xe4 ./Drivers/STM32H7xx_HAL_Driver/Src/stm32h7xx_hal_sd.o
 .text.HAL_SD_ReadBlocks
                0x08008408      0x1c8 ./Drivers/STM32H7xx_HAL_Driver/Src/stm32h7xx_hal_sd.o
                0x08008408                HAL_SD_ReadBlocks
 .text.HAL_SD_WriteBlocks
                0x080085d0      0x1c4 ./Drivers/STM32H7xx_HAL_Driver/Src/stm32h7xx_hal_sd.o
                0x080085d0                HAL_SD_WriteBlocks
 .text.HAL_SD_GetCardCSD
                0x08008794      0x178 ./Drivers/STM32H7xx_HAL_Driver/Src/stm32h7xx_hal_sd.o
                0x08008794                HAL_SD_GetCardCSD
 .text.HAL_SD_InitCard
                0x0800890c      0x274 ./Drivers/STM32H7xx_HAL_Driver/Src/stm32h7xx_hal_sd.o
                0x0800890c                HAL_SD_InitCard
 .text.HAL_SD_GetCardStatus
                0x08008b80      0x1a8 ./Drivers/STM32H7xx_HAL_Driver/Src/stm32h7xx_hal_sd.o
                0x08008b80                HAL_SD_GetCardStatus
 .text.HAL_SD_GetCardInfo
                0x08008d28       0x28 ./Drivers/STM32H7xx_HAL_Driver/Src/stm32h7xx_hal_sd.o
                0x08008d28                HAL_SD_GetCardInfo
 .text.HAL_SD_ConfigWideBusOperation
                0x08008d50      0x194 ./Drivers/STM32H7xx_HAL_Driver/Src/stm32h7xx_hal_sd.o
                0x08008d50                HAL_SD_ConfigWideBusOperation
 .text.HAL_SD_Init
                0x08008ee4       0xc4 ./Drivers/STM32H7xx_HAL_Driver/Src/stm32h7xx_hal_sd.o
                0x08008ee4                HAL_SD_Init
 .text.HAL_SD_GetCardState
                0x08008fa8       0x28 ./Drivers/STM32H7xx_HAL_Driver/Src/stm32h7xx_hal_sd.o
                0x08008fa8                HAL_SD_GetCardState
 .text.SPI_CloseTransfer
                0x08008fd0       0xb8 ./Drivers/STM32H7xx_HAL_Driver/Src/stm32h7xx_hal_spi.o
 .text.HAL_SPI_Init
                0x08009088      0x1b0 ./Drivers/STM32H7xx_HAL_Driver/Src/stm32h7xx_hal_spi.o
                0x08009088                HAL_SPI_Init
 .text.HAL_SPI_Transmit_DMA
                0x08009238      0x174 ./Drivers/STM32H7xx_HAL_Driver/Src/stm32h7xx_hal_spi.o
                0x08009238                HAL_SPI_Transmit_DMA
 .text.SPI_DMATransmitCplt
                0x080093ac       0x28 ./Drivers/STM32H7xx_HAL_Driver/Src/stm32h7xx_hal_spi.o
 .text.HAL_SPI_RxCpltCallback
                0x080093d4        0x4 ./Drivers/STM32H7xx_HAL_Driver/Src/stm32h7xx_hal_spi.o
                0x080093d4                HAL_SPI_RxCpltCallback
 .text.HAL_SPI_TxRxCpltCallback
                0x080093d8        0x4 ./Drivers/STM32H7xx_HAL_Driver/Src/stm32h7xx_hal_spi.o
                0x080093d8                HAL_SPI_TxRxCpltCallback
 .text.HAL_SPI_TxHalfCpltCallback
                0x080093dc        0x4 ./Drivers/STM32H7xx_HAL_Driver/Src/stm32h7xx_hal_spi.o
                0x080093dc                HAL_SPI_TxHalfCpltCallback
 .text.SPI_DMAHalfTransmitCplt
                0x080093e0        0xc ./Drivers/STM32H7xx_HAL_Driver/Src/stm32h7xx_hal_spi.o
 .text.HAL_SPI_ErrorCallback
                0x080093ec        0x4 ./Drivers/STM32H7xx_HAL_Driver/Src/stm32h7xx_hal_spi.o
                0x080093ec                HAL_SPI_ErrorCallback
 .text.SPI_DMAError
                0x080093f0       0xd8 ./Drivers/STM32H7xx_HAL_Driver/Src/stm32h7xx_hal_spi.o
 .text.SPI_DMAAbortOnError
                0x080094c8       0x1c ./Drivers/STM32H7xx_HAL_Driver/Src/stm32h7xx_hal_spi.o
 .text.HAL_SPI_SuspendCallback
                0x080094e4        0x4 ./Drivers/STM32H7xx_HAL_Driver/Src/stm32h7xx_hal_spi.o
                0x080094e4                HAL_SPI_SuspendCallback
 .text.HAL_SPI_IRQHandler
                0x080094e8      0x208 ./Drivers/STM32H7xx_HAL_Driver/Src/stm32h7xx_hal_spi.o
                0x080094e8                HAL_SPI_IRQHandler
 .text.SDMMC_Init
                0x080096f0       0x38 ./Drivers/STM32H7xx_HAL_Driver/Src/stm32h7xx_ll_sdmmc.o
                0x080096f0                SDMMC_Init
 .text.SDMMC_ReadFIFO
                0x08009728        0x8 ./Drivers/STM32H7xx_HAL_Driver/Src/stm32h7xx_ll_sdmmc.o
                0x08009728                SDMMC_ReadFIFO
 .text.SDMMC_WriteFIFO
                0x08009730        0xc ./Drivers/STM32H7xx_HAL_Driver/Src/stm32h7xx_ll_sdmmc.o
                0x08009730                SDMMC_WriteFIFO
 .text.SDMMC_PowerState_ON
                0x0800973c       0x10 ./Drivers/STM32H7xx_HAL_Driver/Src/stm32h7xx_ll_sdmmc.o
                0x0800973c                SDMMC_PowerState_ON
 .text.SDMMC_GetPowerState
                0x0800974c        0x8 ./Drivers/STM32H7xx_HAL_Driver/Src/stm32h7xx_ll_sdmmc.o
                0x0800974c                SDMMC_GetPowerState
 .text.SDMMC_GetResponse
                0x08009754        0x8 ./Drivers/STM32H7xx_HAL_Driver/Src/stm32h7xx_ll_sdmmc.o
                0x08009754                SDMMC_GetResponse
 .text.SDMMC_ConfigData
                0x0800975c       0x2c ./Drivers/STM32H7xx_HAL_Driver/Src/stm32h7xx_ll_sdmmc.o
                0x0800975c                SDMMC_ConfigData
 .text.SDMMC_CmdBlockLength
                0x08009788      0x158 ./Drivers/STM32H7xx_HAL_Driver/Src/stm32h7xx_ll_sdmmc.o
                0x08009788                SDMMC_CmdBlockLength
 .text.SDMMC_CmdReadSingleBlock
                0x080098e0      0x158 ./Drivers/STM32H7xx_HAL_Driver/Src/stm32h7xx_ll_sdmmc.o
                0x080098e0                SDMMC_CmdReadSingleBlock
 .text.SDMMC_CmdReadMultiBlock
                0x08009a38      0x158 ./Drivers/STM32H7xx_HAL_Driver/Src/stm32h7xx_ll_sdmmc.o
                0x08009a38                SDMMC_CmdReadMultiBlock
 .text.SDMMC_CmdWriteSingleBlock
                0x08009b90      0x158 ./Drivers/STM32H7xx_HAL_Driver/Src/stm32h7xx_ll_sdmmc.o
                0x08009b90                SDMMC_CmdWriteSingleBlock
 .text.SDMMC_CmdWriteMultiBlock
                0x08009ce8      0x158 ./Drivers/STM32H7xx_HAL_Driver/Src/stm32h7xx_ll_sdmmc.o
                0x08009ce8                SDMMC_CmdWriteMultiBlock
 .text.SDMMC_CmdStopTransfer
                0x08009e40      0x208 ./Drivers/STM32H7xx_HAL_Driver/Src/stm32h7xx_ll_sdmmc.o
                0x08009e40                SDMMC_CmdStopTransfer
 .text.SDMMC_CmdSelDesel
                0x0800a048      0x158 ./Drivers/STM32H7xx_HAL_Driver/Src/stm32h7xx_ll_sdmmc.o
                0x0800a048                SDMMC_CmdSelDesel
 .text.SDMMC_CmdGoIdleState
                0x0800a1a0       0x58 ./Drivers/STM32H7xx_HAL_Driver/Src/stm32h7xx_ll_sdmmc.o
                0x0800a1a0                SDMMC_CmdGoIdleState
 .text.SDMMC_CmdOperCond
                0x0800a1f8       0x80 ./Drivers/STM32H7xx_HAL_Driver/Src/stm32h7xx_ll_sdmmc.o
                0x0800a1f8                SDMMC_CmdOperCond
 .text.SDMMC_CmdAppCommand
                0x0800a278      0x158 ./Drivers/STM32H7xx_HAL_Driver/Src/stm32h7xx_ll_sdmmc.o
                0x0800a278                SDMMC_CmdAppCommand
 .text.SDMMC_CmdAppOperCommand
                0x0800a3d0       0x78 ./Drivers/STM32H7xx_HAL_Driver/Src/stm32h7xx_ll_sdmmc.o
                0x0800a3d0                SDMMC_CmdAppOperCommand
 .text.SDMMC_CmdBusWidth
                0x0800a448      0x158 ./Drivers/STM32H7xx_HAL_Driver/Src/stm32h7xx_ll_sdmmc.o
                0x0800a448                SDMMC_CmdBusWidth
 .text.SDMMC_CmdSendSCR
                0x0800a5a0      0x14c ./Drivers/STM32H7xx_HAL_Driver/Src/stm32h7xx_ll_sdmmc.o
                0x0800a5a0                SDMMC_CmdSendSCR
 .text.SDMMC_CmdSendCID
                0x0800a6ec       0x7c ./Drivers/STM32H7xx_HAL_Driver/Src/stm32h7xx_ll_sdmmc.o
                0x0800a6ec                SDMMC_CmdSendCID
 .text.SDMMC_CmdSendCSD
                0x0800a768       0x80 ./Drivers/STM32H7xx_HAL_Driver/Src/stm32h7xx_ll_sdmmc.o
                0x0800a768                SDMMC_CmdSendCSD
 .text.SDMMC_CmdSetRelAdd
                0x0800a7e8       0xc0 ./Drivers/STM32H7xx_HAL_Driver/Src/stm32h7xx_ll_sdmmc.o
                0x0800a7e8                SDMMC_CmdSetRelAdd
 .text.SDMMC_CmdSendStatus
                0x0800a8a8      0x158 ./Drivers/STM32H7xx_HAL_Driver/Src/stm32h7xx_ll_sdmmc.o
                0x0800a8a8                SDMMC_CmdSendStatus
 .text.SDMMC_CmdStatusRegister
                0x0800aa00      0x14c ./Drivers/STM32H7xx_HAL_Driver/Src/stm32h7xx_ll_sdmmc.o
                0x0800aa00                SDMMC_CmdStatusRegister
 .text.get_fattime
                0x0800ab4c        0x4 ./FATFS/App/fatfs.o
                0x0800ab4c                get_fattime
 .text.BSP_SD_ReadBlocks
                0x0800ab50       0x24 ./FATFS/Target/bsp_driver_sd.o
                0x0800ab50                BSP_SD_ReadBlocks
 .text.BSP_SD_WriteBlocks
                0x0800ab74       0x24 ./FATFS/Target/bsp_driver_sd.o
                0x0800ab74                BSP_SD_WriteBlocks
 .text.BSP_SD_GetCardState
                0x0800ab98       0x14 ./FATFS/Target/bsp_driver_sd.o
                0x0800ab98                BSP_SD_GetCardState
 .text.BSP_SD_GetCardInfo
                0x0800abac        0xc ./FATFS/Target/bsp_driver_sd.o
                0x0800abac                BSP_SD_GetCardInfo
 .text.BSP_SD_IsDetected
                0x0800abb8       0x20 ./FATFS/Target/bsp_driver_sd.o
                0x0800abb8                BSP_SD_IsDetected
 .text.BSP_SD_Init
                0x0800abd8       0x30 ./FATFS/Target/bsp_driver_sd.o
                0x0800abd8                BSP_SD_Init
 .text.BSP_PlatformIsDetected
                0x0800ac08       0x18 ./FATFS/Target/fatfs_platform.o
                0x0800ac08                BSP_PlatformIsDetected
 .text.SD_initialize
                0x0800ac20       0x30 ./FATFS/Target/sd_diskio.o
                0x0800ac20                SD_initialize
 .text.SD_status
                0x0800ac50       0x20 ./FATFS/Target/sd_diskio.o
                0x0800ac50                SD_status
 .text.SD_ioctl
                0x0800ac70       0x60 ./FATFS/Target/sd_diskio.o
                0x0800ac70                SD_ioctl
 .text.SD_read  0x0800acd0       0x28 ./FATFS/Target/sd_diskio.o
                0x0800acd0                SD_read
 .text.SD_write
                0x0800acf8       0x28 ./FATFS/Target/sd_diskio.o
                0x0800acf8                SD_write
 .text.disk_status
                0x0800ad20       0x14 ./Middlewares/Third_Party/FatFs/src/diskio.o
                0x0800ad20                disk_status
 .text.disk_initialize
                0x0800ad34       0x2c ./Middlewares/Third_Party/FatFs/src/diskio.o
                0x0800ad34                disk_initialize
 .text.disk_read
                0x0800ad60       0x1c ./Middlewares/Third_Party/FatFs/src/diskio.o
                0x0800ad60                disk_read
 .text.disk_write
                0x0800ad7c       0x1c ./Middlewares/Third_Party/FatFs/src/diskio.o
                0x0800ad7c                disk_write
 .text.disk_ioctl
                0x0800ad98       0x18 ./Middlewares/Third_Party/FatFs/src/diskio.o
                0x0800ad98                disk_ioctl
 .text.inc_lock
                0x0800adb0       0xa8 ./Middlewares/Third_Party/FatFs/src/ff.o
 .text.check_fs
                0x0800ae58       0x84 ./Middlewares/Third_Party/FatFs/src/ff.o
 .text.sync_fs  0x0800aedc       0xbc ./Middlewares/Third_Party/FatFs/src/ff.o
 .text.move_window
                0x0800af98       0x7c ./Middlewares/Third_Party/FatFs/src/ff.o
 .text.find_volume
                0x0800b014      0x2d4 ./Middlewares/Third_Party/FatFs/src/ff.o
 .text.put_fat.part.0
                0x0800b2e8      0x100 ./Middlewares/Third_Party/FatFs/src/ff.o
 .text.get_fat.isra.0
                0x0800b3e8       0xac ./Middlewares/Third_Party/FatFs/src/ff.o
 .text.create_chain
                0x0800b494      0x1a0 ./Middlewares/Third_Party/FatFs/src/ff.o
 .text.dir_sdi.constprop.0
                0x0800b634      0x110 ./Middlewares/Third_Party/FatFs/src/ff.o
 .text.follow_path
                0x0800b744      0x334 ./Middlewares/Third_Party/FatFs/src/ff.o
 .text.remove_chain
                0x0800ba78      0x224 ./Middlewares/Third_Party/FatFs/src/ff.o
 .text.dir_register
                0x0800bc9c      0x2dc ./Middlewares/Third_Party/FatFs/src/ff.o
 .text.f_mount  0x0800bf78       0x98 ./Middlewares/Third_Party/FatFs/src/ff.o
                0x0800bf78                f_mount
 .text.f_open   0x0800c010      0x2f0 ./Middlewares/Third_Party/FatFs/src/ff.o
                0x0800c010                f_open
 .text.f_write  0x0800c300      0x2c0 ./Middlewares/Third_Party/FatFs/src/ff.o
                0x0800c300                f_write
 .text.f_close  0x0800c5c0      0x104 ./Middlewares/Third_Party/FatFs/src/ff.o
                0x0800c5c0                f_close
 .text.FATFS_LinkDriver
                0x0800c6c4       0x48 ./Middlewares/Third_Party/FatFs/src/ff_gen_drv.o
                0x0800c6c4                FATFS_LinkDriver
 .text.snprintf
                0x0800c70c       0x68 D:/ST/STM32CubeIDE_1.15.1/STM32CubeIDE/plugins/com.st.stm32cube.ide.mcu.externaltools.gnu-tools-for-stm32.12.3.rel1.win32_1.0.200.202406191623/tools/bin/../lib/gcc/arm-none-eabi/12.3.1/../../../../arm-none-eabi/lib/thumb/v7e-m+dp/hard\libc_nano.a(libc_a-snprintf.o)
                0x0800c70c                sniprintf
                0x0800c70c                snprintf
 .text.memset   0x0800c774       0x10 D:/ST/STM32CubeIDE_1.15.1/STM32CubeIDE/plugins/com.st.stm32cube.ide.mcu.externaltools.gnu-tools-for-stm32.12.3.rel1.win32_1.0.200.202406191623/tools/bin/../lib/gcc/arm-none-eabi/12.3.1/../../../../arm-none-eabi/lib/thumb/v7e-m+dp/hard\libc_nano.a(libc_a-memset.o)
                0x0800c774                memset
 .text.__errno  0x0800c784        0xc D:/ST/STM32CubeIDE_1.15.1/STM32CubeIDE/plugins/com.st.stm32cube.ide.mcu.externaltools.gnu-tools-for-stm32.12.3.rel1.win32_1.0.200.202406191623/tools/bin/../lib/gcc/arm-none-eabi/12.3.1/../../../../arm-none-eabi/lib/thumb/v7e-m+dp/hard\libc_nano.a(libc_a-errno.o)
                0x0800c784                __errno
 .text.__libc_init_array
                0x0800c790       0x48 D:/ST/STM32CubeIDE_1.15.1/STM32CubeIDE/plugins/com.st.stm32cube.ide.mcu.externaltools.gnu-tools-for-stm32.12.3.rel1.win32_1.0.200.202406191623/tools/bin/../lib/gcc/arm-none-eabi/12.3.1/../../../../arm-none-eabi/lib/thumb/v7e-m+dp/hard\libc_nano.a(libc_a-init.o)
                0x0800c790                __libc_init_array
 .text.__retarget_lock_acquire_recursive
                0x0800c7d8        0x2 D:/ST/STM32CubeIDE_1.15.1/STM32CubeIDE/plugins/com.st.stm32cube.ide.mcu.externaltools.gnu-tools-for-stm32.12.3.rel1.win32_1.0.200.202406191623/tools/bin/../lib/gcc/arm-none-eabi/12.3.1/../../../../arm-none-eabi/lib/thumb/v7e-m+dp/hard\libc_nano.a(libc_a-lock.o)
                0x0800c7d8                __retarget_lock_acquire_recursive
 .text.__retarget_lock_release_recursive
                0x0800c7da        0x2 D:/ST/STM32CubeIDE_1.15.1/STM32CubeIDE/plugins/com.st.stm32cube.ide.mcu.externaltools.gnu-tools-for-stm32.12.3.rel1.win32_1.0.200.202406191623/tools/bin/../lib/gcc/arm-none-eabi/12.3.1/../../../../arm-none-eabi/lib/thumb/v7e-m+dp/hard\libc_nano.a(libc_a-lock.o)
                0x0800c7da                __retarget_lock_release_recursive
 .text._free_r  0x0800c7dc       0x94 D:/ST/STM32CubeIDE_1.15.1/STM32CubeIDE/plugins/com.st.stm32cube.ide.mcu.externaltools.gnu-tools-for-stm32.12.3.rel1.win32_1.0.200.202406191623/tools/bin/../lib/gcc/arm-none-eabi/12.3.1/../../../../arm-none-eabi/lib/thumb/v7e-m+dp/hard\libc_nano.a(libc_a-freer.o)
                0x0800c7dc                _free_r
 .text.sbrk_aligned
                0x0800c870       0x44 D:/ST/STM32CubeIDE_1.15.1/STM32CubeIDE/plugins/com.st.stm32cube.ide.mcu.externaltools.gnu-tools-for-stm32.12.3.rel1.win32_1.0.200.202406191623/tools/bin/../lib/gcc/arm-none-eabi/12.3.1/../../../../arm-none-eabi/lib/thumb/v7e-m+dp/hard\libc_nano.a(libc_a-mallocr.o)
 .text._malloc_r
                0x0800c8b4      0x100 D:/ST/STM32CubeIDE_1.15.1/STM32CubeIDE/plugins/com.st.stm32cube.ide.mcu.externaltools.gnu-tools-for-stm32.12.3.rel1.win32_1.0.200.202406191623/tools/bin/../lib/gcc/arm-none-eabi/12.3.1/../../../../arm-none-eabi/lib/thumb/v7e-m+dp/hard\libc_nano.a(libc_a-mallocr.o)
                0x0800c8b4                _malloc_r
 .text.__malloc_lock
                0x0800c9b4        0xc D:/ST/STM32CubeIDE_1.15.1/STM32CubeIDE/plugins/com.st.stm32cube.ide.mcu.externaltools.gnu-tools-for-stm32.12.3.rel1.win32_1.0.200.202406191623/tools/bin/../lib/gcc/arm-none-eabi/12.3.1/../../../../arm-none-eabi/lib/thumb/v7e-m+dp/hard\libc_nano.a(libc_a-mlock.o)
                0x0800c9b4                __malloc_lock
 .text.__malloc_unlock
                0x0800c9c0        0xc D:/ST/STM32CubeIDE_1.15.1/STM32CubeIDE/plugins/com.st.stm32cube.ide.mcu.externaltools.gnu-tools-for-stm32.12.3.rel1.win32_1.0.200.202406191623/tools/bin/../lib/gcc/arm-none-eabi/12.3.1/../../../../arm-none-eabi/lib/thumb/v7e-m+dp/hard\libc_nano.a(libc_a-mlock.o)
                0x0800c9c0                __malloc_unlock
 .text.__ssputs_r
                0x0800c9cc       0xb6 D:/ST/STM32CubeIDE_1.15.1/STM32CubeIDE/plugins/com.st.stm32cube.ide.mcu.externaltools.gnu-tools-for-stm32.12.3.rel1.win32_1.0.200.202406191623/tools/bin/../lib/gcc/arm-none-eabi/12.3.1/../../../../arm-none-eabi/lib/thumb/v7e-m+dp/hard\libc_nano.a(libc_a-nano-svfprintf.o)
                0x0800c9cc                __ssputs_r
 *fill*         0x0800ca82        0x2 
 .text._svfprintf_r
                0x0800ca84      0x1f8 D:/ST/STM32CubeIDE_1.15.1/STM32CubeIDE/plugins/com.st.stm32cube.ide.mcu.externaltools.gnu-tools-for-stm32.12.3.rel1.win32_1.0.200.202406191623/tools/bin/../lib/gcc/arm-none-eabi/12.3.1/../../../../arm-none-eabi/lib/thumb/v7e-m+dp/hard\libc_nano.a(libc_a-nano-svfprintf.o)
                0x0800ca84                _svfiprintf_r
                0x0800ca84                _svfprintf_r
 .text._printf_common
                0x0800cc7c       0xda D:/ST/STM32CubeIDE_1.15.1/STM32CubeIDE/plugins/com.st.stm32cube.ide.mcu.externaltools.gnu-tools-for-stm32.12.3.rel1.win32_1.0.200.202406191623/tools/bin/../lib/gcc/arm-none-eabi/12.3.1/../../../../arm-none-eabi/lib/thumb/v7e-m+dp/hard\libc_nano.a(libc_a-nano-vfprintf_i.o)
                0x0800cc7c                _printf_common
 *fill*         0x0800cd56        0x2 
 .text._printf_i
                0x0800cd58      0x240 D:/ST/STM32CubeIDE_1.15.1/STM32CubeIDE/plugins/com.st.stm32cube.ide.mcu.externaltools.gnu-tools-for-stm32.12.3.rel1.win32_1.0.200.202406191623/tools/bin/../lib/gcc/arm-none-eabi/12.3.1/../../../../arm-none-eabi/lib/thumb/v7e-m+dp/hard\libc_nano.a(libc_a-nano-vfprintf_i.o)
                0x0800cd58                _printf_i
 .text.memmove  0x0800cf98       0x34 D:/ST/STM32CubeIDE_1.15.1/STM32CubeIDE/plugins/com.st.stm32cube.ide.mcu.externaltools.gnu-tools-for-stm32.12.3.rel1.win32_1.0.200.202406191623/tools/bin/../lib/gcc/arm-none-eabi/12.3.1/../../../../arm-none-eabi/lib/thumb/v7e-m+dp/hard\libc_nano.a(libc_a-memmove.o)
                0x0800cf98                memmove
 .text._sbrk_r  0x0800cfcc       0x20 D:/ST/STM32CubeIDE_1.15.1/STM32CubeIDE/plugins/com.st.stm32cube.ide.mcu.externaltools.gnu-tools-for-stm32.12.3.rel1.win32_1.0.200.202406191623/tools/bin/../lib/gcc/arm-none-eabi/12.3.1/../../../../arm-none-eabi/lib/thumb/v7e-m+dp/hard\libc_nano.a(libc_a-sbrkr.o)
                0x0800cfcc                _sbrk_r
 .text.memcpy   0x0800cfec       0x1c D:/ST/STM32CubeIDE_1.15.1/STM32CubeIDE/plugins/com.st.stm32cube.ide.mcu.externaltools.gnu-tools-for-stm32.12.3.rel1.win32_1.0.200.202406191623/tools/bin/../lib/gcc/arm-none-eabi/12.3.1/../../../../arm-none-eabi/lib/thumb/v7e-m+dp/hard\libc_nano.a(libc_a-memcpy-stub.o)
                0x0800cfec                memcpy
 .text._realloc_r
                0x0800d008       0x5c D:/ST/STM32CubeIDE_1.15.1/STM32CubeIDE/plugins/com.st.stm32cube.ide.mcu.externaltools.gnu-tools-for-stm32.12.3.rel1.win32_1.0.200.202406191623/tools/bin/../lib/gcc/arm-none-eabi/12.3.1/../../../../arm-none-eabi/lib/thumb/v7e-m+dp/hard\libc_nano.a(libc_a-reallocr.o)
                0x0800d008                _realloc_r
 .text._malloc_usable_size_r
                0x0800d064       0x10 D:/ST/STM32CubeIDE_1.15.1/STM32CubeIDE/plugins/com.st.stm32cube.ide.mcu.externaltools.gnu-tools-for-stm32.12.3.rel1.win32_1.0.200.202406191623/tools/bin/../lib/gcc/arm-none-eabi/12.3.1/../../../../arm-none-eabi/lib/thumb/v7e-m+dp/hard\libc_nano.a(libc_a-msizer.o)
                0x0800d064                _malloc_usable_size_r
 *(.glue_7)
 .glue_7        0x0800d074        0x0 linker stubs
 *(.glue_7t)
 .glue_7t       0x0800d074        0x0 linker stubs
 *(.eh_frame)
 .eh_frame      0x0800d074        0x0 D:/ST/STM32CubeIDE_1.15.1/STM32CubeIDE/plugins/com.st.stm32cube.ide.mcu.externaltools.gnu-tools-for-stm32.12.3.rel1.win32_1.0.200.202406191623/tools/bin/../lib/gcc/arm-none-eabi/12.3.1/thumb/v7e-m+dp/hard/crtbegin.o
 *(.init)
 .init          0x0800d074        0x4 D:/ST/STM32CubeIDE_1.15.1/STM32CubeIDE/plugins/com.st.stm32cube.ide.mcu.externaltools.gnu-tools-for-stm32.12.3.rel1.win32_1.0.200.202406191623/tools/bin/../lib/gcc/arm-none-eabi/12.3.1/thumb/v7e-m+dp/hard/crti.o
                0x0800d074                _init
 .init          0x0800d078        0x8 D:/ST/STM32CubeIDE_1.15.1/STM32CubeIDE/plugins/com.st.stm32cube.ide.mcu.externaltools.gnu-tools-for-stm32.12.3.rel1.win32_1.0.200.202406191623/tools/bin/../lib/gcc/arm-none-eabi/12.3.1/thumb/v7e-m+dp/hard/crtn.o
 *(.fini)
 .fini          0x0800d080        0x4 D:/ST/STM32CubeIDE_1.15.1/STM32CubeIDE/plugins/com.st.stm32cube.ide.mcu.externaltools.gnu-tools-for-stm32.12.3.rel1.win32_1.0.200.202406191623/tools/bin/../lib/gcc/arm-none-eabi/12.3.1/thumb/v7e-m+dp/hard/crti.o
                0x0800d080                _fini
 .fini          0x0800d084        0x8 D:/ST/STM32CubeIDE_1.15.1/STM32CubeIDE/plugins/com.st.stm32cube.ide.mcu.externaltools.gnu-tools-for-stm32.12.3.rel1.win32_1.0.200.202406191623/tools/bin/../lib/gcc/arm-none-eabi/12.3.1/thumb/v7e-m+dp/hard/crtn.o
                0x0800d08c                        . = ALIGN (0x4)
                0x0800d08c                        _etext = .

.vfp11_veneer   0x0800d08c        0x0
 .vfp11_veneer  0x0800d08c        0x0 linker stubs

.v4_bx          0x0800d08c        0x0
 .v4_bx         0x0800d08c        0x0 linker stubs

.iplt           0x0800d08c        0x0
 .iplt          0x0800d08c        0x0 D:/ST/STM32CubeIDE_1.15.1/STM32CubeIDE/plugins/com.st.stm32cube.ide.mcu.externaltools.gnu-tools-for-stm32.12.3.rel1.win32_1.0.200.202406191623/tools/bin/../lib/gcc/arm-none-eabi/12.3.1/thumb/v7e-m+dp/hard/crtbegin.o

.rodata         0x0800d08c      0x39c
                0x0800d08c                        . = ALIGN (0x4)
 *(.rodata)
 *(.rodata*)
 .rodata.print_log.isra.0.str1.4
                0x0800d08c       0x1f ./Core/Src/main.o
                                 0x27 (size before relaxing)
 *fill*         0x0800d0ab        0x1 
 .rodata.main.str1.4
                0x0800d0ac       0x2b ./Core/Src/main.o
 *fill*         0x0800d0d7        0x1 
 .rodata.D1CorePrescTable
                0x0800d0d8       0x10 ./Core/Src/system_stm32h7xx.o
                0x0800d0d8                D1CorePrescTable
 .rodata.flagBitshiftOffset.0
                0x0800d0e8        0x8 ./Drivers/STM32H7xx_HAL_Driver/Src/stm32h7xx_hal_dma.o
 .rodata.JPEG_CHROM_QuantTable.0
                0x0800d0f0       0x40 ./Drivers/STM32H7xx_HAL_Driver/Src/stm32h7xx_hal_jpeg.o
 .rodata.JPEG_LUM_QuantTable.1
                0x0800d130       0x40 ./Drivers/STM32H7xx_HAL_Driver/Src/stm32h7xx_hal_jpeg.o
 .rodata.JPEG_ZIGZAG_ORDER
                0x0800d170       0x40 ./Drivers/STM32H7xx_HAL_Driver/Src/stm32h7xx_hal_jpeg.o
 .rodata.JPEG_ACCHROM_HuffTable
                0x0800d1b0       0xb2 ./Drivers/STM32H7xx_HAL_Driver/Src/stm32h7xx_hal_jpeg.o
 *fill*         0x0800d262        0x2 
 .rodata.JPEG_ACLUM_HuffTable
                0x0800d264       0xb2 ./Drivers/STM32H7xx_HAL_Driver/Src/stm32h7xx_hal_jpeg.o
 *fill*         0x0800d316        0x2 
 .rodata.JPEG_DCCHROM_HuffTable
                0x0800d318       0x1c ./Drivers/STM32H7xx_HAL_Driver/Src/stm32h7xx_hal_jpeg.o
 .rodata.JPEG_DCLUM_HuffTable
                0x0800d334       0x1c ./Drivers/STM32H7xx_HAL_Driver/Src/stm32h7xx_hal_jpeg.o
 .rodata.SD_Driver
                0x0800d350       0x14 ./FATFS/Target/sd_diskio.o
                0x0800d350                SD_Driver
 .rodata.follow_path.str1.4
                0x0800d364        0xf ./Middlewares/Third_Party/FatFs/src/ff.o
 *fill*         0x0800d373        0x1 
 .rodata.ExCvt  0x0800d374       0x80 ./Middlewares/Third_Party/FatFs/src/ff.o
 .rodata._svfprintf_r.str1.1
                0x0800d3f4       0x11 D:/ST/STM32CubeIDE_1.15.1/STM32CubeIDE/plugins/com.st.stm32cube.ide.mcu.externaltools.gnu-tools-for-stm32.12.3.rel1.win32_1.0.200.202406191623/tools/bin/../lib/gcc/arm-none-eabi/12.3.1/../../../../arm-none-eabi/lib/thumb/v7e-m+dp/hard\libc_nano.a(libc_a-nano-svfprintf.o)
 .rodata._printf_i.str1.1
                0x0800d405       0x22 D:/ST/STM32CubeIDE_1.15.1/STM32CubeIDE/plugins/com.st.stm32cube.ide.mcu.externaltools.gnu-tools-for-stm32.12.3.rel1.win32_1.0.200.202406191623/tools/bin/../lib/gcc/arm-none-eabi/12.3.1/../../../../arm-none-eabi/lib/thumb/v7e-m+dp/hard\libc_nano.a(libc_a-nano-vfprintf_i.o)
                0x0800d428                        . = ALIGN (0x4)
 *fill*         0x0800d427        0x1 

.ARM.extab
 *(.ARM.extab* .gnu.linkonce.armextab.*)

.ARM            0x0800d428        0x8
                0x0800d428                        __exidx_start = .
 *(.ARM.exidx*)
 .ARM.exidx     0x0800d428        0x8 D:/ST/STM32CubeIDE_1.15.1/STM32CubeIDE/plugins/com.st.stm32cube.ide.mcu.externaltools.gnu-tools-for-stm32.12.3.rel1.win32_1.0.200.202406191623/tools/bin/../lib/gcc/arm-none-eabi/12.3.1/../../../../arm-none-eabi/lib/thumb/v7e-m+dp/hard\libc_nano.a(libc_a-strlen.o)
 .ARM.exidx     0x0800d430        0x0 D:/ST/STM32CubeIDE_1.15.1/STM32CubeIDE/plugins/com.st.stm32cube.ide.mcu.externaltools.gnu-tools-for-stm32.12.3.rel1.win32_1.0.200.202406191623/tools/bin/../lib/gcc/arm-none-eabi/12.3.1/../../../../arm-none-eabi/lib/thumb/v7e-m+dp/hard\libc_nano.a(libc_a-memchr.o)
                                  0x8 (size before relaxing)
                0x0800d430                        __exidx_end = .

.preinit_array  0x0800d430        0x0
                0x0800d430                        PROVIDE (__preinit_array_start = .)
 *(.preinit_array*)
                0x0800d430                        PROVIDE (__preinit_array_end = .)

.init_array     0x0800d430        0x4
                0x0800d430                        PROVIDE (__init_array_start = .)
 *(SORT_BY_NAME(.init_array.*))
 *(.init_array*)
 .init_array    0x0800d430        0x4 D:/ST/STM32CubeIDE_1.15.1/STM32CubeIDE/plugins/com.st.stm32cube.ide.mcu.externaltools.gnu-tools-for-stm32.12.3.rel1.win32_1.0.200.202406191623/tools/bin/../lib/gcc/arm-none-eabi/12.3.1/thumb/v7e-m+dp/hard/crtbegin.o
                0x0800d434                        PROVIDE (__init_array_end = .)

.fini_array     0x0800d434        0x4
                [!provide]                        PROVIDE (__fini_array_start = .)
 *(SORT_BY_NAME(.fini_array.*))
 *(.fini_array*)
 .fini_array    0x0800d434        0x4 D:/ST/STM32CubeIDE_1.15.1/STM32CubeIDE/plugins/com.st.stm32cube.ide.mcu.externaltools.gnu-tools-for-stm32.12.3.rel1.win32_1.0.200.202406191623/tools/bin/../lib/gcc/arm-none-eabi/12.3.1/thumb/v7e-m+dp/hard/crtbegin.o
                [!provide]                        PROVIDE (__fini_array_end = .)
                0x0800d438                        _sidata = LOADADDR (.data)

.rel.dyn        0x0800d438        0x0
 .rel.iplt      0x0800d438        0x0 D:/ST/STM32CubeIDE_1.15.1/STM32CubeIDE/plugins/com.st.stm32cube.ide.mcu.externaltools.gnu-tools-for-stm32.12.3.rel1.win32_1.0.200.202406191623/tools/bin/../lib/gcc/arm-none-eabi/12.3.1/thumb/v7e-m+dp/hard/crtbegin.o

.data           0x24000000       0x68 load address 0x0800d438
                0x24000000                        . = ALIGN (0x4)
                0x24000000                        _sdata = .
 *(.data)
 *(.data*)
 .data.outputData
                0x24000000        0x4 ./Core/Src/smart_watch.o
                0x24000000                outputData
 .data.SystemD2Clock
                0x24000004        0x4 ./Core/Src/system_stm32h7xx.o
                0x24000004                SystemD2Clock
 .data.SystemCoreClock
                0x24000008        0x4 ./Core/Src/system_stm32h7xx.o
                0x24000008                SystemCoreClock
 .data.uwTickFreq
                0x2400000c        0x1 ./Drivers/STM32H7xx_HAL_Driver/Src/stm32h7xx_hal.o
                0x2400000c                uwTickFreq
 *fill*         0x2400000d        0x3 
 .data.uwTickPrio
                0x24000010        0x4 ./Drivers/STM32H7xx_HAL_Driver/Src/stm32h7xx_hal.o
                0x24000010                uwTickPrio
 .data.Stat     0x24000014        0x1 ./FATFS/Target/sd_diskio.o
 *fill*         0x24000015        0x3 
 .data._impure_ptr
                0x24000018        0x4 D:/ST/STM32CubeIDE_1.15.1/STM32CubeIDE/plugins/com.st.stm32cube.ide.mcu.externaltools.gnu-tools-for-stm32.12.3.rel1.win32_1.0.200.202406191623/tools/bin/../lib/gcc/arm-none-eabi/12.3.1/../../../../arm-none-eabi/lib/thumb/v7e-m+dp/hard\libc_nano.a(libc_a-impure.o)
                0x24000018                _impure_ptr
 .data._impure_data
                0x2400001c       0x4c D:/ST/STM32CubeIDE_1.15.1/STM32CubeIDE/plugins/com.st.stm32cube.ide.mcu.externaltools.gnu-tools-for-stm32.12.3.rel1.win32_1.0.200.202406191623/tools/bin/../lib/gcc/arm-none-eabi/12.3.1/../../../../arm-none-eabi/lib/thumb/v7e-m+dp/hard\libc_nano.a(libc_a-impure.o)
                0x2400001c                _impure_data
 *(.RamFunc)
 *(.RamFunc*)
                0x24000068                        . = ALIGN (0x4)
                0x24000068                        _edata = .

.igot.plt       0x24000068        0x0 load address 0x0800d4a0
 .igot.plt      0x24000068        0x0 D:/ST/STM32CubeIDE_1.15.1/STM32CubeIDE/plugins/com.st.stm32cube.ide.mcu.externaltools.gnu-tools-for-stm32.12.3.rel1.win32_1.0.200.202406191623/tools/bin/../lib/gcc/arm-none-eabi/12.3.1/thumb/v7e-m+dp/hard/crtbegin.o
                0x24000068                        . = ALIGN (0x4)

.bss            0x24000068    0x75af4 load address 0x0800d4a0
                0x24000068                        _sbss = .
                0x24000068                        __bss_start__ = _sbss
 *(.bss)
 .bss           0x24000068       0x1c D:/ST/STM32CubeIDE_1.15.1/STM32CubeIDE/plugins/com.st.stm32cube.ide.mcu.externaltools.gnu-tools-for-stm32.12.3.rel1.win32_1.0.200.202406191623/tools/bin/../lib/gcc/arm-none-eabi/12.3.1/thumb/v7e-m+dp/hard/crtbegin.o
 *(.bss*)
 .bss.count_iter.0
                0x24000084        0x4 ./Core/Src/GC9A01.o
 .bss.spi_dma_not_ready
                0x24000088        0x1 ./Core/Src/GC9A01.o
                0x24000088                spi_dma_not_ready
 *fill*         0x24000089        0x3 
 .bss.Input_frameIndex
                0x2400008c        0x4 ./Core/Src/decode_dma.o
                0x2400008c                Input_frameIndex
 .bss.Input_frameSize
                0x24000090        0x4 ./Core/Src/decode_dma.o
                0x24000090                Input_frameSize
 .bss.JPEGSourceAddress
                0x24000094        0x4 ./Core/Src/decode_dma.o
                0x24000094                JPEGSourceAddress
 .bss.FrameBufferAddress
                0x24000098        0x4 ./Core/Src/decode_dma.o
                0x24000098                FrameBufferAddress
 .bss.Jpeg_HWDecodingEnd
                0x2400009c        0x4 ./Core/Src/decode_dma.o
                0x2400009c                Jpeg_HWDecodingEnd
 .bss.pSensorHandle
                0x240000a0       0x18 ./Core/Src/main.o
                0x240000a0                pSensorHandle
 .bss.hrtc      0x240000b8       0x28 ./Core/Src/main.o
                0x240000b8                hrtc
 .bss.DMA2D_Handle
                0x240000e0       0x68 ./Core/Src/main.o
                0x240000e0                DMA2D_Handle
 .bss.JPEG_Handle
                0x24000148       0x58 ./Core/Src/main.o
                0x24000148                JPEG_Handle
 .bss.hdma_spi1_tx
                0x240001a0       0x78 ./Core/Src/main.o
                0x240001a0                hdma_spi1_tx
 .bss.hspi1     0x24000218       0x88 ./Core/Src/main.o
                0x24000218                hspi1
 .bss.hsd1      0x240002a0       0x7c ./Core/Src/main.o
                0x240002a0                hsd1
 .bss.output_data1
                0x2400031c    0x2a364 ./Core/Src/smart_watch.o
                0x2400031c                output_data1
 .bss.preElab_data
                0x2402a680    0x4b000 ./Core/Src/smart_watch.o
                0x2402a680                preElab_data
 .bss.video     0x24075680       0x44 ./Core/Src/smart_watch.o
                0x24075680                video
 .bss.SDFatFs   0x240756c4      0x230 ./Core/Src/smart_watch.o
                0x240756c4                SDFatFs
 .bss.btn_status
                0x240758f4        0x1 ./Core/Src/smart_watch.o
                0x240758f4                btn_status
 *fill*         0x240758f5        0x3 
 .bss.hmdmaOut.0
                0x240758f8       0x6c ./Core/Src/stm32h7xx_hal_msp.o
 *fill*         0x24075964        0x4 
 .bss.hmdmaIn.1
                0x24075968       0x6c ./Core/Src/stm32h7xx_hal_msp.o
 .bss.__sbrk_heap_end
                0x240759d4        0x4 ./Core/Src/sysmem.o
 .bss.uwTick    0x240759d8        0x4 ./Drivers/STM32H7xx_HAL_Driver/Src/stm32h7xx_hal.o
                0x240759d8                uwTick
 .bss.SDPath    0x240759dc        0x4 ./FATFS/App/fatfs.o
                0x240759dc                SDPath
 .bss.Files     0x240759e0       0x20 ./Middlewares/Third_Party/FatFs/src/ff.o
 .bss.Fsid      0x24075a00        0x2 ./Middlewares/Third_Party/FatFs/src/ff.o
 *fill*         0x24075a02        0x2 
 .bss.FatFs     0x24075a04        0x4 ./Middlewares/Third_Party/FatFs/src/ff.o
 .bss.disk      0x24075a08        0xc ./Middlewares/Third_Party/FatFs/src/ff_gen_drv.o
                0x24075a08                disk
 .bss.__sf      0x24075a14      0x138 D:/ST/STM32CubeIDE_1.15.1/STM32CubeIDE/plugins/com.st.stm32cube.ide.mcu.externaltools.gnu-tools-for-stm32.12.3.rel1.win32_1.0.200.202406191623/tools/bin/../lib/gcc/arm-none-eabi/12.3.1/../../../../arm-none-eabi/lib/thumb/v7e-m+dp/hard\libc_nano.a(libc_a-findfp.o)
                0x24075a14                __sf
 .bss.errno     0x24075b4c        0x4 D:/ST/STM32CubeIDE_1.15.1/STM32CubeIDE/plugins/com.st.stm32cube.ide.mcu.externaltools.gnu-tools-for-stm32.12.3.rel1.win32_1.0.200.202406191623/tools/bin/../lib/gcc/arm-none-eabi/12.3.1/../../../../arm-none-eabi/lib/thumb/v7e-m+dp/hard\libc_nano.a(libc_a-reent.o)
                0x24075b4c                errno
 .bss.__lock___malloc_recursive_mutex
                0x24075b50        0x1 D:/ST/STM32CubeIDE_1.15.1/STM32CubeIDE/plugins/com.st.stm32cube.ide.mcu.externaltools.gnu-tools-for-stm32.12.3.rel1.win32_1.0.200.202406191623/tools/bin/../lib/gcc/arm-none-eabi/12.3.1/../../../../arm-none-eabi/lib/thumb/v7e-m+dp/hard\libc_nano.a(libc_a-lock.o)
                0x24075b50                __lock___malloc_recursive_mutex
 *fill*         0x24075b51        0x3 
 .bss.__malloc_sbrk_start
                0x24075b54        0x4 D:/ST/STM32CubeIDE_1.15.1/STM32CubeIDE/plugins/com.st.stm32cube.ide.mcu.externaltools.gnu-tools-for-stm32.12.3.rel1.win32_1.0.200.202406191623/tools/bin/../lib/gcc/arm-none-eabi/12.3.1/../../../../arm-none-eabi/lib/thumb/v7e-m+dp/hard\libc_nano.a(libc_a-mallocr.o)
                0x24075b54                __malloc_sbrk_start
 .bss.__malloc_free_list
                0x24075b58        0x4 D:/ST/STM32CubeIDE_1.15.1/STM32CubeIDE/plugins/com.st.stm32cube.ide.mcu.externaltools.gnu-tools-for-stm32.12.3.rel1.win32_1.0.200.202406191623/tools/bin/../lib/gcc/arm-none-eabi/12.3.1/../../../../arm-none-eabi/lib/thumb/v7e-m+dp/hard\libc_nano.a(libc_a-mallocr.o)
                0x24075b58                __malloc_free_list
 *(COMMON)
                0x24075b5c                        . = ALIGN (0x4)
                0x24075b5c                        _ebss = .
                0x24075b5c                        __bss_end__ = _ebss

._user_heap_stack
                0x24075b5c      0xc04 load address 0x0800d4a0
                0x24075b60                        . = ALIGN (0x8)
 *fill*         0x24075b5c        0x4 
                [!provide]                        PROVIDE (end = .)
                0x24075b60                        PROVIDE (_end = .)
                0x24075f60                        . = (. + _Min_Heap_Size)
 *fill*         0x24075b60      0x400 
                0x24076760                        . = (. + _Min_Stack_Size)
 *fill*         0x24075f60      0x800 
                0x24076760                        . = ALIGN (0x8)

/DISCARD/
 libc.a(*)
 libm.a(*)
 libgcc.a(*)

.ARM.attributes
                0x00000000       0x2e
 *(.ARM.attributes)
 .ARM.attributes
                0x00000000       0x20 D:/ST/STM32CubeIDE_1.15.1/STM32CubeIDE/plugins/com.st.stm32cube.ide.mcu.externaltools.gnu-tools-for-stm32.12.3.rel1.win32_1.0.200.202406191623/tools/bin/../lib/gcc/arm-none-eabi/12.3.1/thumb/v7e-m+dp/hard/crti.o
 .ARM.attributes
                0x00000020       0x32 D:/ST/STM32CubeIDE_1.15.1/STM32CubeIDE/plugins/com.st.stm32cube.ide.mcu.externaltools.gnu-tools-for-stm32.12.3.rel1.win32_1.0.200.202406191623/tools/bin/../lib/gcc/arm-none-eabi/12.3.1/thumb/v7e-m+dp/hard/crtbegin.o
 .ARM.attributes
                0x00000052       0x32 ./Core/Src/FXLS8974C.o
 .ARM.attributes
                0x00000084       0x32 ./Core/Src/GC9A01.o
 .ARM.attributes
                0x000000b6       0x32 ./Core/Src/decode_dma.o
 .ARM.attributes
                0x000000e8       0x32 ./Core/Src/main.o
 .ARM.attributes
                0x0000011a       0x32 ./Core/Src/smart_watch.o
 .ARM.attributes
                0x0000014c       0x32 ./Core/Src/stm32h7xx_hal_msp.o
 .ARM.attributes
                0x0000017e       0x32 ./Core/Src/stm32h7xx_it.o
 .ARM.attributes
                0x000001b0       0x32 ./Core/Src/sysmem.o
 .ARM.attributes
                0x000001e2       0x32 ./Core/Src/system_stm32h7xx.o
 .ARM.attributes
                0x00000214       0x21 ./Core/Startup/startup_stm32h7b0rbtx.o
 .ARM.attributes
                0x00000235       0x32 ./Drivers/STM32H7xx_HAL_Driver/Src/stm32h7xx_hal.o
 .ARM.attributes
                0x00000267       0x32 ./Drivers/STM32H7xx_HAL_Driver/Src/stm32h7xx_hal_cortex.o
 .ARM.attributes
                0x00000299       0x32 ./Drivers/STM32H7xx_HAL_Driver/Src/stm32h7xx_hal_dma.o
 .ARM.attributes
                0x000002cb       0x32 ./Drivers/STM32H7xx_HAL_Driver/Src/stm32h7xx_hal_dma2d.o
 .ARM.attributes
                0x000002fd       0x32 ./Drivers/STM32H7xx_HAL_Driver/Src/stm32h7xx_hal_gpio.o
 .ARM.attributes
                0x0000032f       0x32 ./Drivers/STM32H7xx_HAL_Driver/Src/stm32h7xx_hal_i2c.o
 .ARM.attributes
                0x00000361       0x32 ./Drivers/STM32H7xx_HAL_Driver/Src/stm32h7xx_hal_jpeg.o
 .ARM.attributes
                0x00000393       0x32 ./Drivers/STM32H7xx_HAL_Driver/Src/stm32h7xx_hal_mdma.o
 .ARM.attributes
                0x000003c5       0x32 ./Drivers/STM32H7xx_HAL_Driver/Src/stm32h7xx_hal_pwr_ex.o
 .ARM.attributes
                0x000003f7       0x32 ./Drivers/STM32H7xx_HAL_Driver/Src/stm32h7xx_hal_rcc.o
 .ARM.attributes
                0x00000429       0x32 ./Drivers/STM32H7xx_HAL_Driver/Src/stm32h7xx_hal_rcc_ex.o
 .ARM.attributes
                0x0000045b       0x32 ./Drivers/STM32H7xx_HAL_Driver/Src/stm32h7xx_hal_rtc.o
 .ARM.attributes
                0x0000048d       0x32 ./Drivers/STM32H7xx_HAL_Driver/Src/stm32h7xx_hal_sd.o
 .ARM.attributes
                0x000004bf       0x32 ./Drivers/STM32H7xx_HAL_Driver/Src/stm32h7xx_hal_spi.o
 .ARM.attributes
                0x000004f1       0x32 ./Drivers/STM32H7xx_HAL_Driver/Src/stm32h7xx_ll_sdmmc.o
 .ARM.attributes
                0x00000523       0x32 ./FATFS/App/fatfs.o
 .ARM.attributes
                0x00000555       0x32 ./FATFS/Target/bsp_driver_sd.o
 .ARM.attributes
                0x00000587       0x32 ./FATFS/Target/fatfs_platform.o
 .ARM.attributes
                0x000005b9       0x32 ./FATFS/Target/sd_diskio.o
 .ARM.attributes
                0x000005eb       0x32 ./Middlewares/Third_Party/FatFs/src/diskio.o
 .ARM.attributes
                0x0000061d       0x32 ./Middlewares/Third_Party/FatFs/src/ff.o
 .ARM.attributes
                0x0000064f       0x32 ./Middlewares/Third_Party/FatFs/src/ff_gen_drv.o
 .ARM.attributes
                0x00000681       0x32 D:/ST/STM32CubeIDE_1.15.1/STM32CubeIDE/plugins/com.st.stm32cube.ide.mcu.externaltools.gnu-tools-for-stm32.12.3.rel1.win32_1.0.200.202406191623/tools/bin/../lib/gcc/arm-none-eabi/12.3.1/../../../../arm-none-eabi/lib/thumb/v7e-m+dp/hard\libc_nano.a(libc_a-findfp.o)
 .ARM.attributes
                0x000006b3       0x32 D:/ST/STM32CubeIDE_1.15.1/STM32CubeIDE/plugins/com.st.stm32cube.ide.mcu.externaltools.gnu-tools-for-stm32.12.3.rel1.win32_1.0.200.202406191623/tools/bin/../lib/gcc/arm-none-eabi/12.3.1/../../../../arm-none-eabi/lib/thumb/v7e-m+dp/hard\libc_nano.a(libc_a-snprintf.o)
 .ARM.attributes
                0x000006e5       0x32 D:/ST/STM32CubeIDE_1.15.1/STM32CubeIDE/plugins/com.st.stm32cube.ide.mcu.externaltools.gnu-tools-for-stm32.12.3.rel1.win32_1.0.200.202406191623/tools/bin/../lib/gcc/arm-none-eabi/12.3.1/../../../../arm-none-eabi/lib/thumb/v7e-m+dp/hard\libc_nano.a(libc_a-memset.o)
 .ARM.attributes
                0x00000717       0x32 D:/ST/STM32CubeIDE_1.15.1/STM32CubeIDE/plugins/com.st.stm32cube.ide.mcu.externaltools.gnu-tools-for-stm32.12.3.rel1.win32_1.0.200.202406191623/tools/bin/../lib/gcc/arm-none-eabi/12.3.1/../../../../arm-none-eabi/lib/thumb/v7e-m+dp/hard\libc_nano.a(libc_a-reent.o)
 .ARM.attributes
                0x00000749       0x32 D:/ST/STM32CubeIDE_1.15.1/STM32CubeIDE/plugins/com.st.stm32cube.ide.mcu.externaltools.gnu-tools-for-stm32.12.3.rel1.win32_1.0.200.202406191623/tools/bin/../lib/gcc/arm-none-eabi/12.3.1/../../../../arm-none-eabi/lib/thumb/v7e-m+dp/hard\libc_nano.a(libc_a-impure.o)
 .ARM.attributes
                0x0000077b       0x32 D:/ST/STM32CubeIDE_1.15.1/STM32CubeIDE/plugins/com.st.stm32cube.ide.mcu.externaltools.gnu-tools-for-stm32.12.3.rel1.win32_1.0.200.202406191623/tools/bin/../lib/gcc/arm-none-eabi/12.3.1/../../../../arm-none-eabi/lib/thumb/v7e-m+dp/hard\libc_nano.a(libc_a-errno.o)
 .ARM.attributes
                0x000007ad       0x32 D:/ST/STM32CubeIDE_1.15.1/STM32CubeIDE/plugins/com.st.stm32cube.ide.mcu.externaltools.gnu-tools-for-stm32.12.3.rel1.win32_1.0.200.202406191623/tools/bin/../lib/gcc/arm-none-eabi/12.3.1/../../../../arm-none-eabi/lib/thumb/v7e-m+dp/hard\libc_nano.a(libc_a-init.o)
 .ARM.attributes
                0x000007df       0x32 D:/ST/STM32CubeIDE_1.15.1/STM32CubeIDE/plugins/com.st.stm32cube.ide.mcu.externaltools.gnu-tools-for-stm32.12.3.rel1.win32_1.0.200.202406191623/tools/bin/../lib/gcc/arm-none-eabi/12.3.1/../../../../arm-none-eabi/lib/thumb/v7e-m+dp/hard\libc_nano.a(libc_a-lock.o)
 .ARM.attributes
                0x00000811       0x17 D:/ST/STM32CubeIDE_1.15.1/STM32CubeIDE/plugins/com.st.stm32cube.ide.mcu.externaltools.gnu-tools-for-stm32.12.3.rel1.win32_1.0.200.202406191623/tools/bin/../lib/gcc/arm-none-eabi/12.3.1/../../../../arm-none-eabi/lib/thumb/v7e-m+dp/hard\libc_nano.a(libc_a-strlen.o)
 .ARM.attributes
                0x00000828       0x32 D:/ST/STM32CubeIDE_1.15.1/STM32CubeIDE/plugins/com.st.stm32cube.ide.mcu.externaltools.gnu-tools-for-stm32.12.3.rel1.win32_1.0.200.202406191623/tools/bin/../lib/gcc/arm-none-eabi/12.3.1/../../../../arm-none-eabi/lib/thumb/v7e-m+dp/hard\libc_nano.a(libc_a-freer.o)
 .ARM.attributes
                0x0000085a       0x32 D:/ST/STM32CubeIDE_1.15.1/STM32CubeIDE/plugins/com.st.stm32cube.ide.mcu.externaltools.gnu-tools-for-stm32.12.3.rel1.win32_1.0.200.202406191623/tools/bin/../lib/gcc/arm-none-eabi/12.3.1/../../../../arm-none-eabi/lib/thumb/v7e-m+dp/hard\libc_nano.a(libc_a-mallocr.o)
 .ARM.attributes
                0x0000088c       0x32 D:/ST/STM32CubeIDE_1.15.1/STM32CubeIDE/plugins/com.st.stm32cube.ide.mcu.externaltools.gnu-tools-for-stm32.12.3.rel1.win32_1.0.200.202406191623/tools/bin/../lib/gcc/arm-none-eabi/12.3.1/../../../../arm-none-eabi/lib/thumb/v7e-m+dp/hard\libc_nano.a(libc_a-mlock.o)
 .ARM.attributes
                0x000008be       0x32 D:/ST/STM32CubeIDE_1.15.1/STM32CubeIDE/plugins/com.st.stm32cube.ide.mcu.externaltools.gnu-tools-for-stm32.12.3.rel1.win32_1.0.200.202406191623/tools/bin/../lib/gcc/arm-none-eabi/12.3.1/../../../../arm-none-eabi/lib/thumb/v7e-m+dp/hard\libc_nano.a(libc_a-nano-svfprintf.o)
 .ARM.attributes
                0x000008f0       0x32 D:/ST/STM32CubeIDE_1.15.1/STM32CubeIDE/plugins/com.st.stm32cube.ide.mcu.externaltools.gnu-tools-for-stm32.12.3.rel1.win32_1.0.200.202406191623/tools/bin/../lib/gcc/arm-none-eabi/12.3.1/../../../../arm-none-eabi/lib/thumb/v7e-m+dp/hard\libc_nano.a(libc_a-nano-vfprintf_i.o)
 .ARM.attributes
                0x00000922       0x32 D:/ST/STM32CubeIDE_1.15.1/STM32CubeIDE/plugins/com.st.stm32cube.ide.mcu.externaltools.gnu-tools-for-stm32.12.3.rel1.win32_1.0.200.202406191623/tools/bin/../lib/gcc/arm-none-eabi/12.3.1/../../../../arm-none-eabi/lib/thumb/v7e-m+dp/hard\libc_nano.a(libc_a-memmove.o)
 .ARM.attributes
                0x00000954       0x32 D:/ST/STM32CubeIDE_1.15.1/STM32CubeIDE/plugins/com.st.stm32cube.ide.mcu.externaltools.gnu-tools-for-stm32.12.3.rel1.win32_1.0.200.202406191623/tools/bin/../lib/gcc/arm-none-eabi/12.3.1/../../../../arm-none-eabi/lib/thumb/v7e-m+dp/hard\libc_nano.a(libc_a-sbrkr.o)
 .ARM.attributes
                0x00000986       0x1c D:/ST/STM32CubeIDE_1.15.1/STM32CubeIDE/plugins/com.st.stm32cube.ide.mcu.externaltools.gnu-tools-for-stm32.12.3.rel1.win32_1.0.200.202406191623/tools/bin/../lib/gcc/arm-none-eabi/12.3.1/../../../../arm-none-eabi/lib/thumb/v7e-m+dp/hard\libc_nano.a(libc_a-memchr.o)
 .ARM.attributes
                0x000009a2       0x32 D:/ST/STM32CubeIDE_1.15.1/STM32CubeIDE/plugins/com.st.stm32cube.ide.mcu.externaltools.gnu-tools-for-stm32.12.3.rel1.win32_1.0.200.202406191623/tools/bin/../lib/gcc/arm-none-eabi/12.3.1/../../../../arm-none-eabi/lib/thumb/v7e-m+dp/hard\libc_nano.a(libc_a-memcpy-stub.o)
 .ARM.attributes
                0x000009d4       0x32 D:/ST/STM32CubeIDE_1.15.1/STM32CubeIDE/plugins/com.st.stm32cube.ide.mcu.externaltools.gnu-tools-for-stm32.12.3.rel1.win32_1.0.200.202406191623/tools/bin/../lib/gcc/arm-none-eabi/12.3.1/../../../../arm-none-eabi/lib/thumb/v7e-m+dp/hard\libc_nano.a(libc_a-reallocr.o)
 .ARM.attributes
                0x00000a06       0x32 D:/ST/STM32CubeIDE_1.15.1/STM32CubeIDE/plugins/com.st.stm32cube.ide.mcu.externaltools.gnu-tools-for-stm32.12.3.rel1.win32_1.0.200.202406191623/tools/bin/../lib/gcc/arm-none-eabi/12.3.1/../../../../arm-none-eabi/lib/thumb/v7e-m+dp/hard\libc_nano.a(libc_a-msizer.o)
 .ARM.attributes
                0x00000a38       0x20 D:/ST/STM32CubeIDE_1.15.1/STM32CubeIDE/plugins/com.st.stm32cube.ide.mcu.externaltools.gnu-tools-for-stm32.12.3.rel1.win32_1.0.200.202406191623/tools/bin/../lib/gcc/arm-none-eabi/12.3.1/thumb/v7e-m+dp/hard/crtn.o
OUTPUT(digital_watch_v02.elf elf32-littlearm)
LOAD linker stubs
LOAD D:/ST/STM32CubeIDE_1.15.1/STM32CubeIDE/plugins/com.st.stm32cube.ide.mcu.externaltools.gnu-tools-for-stm32.12.3.rel1.win32_1.0.200.202406191623/tools/bin/../lib/gcc/arm-none-eabi/12.3.1/../../../../arm-none-eabi/lib/thumb/v7e-m+dp/hard\libc.a
LOAD D:/ST/STM32CubeIDE_1.15.1/STM32CubeIDE/plugins/com.st.stm32cube.ide.mcu.externaltools.gnu-tools-for-stm32.12.3.rel1.win32_1.0.200.202406191623/tools/bin/../lib/gcc/arm-none-eabi/12.3.1/../../../../arm-none-eabi/lib/thumb/v7e-m+dp/hard\libm.a
LOAD D:/ST/STM32CubeIDE_1.15.1/STM32CubeIDE/plugins/com.st.stm32cube.ide.mcu.externaltools.gnu-tools-for-stm32.12.3.rel1.win32_1.0.200.202406191623/tools/bin/../lib/gcc/arm-none-eabi/12.3.1/thumb/v7e-m+dp/hard\libgcc.a

.debug_info     0x00000000    0x3a0cf
 .debug_info    0x00000000     0x1a53 ./Core/Src/FXLS8974C.o
 .debug_info    0x00001a53     0x39cc ./Core/Src/GC9A01.o
 .debug_info    0x0000541f      0xb31 ./Core/Src/decode_dma.o
 .debug_info    0x00005f50     0x3f19 ./Core/Src/main.o
 .debug_info    0x00009e69     0x4761 ./Core/Src/smart_watch.o
 .debug_info    0x0000e5ca     0x2b3f ./Core/Src/stm32h7xx_hal_msp.o
 .debug_info    0x00011109     0x10e8 ./Core/Src/stm32h7xx_it.o
 .debug_info    0x000121f1      0x186 ./Core/Src/sysmem.o
 .debug_info    0x00012377      0xca0 ./Core/Src/system_stm32h7xx.o
 .debug_info    0x00013017       0x30 ./Core/Startup/startup_stm32h7b0rbtx.o
 .debug_info    0x00013047     0x152d ./Drivers/STM32H7xx_HAL_Driver/Src/stm32h7xx_hal.o
 .debug_info    0x00014574     0x1337 ./Drivers/STM32H7xx_HAL_Driver/Src/stm32h7xx_hal_cortex.o
 .debug_info    0x000158ab      0xea8 ./Drivers/STM32H7xx_HAL_Driver/Src/stm32h7xx_hal_dma.o
 .debug_info    0x00016753     0x1850 ./Drivers/STM32H7xx_HAL_Driver/Src/stm32h7xx_hal_dma2d.o
 .debug_info    0x00017fa3      0xb6f ./Drivers/STM32H7xx_HAL_Driver/Src/stm32h7xx_hal_gpio.o
 .debug_info    0x00018b12     0x62fd ./Drivers/STM32H7xx_HAL_Driver/Src/stm32h7xx_hal_i2c.o
 .debug_info    0x0001ee0f     0x2d85 ./Drivers/STM32H7xx_HAL_Driver/Src/stm32h7xx_hal_jpeg.o
 .debug_info    0x00021b94      0xed4 ./Drivers/STM32H7xx_HAL_Driver/Src/stm32h7xx_hal_mdma.o
 .debug_info    0x00022a68     0x103f ./Drivers/STM32H7xx_HAL_Driver/Src/stm32h7xx_hal_pwr_ex.o
 .debug_info    0x00023aa7     0x137e ./Drivers/STM32H7xx_HAL_Driver/Src/stm32h7xx_hal_rcc.o
 .debug_info    0x00024e25     0x23b8 ./Drivers/STM32H7xx_HAL_Driver/Src/stm32h7xx_hal_rcc_ex.o
 .debug_info    0x000271dd     0x19f7 ./Drivers/STM32H7xx_HAL_Driver/Src/stm32h7xx_hal_rtc.o
 .debug_info    0x00028bd4     0x278c ./Drivers/STM32H7xx_HAL_Driver/Src/stm32h7xx_hal_sd.o
 .debug_info    0x0002b360     0x19e9 ./Drivers/STM32H7xx_HAL_Driver/Src/stm32h7xx_hal_spi.o
 .debug_info    0x0002cd49     0x3765 ./Drivers/STM32H7xx_HAL_Driver/Src/stm32h7xx_ll_sdmmc.o
 .debug_info    0x000304ae      0x513 ./FATFS/App/fatfs.o
 .debug_info    0x000309c1      0xa5d ./FATFS/Target/bsp_driver_sd.o
 .debug_info    0x0003141e      0x201 ./FATFS/Target/fatfs_platform.o
 .debug_info    0x0003161f      0x6bf ./FATFS/Target/sd_diskio.o
 .debug_info    0x00031cde      0x470 ./Middlewares/Third_Party/FatFs/src/diskio.o
 .debug_info    0x0003214e     0x79c4 ./Middlewares/Third_Party/FatFs/src/ff.o
 .debug_info    0x00039b12      0x5bd ./Middlewares/Third_Party/FatFs/src/ff_gen_drv.o

.debug_abbrev   0x00000000     0x5ddc
 .debug_abbrev  0x00000000      0x2ea ./Core/Src/FXLS8974C.o
 .debug_abbrev  0x000002ea      0x42f ./Core/Src/GC9A01.o
 .debug_abbrev  0x00000719      0x22a ./Core/Src/decode_dma.o
 .debug_abbrev  0x00000943      0x50c ./Core/Src/main.o
 .debug_abbrev  0x00000e4f      0x64e ./Core/Src/smart_watch.o
 .debug_abbrev  0x0000149d      0x2f9 ./Core/Src/stm32h7xx_hal_msp.o
 .debug_abbrev  0x00001796      0x233 ./Core/Src/stm32h7xx_it.o
 .debug_abbrev  0x000019c9       0xdc ./Core/Src/sysmem.o
 .debug_abbrev  0x00001aa5      0x150 ./Core/Src/system_stm32h7xx.o
 .debug_abbrev  0x00001bf5       0x24 ./Core/Startup/startup_stm32h7b0rbtx.o
 .debug_abbrev  0x00001c19      0x311 ./Drivers/STM32H7xx_HAL_Driver/Src/stm32h7xx_hal.o
 .debug_abbrev  0x00001f2a      0x3a4 ./Drivers/STM32H7xx_HAL_Driver/Src/stm32h7xx_hal_cortex.o
 .debug_abbrev  0x000022ce      0x341 ./Drivers/STM32H7xx_HAL_Driver/Src/stm32h7xx_hal_dma.o
 .debug_abbrev  0x0000260f      0x35c ./Drivers/STM32H7xx_HAL_Driver/Src/stm32h7xx_hal_dma2d.o
 .debug_abbrev  0x0000296b      0x25d ./Drivers/STM32H7xx_HAL_Driver/Src/stm32h7xx_hal_gpio.o
 .debug_abbrev  0x00002bc8      0x420 ./Drivers/STM32H7xx_HAL_Driver/Src/stm32h7xx_hal_i2c.o
 .debug_abbrev  0x00002fe8      0x3e9 ./Drivers/STM32H7xx_HAL_Driver/Src/stm32h7xx_hal_jpeg.o
 .debug_abbrev  0x000033d1      0x2d5 ./Drivers/STM32H7xx_HAL_Driver/Src/stm32h7xx_hal_mdma.o
 .debug_abbrev  0x000036a6      0x2f6 ./Drivers/STM32H7xx_HAL_Driver/Src/stm32h7xx_hal_pwr_ex.o
 .debug_abbrev  0x0000399c      0x326 ./Drivers/STM32H7xx_HAL_Driver/Src/stm32h7xx_hal_rcc.o
 .debug_abbrev  0x00003cc2      0x378 ./Drivers/STM32H7xx_HAL_Driver/Src/stm32h7xx_hal_rcc_ex.o
 .debug_abbrev  0x0000403a      0x339 ./Drivers/STM32H7xx_HAL_Driver/Src/stm32h7xx_hal_rtc.o
 .debug_abbrev  0x00004373      0x3a1 ./Drivers/STM32H7xx_HAL_Driver/Src/stm32h7xx_hal_sd.o
 .debug_abbrev  0x00004714      0x3ca ./Drivers/STM32H7xx_HAL_Driver/Src/stm32h7xx_hal_spi.o
 .debug_abbrev  0x00004ade      0x329 ./Drivers/STM32H7xx_HAL_Driver/Src/stm32h7xx_ll_sdmmc.o
 .debug_abbrev  0x00004e07      0x172 ./FATFS/App/fatfs.o
 .debug_abbrev  0x00004f79      0x274 ./FATFS/Target/bsp_driver_sd.o
 .debug_abbrev  0x000051ed      0x11c ./FATFS/Target/fatfs_platform.o
 .debug_abbrev  0x00005309      0x28b ./FATFS/Target/sd_diskio.o
 .debug_abbrev  0x00005594      0x1c3 ./Middlewares/Third_Party/FatFs/src/diskio.o
 .debug_abbrev  0x00005757      0x448 ./Middlewares/Third_Party/FatFs/src/ff.o
 .debug_abbrev  0x00005b9f      0x23d ./Middlewares/Third_Party/FatFs/src/ff_gen_drv.o

.debug_loclists
                0x00000000    0x251c7
 .debug_loclists
                0x00000000      0xad1 ./Core/Src/FXLS8974C.o
 .debug_loclists
                0x00000ad1      0xba5 ./Core/Src/GC9A01.o
 .debug_loclists
                0x00001676      0x145 ./Core/Src/decode_dma.o
 .debug_loclists
                0x000017bb       0xb4 ./Core/Src/main.o
 .debug_loclists
                0x0000186f      0x780 ./Core/Src/smart_watch.o
 .debug_loclists
                0x00001fef       0xd1 ./Core/Src/stm32h7xx_hal_msp.o
 .debug_loclists
                0x000020c0       0x55 ./Core/Src/sysmem.o
 .debug_loclists
                0x00002115      0x103 ./Core/Src/system_stm32h7xx.o
 .debug_loclists
                0x00002218      0x22d ./Drivers/STM32H7xx_HAL_Driver/Src/stm32h7xx_hal.o
 .debug_loclists
                0x00002445      0x4df ./Drivers/STM32H7xx_HAL_Driver/Src/stm32h7xx_hal_cortex.o
 .debug_loclists
                0x00002924     0x15f5 ./Drivers/STM32H7xx_HAL_Driver/Src/stm32h7xx_hal_dma.o
 .debug_loclists
                0x00003f19     0x21b4 ./Drivers/STM32H7xx_HAL_Driver/Src/stm32h7xx_hal_dma2d.o
 .debug_loclists
                0x000060cd      0x319 ./Drivers/STM32H7xx_HAL_Driver/Src/stm32h7xx_hal_gpio.o
 .debug_loclists
                0x000063e6     0x5bc8 ./Drivers/STM32H7xx_HAL_Driver/Src/stm32h7xx_hal_i2c.o
 .debug_loclists
                0x0000bfae     0x499d ./Drivers/STM32H7xx_HAL_Driver/Src/stm32h7xx_hal_jpeg.o
 .debug_loclists
                0x0001094b      0xb58 ./Drivers/STM32H7xx_HAL_Driver/Src/stm32h7xx_hal_mdma.o
 .debug_loclists
                0x000114a3      0x2a9 ./Drivers/STM32H7xx_HAL_Driver/Src/stm32h7xx_hal_pwr_ex.o
 .debug_loclists
                0x0001174c      0x6ec ./Drivers/STM32H7xx_HAL_Driver/Src/stm32h7xx_hal_rcc.o
 .debug_loclists
                0x00011e38     0x1448 ./Drivers/STM32H7xx_HAL_Driver/Src/stm32h7xx_hal_rcc_ex.o
 .debug_loclists
                0x00013280      0xf5d ./Drivers/STM32H7xx_HAL_Driver/Src/stm32h7xx_hal_rtc.o
 .debug_loclists
                0x000141dd     0x1a78 ./Drivers/STM32H7xx_HAL_Driver/Src/stm32h7xx_hal_sd.o
 .debug_loclists
                0x00015c55     0x11e1 ./Drivers/STM32H7xx_HAL_Driver/Src/stm32h7xx_hal_spi.o
 .debug_loclists
                0x00016e36     0x3996 ./Drivers/STM32H7xx_HAL_Driver/Src/stm32h7xx_ll_sdmmc.o
 .debug_loclists
                0x0001a7cc      0x2f3 ./FATFS/Target/bsp_driver_sd.o
 .debug_loclists
                0x0001aabf       0x27 ./FATFS/Target/fatfs_platform.o
 .debug_loclists
                0x0001aae6      0x246 ./FATFS/Target/sd_diskio.o
 .debug_loclists
                0x0001ad2c      0x16c ./Middlewares/Third_Party/FatFs/src/diskio.o
 .debug_loclists
                0x0001ae98     0x9f3f ./Middlewares/Third_Party/FatFs/src/ff.o
 .debug_loclists
                0x00024dd7      0x3f0 ./Middlewares/Third_Party/FatFs/src/ff_gen_drv.o

.debug_aranges  0x00000000     0x16e0
 .debug_aranges
                0x00000000       0x38 ./Core/Src/FXLS8974C.o
 .debug_aranges
                0x00000038       0x78 ./Core/Src/GC9A01.o
 .debug_aranges
                0x000000b0       0x48 ./Core/Src/decode_dma.o
 .debug_aranges
                0x000000f8       0x38 ./Core/Src/main.o
 .debug_aranges
                0x00000130       0x80 ./Core/Src/smart_watch.o
 .debug_aranges
                0x000001b0       0x70 ./Core/Src/stm32h7xx_hal_msp.o
 .debug_aranges
                0x00000220       0x98 ./Core/Src/stm32h7xx_it.o
 .debug_aranges
                0x000002b8       0x20 ./Core/Src/sysmem.o
 .debug_aranges
                0x000002d8       0x28 ./Core/Src/system_stm32h7xx.o
 .debug_aranges
                0x00000300       0x28 ./Core/Startup/startup_stm32h7b0rbtx.o
 .debug_aranges
                0x00000328      0x1a0 ./Drivers/STM32H7xx_HAL_Driver/Src/stm32h7xx_hal.o
 .debug_aranges
                0x000004c8       0xc0 ./Drivers/STM32H7xx_HAL_Driver/Src/stm32h7xx_hal_cortex.o
 .debug_aranges
                0x00000588       0x88 ./Drivers/STM32H7xx_HAL_Driver/Src/stm32h7xx_hal_dma.o
 .debug_aranges
                0x00000610      0x118 ./Drivers/STM32H7xx_HAL_Driver/Src/stm32h7xx_hal_dma2d.o
 .debug_aranges
                0x00000728       0x58 ./Drivers/STM32H7xx_HAL_Driver/Src/stm32h7xx_hal_gpio.o
 .debug_aranges
                0x00000780      0x250 ./Drivers/STM32H7xx_HAL_Driver/Src/stm32h7xx_hal_i2c.o
 .debug_aranges
                0x000009d0      0x168 ./Drivers/STM32H7xx_HAL_Driver/Src/stm32h7xx_hal_jpeg.o
 .debug_aranges
                0x00000b38       0xb0 ./Drivers/STM32H7xx_HAL_Driver/Src/stm32h7xx_hal_mdma.o
 .debug_aranges
                0x00000be8      0x188 ./Drivers/STM32H7xx_HAL_Driver/Src/stm32h7xx_hal_pwr_ex.o
 .debug_aranges
                0x00000d70       0x90 ./Drivers/STM32H7xx_HAL_Driver/Src/stm32h7xx_hal_rcc.o
 .debug_aranges
                0x00000e00       0xf0 ./Drivers/STM32H7xx_HAL_Driver/Src/stm32h7xx_hal_rcc_ex.o
 .debug_aranges
                0x00000ef0       0xc0 ./Drivers/STM32H7xx_HAL_Driver/Src/stm32h7xx_hal_rtc.o
 .debug_aranges
                0x00000fb0      0x128 ./Drivers/STM32H7xx_HAL_Driver/Src/stm32h7xx_hal_sd.o
 .debug_aranges
                0x000010d8      0x198 ./Drivers/STM32H7xx_HAL_Driver/Src/stm32h7xx_hal_spi.o
 .debug_aranges
                0x00001270      0x198 ./Drivers/STM32H7xx_HAL_Driver/Src/stm32h7xx_ll_sdmmc.o
 .debug_aranges
                0x00001408       0x28 ./FATFS/App/fatfs.o
 .debug_aranges
                0x00001430       0x98 ./FATFS/Target/bsp_driver_sd.o
 .debug_aranges
                0x000014c8       0x20 ./FATFS/Target/fatfs_platform.o
 .debug_aranges
                0x000014e8       0x40 ./FATFS/Target/sd_diskio.o
 .debug_aranges
                0x00001528       0x48 ./Middlewares/Third_Party/FatFs/src/diskio.o
 .debug_aranges
                0x00001570      0x130 ./Middlewares/Third_Party/FatFs/src/ff.o
 .debug_aranges
                0x000016a0       0x40 ./Middlewares/Third_Party/FatFs/src/ff_gen_drv.o

.debug_rnglists
                0x00000000     0x3cbe
 .debug_rnglists
                0x00000000      0x198 ./Core/Src/FXLS8974C.o
 .debug_rnglists
                0x00000198      0x126 ./Core/Src/GC9A01.o
 .debug_rnglists
                0x000002be       0x31 ./Core/Src/decode_dma.o
 .debug_rnglists
                0x000002ef       0xce ./Core/Src/main.o
 .debug_rnglists
                0x000003bd      0x1ec ./Core/Src/smart_watch.o
 .debug_rnglists
                0x000005a9       0xcd ./Core/Src/stm32h7xx_hal_msp.o
 .debug_rnglists
                0x00000676       0x6d ./Core/Src/stm32h7xx_it.o
 .debug_rnglists
                0x000006e3       0x13 ./Core/Src/sysmem.o
 .debug_rnglists
                0x000006f6       0x1b ./Core/Src/system_stm32h7xx.o
 .debug_rnglists
                0x00000711       0x19 ./Core/Startup/startup_stm32h7b0rbtx.o
 .debug_rnglists
                0x0000072a      0x134 ./Drivers/STM32H7xx_HAL_Driver/Src/stm32h7xx_hal.o