Archive member included to satisfy reference by file (symbol)

D:/ST/STM32CubeIDE_1.15.1/STM32CubeIDE/plugins/com.st.stm32cube.ide.mcu.externaltools.gnu-tools-for-stm32.12.3.rel1.win32_1.0.200.202406191623/tools/bin/../lib/gcc/arm-none-eabi/12.3.1/../../../../arm-none-eabi/lib/thumb/v7e-m+dp/hard\libc_nano.a(libc_a-exit.o)
                              D:/ST/STM32CubeIDE_1.15.1/STM32CubeIDE/plugins/com.st.stm32cube.ide.mcu.externaltools.gnu-tools-for-stm32.12.3.rel1.win32_1.0.200.202406191623/tools/bin/../lib/gcc/arm-none-eabi/12.3.1/../../../../arm-none-eabi/lib/thumb/v7e-m+dp/hard/crt0.o (exit)
D:/ST/STM32CubeIDE_1.15.1/STM32CubeIDE/plugins/com.st.stm32cube.ide.mcu.externaltools.gnu-tools-for-stm32.12.3.rel1.win32_1.0.200.202406191623/tools/bin/../lib/gcc/arm-none-eabi/12.3.1/../../../../arm-none-eabi/lib/thumb/v7e-m+dp/hard\libc_nano.a(libc_a-findfp.o)
                              D:/ST/STM32CubeIDE_1.15.1/STM32CubeIDE/plugins/com.st.stm32cube.ide.mcu.externaltools.gnu-tools-for-stm32.12.3.rel1.win32_1.0.200.202406191623/tools/bin/../lib/gcc/arm-none-eabi/12.3.1/../../../../arm-none-eabi/lib/thumb/v7e-m+dp/hard\libc_nano.a(libc_a-exit.o) (__stdio_exit_handler)
D:/ST/STM32CubeIDE_1.15.1/STM32CubeIDE/plugins/com.st.stm32cube.ide.mcu.externaltools.gnu-tools-for-stm32.12.3.rel1.win32_1.0.200.202406191623/tools/bin/../lib/gcc/arm-none-eabi/12.3.1/../../../../arm-none-eabi/lib/thumb/v7e-m+dp/hard\libc_nano.a(libc_a-fwalk.o)
                              D:/ST/STM32CubeIDE_1.15.1/STM32CubeIDE/plugins/com.st.stm32cube.ide.mcu.externaltools.gnu-tools-for-stm32.12.3.rel1.win32_1.0.200.202406191623/tools/bin/../lib/gcc/arm-none-eabi/12.3.1/../../../../arm-none-eabi/lib/thumb/v7e-m+dp/hard\libc_nano.a(libc_a-findfp.o) (_fwalk_sglue)
D:/ST/STM32CubeIDE_1.15.1/STM32CubeIDE/plugins/com.st.stm32cube.ide.mcu.externaltools.gnu-tools-for-stm32.12.3.rel1.win32_1.0.200.202406191623/tools/bin/../lib/gcc/arm-none-eabi/12.3.1/../../../../arm-none-eabi/lib/thumb/v7e-m+dp/hard\libc_nano.a(libc_a-snprintf.o)
                              ./Core/Src/smart_watch.o (snprintf)
D:/ST/STM32CubeIDE_1.15.1/STM32CubeIDE/plugins/com.st.stm32cube.ide.mcu.externaltools.gnu-tools-for-stm32.12.3.rel1.win32_1.0.200.202406191623/tools/bin/../lib/gcc/arm-none-eabi/12.3.1/../../../../arm-none-eabi/lib/thumb/v7e-m+dp/hard\libc_nano.a(libc_a-stdio.o)
                              D:/ST/STM32CubeIDE_1.15.1/STM32CubeIDE/plugins/com.st.stm32cube.ide.mcu.externaltools.gnu-tools-for-stm32.12.3.rel1.win32_1.0.200.202406191623/tools/bin/../lib/gcc/arm-none-eabi/12.3.1/../../../../arm-none-eabi/lib/thumb/v7e-m+dp/hard\libc_nano.a(libc_a-findfp.o) (__sread)
D:/ST/STM32CubeIDE_1.15.1/STM32CubeIDE/plugins/com.st.stm32cube.ide.mcu.externaltools.gnu-tools-for-stm32.12.3.rel1.win32_1.0.200.202406191623/tools/bin/../lib/gcc/arm-none-eabi/12.3.1/../../../../arm-none-eabi/lib/thumb/v7e-m+dp/hard\libc_nano.a(libc_a-memset.o)
                              D:/ST/STM32CubeIDE_1.15.1/STM32CubeIDE/plugins/com.st.stm32cube.ide.mcu.externaltools.gnu-tools-for-stm32.12.3.rel1.win32_1.0.200.202406191623/tools/bin/../lib/gcc/arm-none-eabi/12.3.1/../../../../arm-none-eabi/lib/thumb/v7e-m+dp/hard/crt0.o (memset)
D:/ST/STM32CubeIDE_1.15.1/STM32CubeIDE/plugins/com.st.stm32cube.ide.mcu.externaltools.gnu-tools-for-stm32.12.3.rel1.win32_1.0.200.202406191623/tools/bin/../lib/gcc/arm-none-eabi/12.3.1/../../../../arm-none-eabi/lib/thumb/v7e-m+dp/hard\libc_nano.a(libc_a-closer.o)
                              D:/ST/STM32CubeIDE_1.15.1/STM32CubeIDE/plugins/com.st.stm32cube.ide.mcu.externaltools.gnu-tools-for-stm32.12.3.rel1.win32_1.0.200.202406191623/tools/bin/../lib/gcc/arm-none-eabi/12.3.1/../../../../arm-none-eabi/lib/thumb/v7e-m+dp/hard\libc_nano.a(libc_a-stdio.o) (_close_r)
D:/ST/STM32CubeIDE_1.15.1/STM32CubeIDE/plugins/com.st.stm32cube.ide.mcu.externaltools.gnu-tools-for-stm32.12.3.rel1.win32_1.0.200.202406191623/tools/bin/../lib/gcc/arm-none-eabi/12.3.1/../../../../arm-none-eabi/lib/thumb/v7e-m+dp/hard\libc_nano.a(libc_a-reent.o)
                              D:/ST/STM32CubeIDE_1.15.1/STM32CubeIDE/plugins/com.st.stm32cube.ide.mcu.externaltools.gnu-tools-for-stm32.12.3.rel1.win32_1.0.200.202406191623/tools/bin/../lib/gcc/arm-none-eabi/12.3.1/../../../../arm-none-eabi/lib/thumb/v7e-m+dp/hard\libc_nano.a(libc_a-closer.o) (errno)
D:/ST/STM32CubeIDE_1.15.1/STM32CubeIDE/plugins/com.st.stm32cube.ide.mcu.externaltools.gnu-tools-for-stm32.12.3.rel1.win32_1.0.200.202406191623/tools/bin/../lib/gcc/arm-none-eabi/12.3.1/../../../../arm-none-eabi/lib/thumb/v7e-m+dp/hard\libc_nano.a(libc_a-impure.o)
                              D:/ST/STM32CubeIDE_1.15.1/STM32CubeIDE/plugins/com.st.stm32cube.ide.mcu.externaltools.gnu-tools-for-stm32.12.3.rel1.win32_1.0.200.202406191623/tools/bin/../lib/gcc/arm-none-eabi/12.3.1/../../../../arm-none-eabi/lib/thumb/v7e-m+dp/hard\libc_nano.a(libc_a-snprintf.o) (_impure_ptr)
[...]
Memory Configuration

Name             Origin             Length             Attributes
ITCMRAM          0x00000000         0x00010000         xrw
FLASH            0x08000000         0x00020000         xr
DTCMRAM1         0x20000000         0x00010000         xrw
DTCMRAM2         0x20010000         0x00010000         xrw
RAM              0x24000000         0x00100000         xrw
RAM_CD           0x30000000         0x00020000         xrw
RAM_SRD          0x38000000         0x00008000         xrw
*default*        0x00000000         0xffffffff

Linker script and memory map

LOAD D:/ST/STM32CubeIDE_1.15.1/STM32CubeIDE/plugins/com.st.stm32cube.ide.mcu.externaltools.gnu-tools-for-stm32.12.3.rel1.win32_1.0.200.202406191623/tools/bin/../lib/gcc/arm-none-eabi/12.3.1/thumb/v7e-m+dp/hard/crti.o
LOAD D:/ST/STM32CubeIDE_1.15.1/STM32CubeIDE/plugins/com.st.stm32cube.ide.mcu.externaltools.gnu-tools-for-stm32.12.3.rel1.win32_1.0.200.202406191623/tools/bin/../lib/gcc/arm-none-eabi/12.3.1/thumb/v7e-m+dp/hard/crtbegin.o
LOAD D:/ST/STM32CubeIDE_1.15.1/STM32CubeIDE/plugins/com.st.stm32cube.ide.mcu.externaltools.gnu-tools-for-stm32.12.3.rel1.win32_1.0.200.202406191623/tools/bin/../lib/gcc/arm-none-eabi/12.3.1/../../../../arm-none-eabi/lib/thumb/v7e-m+dp/hard/crt0.o
LOAD ./Core/Src/AVI_parser.o
LOAD ./Core/Src/GC9A01.o
LOAD ./Core/Src/decode_dma.o
LOAD ./Core/Src/main.o
LOAD ./Core/Src/smart_watch.o
LOAD ./Core/Src/stm32h7xx_hal_msp.o
LOAD ./Core/Src/stm32h7xx_it.o
LOAD ./Core/Src/syscalls.o
LOAD ./Core/Src/sysmem.o
LOAD ./Core/Src/system_stm32h7xx.o
LOAD ./Core/Startup/startup_stm32h7b0rbtx.o
LOAD ./Drivers/STM32H7xx_HAL_Driver/Src/stm32h7xx_hal.o
LOAD ./Drivers/STM32H7xx_HAL_Driver/Src/stm32h7xx_hal_cortex.o
LOAD ./Drivers/STM32H7xx_HAL_Driver/Src/stm32h7xx_hal_dma.o
LOAD ./Drivers/STM32H7xx_HAL_Driver/Src/stm32h7xx_hal_dma2d.o
LOAD ./Drivers/STM32H7xx_HAL_Driver/Src/stm32h7xx_hal_dma_ex.o
LOAD ./Drivers/STM32H7xx_HAL_Driver/Src/stm32h7xx_hal_exti.o
LOAD ./Drivers/STM32H7xx_HAL_Driver/Src/stm32h7xx_hal_flash.o
LOAD ./Drivers/STM32H7xx_HAL_Driver/Src/stm32h7xx_hal_flash_ex.o
LOAD ./Drivers/STM32H7xx_HAL_Driver/Src/stm32h7xx_hal_gpio.o
LOAD ./Drivers/STM32H7xx_HAL_Driver/Src/stm32h7xx_hal_hsem.o
LOAD ./Drivers/STM32H7xx_HAL_Driver/Src/stm32h7xx_hal_i2c.o
LOAD ./Drivers/STM32H7xx_HAL_Driver/Src/stm32h7xx_hal_i2c_ex.o
LOAD ./Drivers/STM32H7xx_HAL_Driver/Src/stm32h7xx_hal_jpeg.o
LOAD ./Drivers/STM32H7xx_HAL_Driver/Src/stm32h7xx_hal_mdma.o
LOAD ./Drivers/STM32H7xx_HAL_Driver/Src/stm32h7xx_hal_pwr.o
LOAD ./Drivers/STM32H7xx_HAL_Driver/Src/stm32h7xx_hal_pwr_ex.o
LOAD ./Drivers/STM32H7xx_HAL_Driver/Src/stm32h7xx_hal_rcc.o
LOAD ./Drivers/STM32H7xx_HAL_Driver/Src/stm32h7xx_hal_rcc_ex.o
LOAD ./Drivers/STM32H7xx_HAL_Driver/Src/stm32h7xx_hal_rtc.o
LOAD ./Drivers/STM32H7xx_HAL_Driver/Src/stm32h7xx_hal_rtc_ex.o
LOAD ./Drivers/STM32H7xx_HAL_Driver/Src/stm32h7xx_hal_sd.o
LOAD ./Drivers/STM32H7xx_HAL_Driver/Src/stm32h7xx_hal_sd_ex.o
LOAD ./Drivers/STM32H7xx_HAL_Driver/Src/stm32h7xx_hal_spi.o
LOAD ./Drivers/STM32H7xx_HAL_Driver/Src/stm32h7xx_hal_spi_ex.o
LOAD ./Drivers/STM32H7xx_HAL_Driver/Src/stm32h7xx_hal_tim.o
LOAD ./Drivers/STM32H7xx_HAL_Driver/Src/stm32h7xx_hal_tim_ex.o
LOAD ./Drivers/STM32H7xx_HAL_Driver/Src/stm32h7xx_ll_delayblock.o
LOAD ./Drivers/STM32H7xx_HAL_Driver/Src/stm32h7xx_ll_sdmmc.o
LOAD ./FATFS/App/fatfs.o
LOAD ./FATFS/Target/bsp_driver_sd.o
LOAD ./FATFS/Target/fatfs_platform.o
LOAD ./FATFS/Target/sd_diskio.o
LOAD ./Middlewares/Third_Party/FatFs/src/diskio.o
LOAD ./Middlewares/Third_Party/FatFs/src/ff.o
LOAD ./Middlewares/Third_Party/FatFs/src/ff_gen_drv.o
LOAD ./Middlewares/Third_Party/FatFs/src/option/syscall.o
LOAD ./Utilities/JPEG/jpeg_utils.o
START GROUP
LOAD D:/ST/STM32CubeIDE_1.15.1/STM32CubeIDE/plugins/com.st.stm32cube.ide.mcu.externaltools.gnu-tools-for-stm32.12.3.rel1.win32_1.0.200.202406191623/tools/bin/../lib/gcc/arm-none-eabi/12.3.1/../../../../arm-none-eabi/lib/thumb/v7e-m+dp/hard\libc_nano.a
LOAD D:/ST/STM32CubeIDE_1.15.1/STM32CubeIDE/plugins/com.st.stm32cube.ide.mcu.externaltools.gnu-tools-for-stm32.12.3.rel1.win32_1.0.200.202406191623/tools/bin/../lib/gcc/arm-none-eabi/12.3.1/../../../../arm-none-eabi/lib/thumb/v7e-m+dp/hard\libm.a
END GROUP
START GROUP
LOAD D:/ST/STM32CubeIDE_1.15.1/STM32CubeIDE/plugins/com.st.stm32cube.ide.mcu.externaltools.gnu-tools-for-stm32.12.3.rel1.win32_1.0.200.202406191623/tools/bin/../lib/gcc/arm-none-eabi/12.3.1/thumb/v7e-m+dp/hard\libgcc.a
LOAD D:/ST/STM32CubeIDE_1.15.1/STM32CubeIDE/plugins/com.st.stm32cube.ide.mcu.externaltools.gnu-tools-for-stm32.12.3.rel1.win32_1.0.200.202406191623/tools/bin/../lib/gcc/arm-none-eabi/12.3.1/../../../../arm-none-eabi/lib/thumb/v7e-m+dp/hard\libc_nano.a
END GROUP
START GROUP
LOAD D:/ST/STM32CubeIDE_1.15.1/STM32CubeIDE/plugins/com.st.stm32cube.ide.mcu.externaltools.gnu-tools-for-stm32.12.3.rel1.win32_1.0.200.202406191623/tools/bin/../lib/gcc/arm-none-eabi/12.3.1/thumb/v7e-m+dp/hard\libgcc.a
LOAD D:/ST/STM32CubeIDE_1.15.1/STM32CubeIDE/plugins/com.st.stm32cube.ide.mcu.externaltools.gnu-tools-for-stm32.12.3.rel1.win32_1.0.200.202406191623/tools/bin/../lib/gcc/arm-none-eabi/12.3.1/../../../../arm-none-eabi/lib/thumb/v7e-m+dp/hard\libc_nano.a
LOAD D:/ST/STM32CubeIDE_1.15.1/STM32CubeIDE/plugins/com.st.stm32cube.ide.mcu.externaltools.gnu-tools-for-stm32.12.3.rel1.win32_1.0.200.202406191623/tools/bin/../lib/gcc/arm-none-eabi/12.3.1/../../../../arm-none-eabi/lib/thumb/v7e-m+dp/hard\libnosys.a
END GROUP
START GROUP
LOAD D:/ST/STM32CubeIDE_1.15.1/STM32CubeIDE/plugins/com.st.stm32cube.ide.mcu.externaltools.gnu-tools-for-stm32.12.3.rel1.win32_1.0.200.202406191623/tools/bin/../lib/gcc/arm-none-eabi/12.3.1/thumb/v7e-m+dp/hard\libgcc.a
LOAD D:/ST/STM32CubeIDE_1.15.1/STM32CubeIDE/plugins/com.st.stm32cube.ide.mcu.externaltools.gnu-tools-for-stm32.12.3.rel1.win32_1.0.200.202406191623/tools/bin/../lib/gcc/arm-none-eabi/12.3.1/../../../../arm-none-eabi/lib/thumb/v7e-m+dp/hard\libc_nano.a
LOAD D:/ST/STM32CubeIDE_1.15.1/STM32CubeIDE/plugins/com.st.stm32cube.ide.mcu.externaltools.gnu-tools-for-stm32.12.3.rel1.win32_1.0.200.202406191623/tools/bin/../lib/gcc/arm-none-eabi/12.3.1/../../../../arm-none-eabi/lib/thumb/v7e-m+dp/hard\libnosys.a
END GROUP
LOAD D:/ST/STM32CubeIDE_1.15.1/STM32CubeIDE/plugins/com.st.stm32cube.ide.mcu.externaltools.gnu-tools-for-stm32.12.3.rel1.win32_1.0.200.202406191623/tools/bin/../lib/gcc/arm-none-eabi/12.3.1/thumb/v7e-m+dp/hard/crtend.o
LOAD D:/ST/STM32CubeIDE_1.15.1/STM32CubeIDE/plugins/com.st.stm32cube.ide.mcu.externaltools.gnu-tools-for-stm32.12.3.rel1.win32_1.0.200.202406191623/tools/bin/../lib/gcc/arm-none-eabi/12.3.1/thumb/v7e-m+dp/hard/crtn.o
                0x24100000                        _estack = (ORIGIN (RAM) + LENGTH (RAM))
                0x00000400                        _Min_Heap_Size = 0x400
                0x00000800                        _Min_Stack_Size = 0x800

.isr_vector     0x08000000      0x2ac
                0x08000000                        . = ALIGN (0x4)
 *(.isr_vector)
 .isr_vector    0x08000000      0x2ac ./Core/Startup/startup_stm32h7b0rbtx.o
                0x08000000                g_pfnVectors
                0x080002ac                        . = ALIGN (0x4)

.text           0x080002b0     0xce58
                0x080002b0                        . = ALIGN (0x4)
 *(.text)
 .text          0x080002b0       0x40 D:/ST/STM32CubeIDE_1.15.1/STM32CubeIDE/plugins/com.st.stm32cube.ide.mcu.externaltools.gnu-tools-for-stm32.12.3.rel1.win32_1.0.200.202406191623/tools/bin/../lib/gcc/arm-none-eabi/12.3.1/thumb/v7e-m+dp/hard/crtbegin.o
 .text          0x080002f0       0xa0 D:/ST/STM32CubeIDE_1.15.1/STM32CubeIDE/plugins/com.st.stm32cube.ide.mcu.externaltools.gnu-tools-for-stm32.12.3.rel1.win32_1.0.200.202406191623/tools/bin/../lib/gcc/arm-none-eabi/12.3.1/../../../../arm-none-eabi/lib/thumb/v7e-m+dp/hard\libc_nano.a(libc_a-memchr.o)
                0x080002f0                memchr
 *(.text*)
 .text.AVI_ParserInit
                0x08000390      0x284 ./Core/Src/AVI_parser.o
                0x08000390                AVI_ParserInit
 .text.AVI_GetFrame
                0x08000614      0x168 ./Core/Src/AVI_parser.o
                0x08000614                AVI_GetFrame
 .text.GC9A01_write_data.constprop.0
                0x0800077c       0x48 ./Core/Src/GC9A01.o
 .text.GC9A01_set_data_command
                0x080007c4       0x14 ./Core/Src/GC9A01.o
                0x080007c4                GC9A01_set_data_command
 .text.GC9A01_set_chip_select
                0x080007d8       0x1c ./Core/Src/GC9A01.o
                0x080007d8                GC9A01_set_chip_select
 .text.GC9A01_write_command
                0x080007f4       0x54 ./Core/Src/GC9A01.o
                0x080007f4                GC9A01_write_command
 .text.GC9A01_init
                0x08000848     0x1d50 ./Core/Src/GC9A01.o
                0x08000848                GC9A01_init
 .text.GC9A01_set_frame
                0x08002598      0x134 ./Core/Src/GC9A01.o
                0x08002598                GC9A01_set_frame
 .text.GC9A01_sleep_mode
                0x080026cc       0x80 ./Core/Src/GC9A01.o
                0x080026cc                GC9A01_sleep_mode
 .text.GC9A01_spi_tx
                0x0800274c       0x2c ./Core/Src/GC9A01.o
                0x0800274c                GC9A01_spi_tx
 .text.JPEG_Decode_DMA
                0x08002778       0x48 ./Core/Src/decode_dma.o
                0x08002778                JPEG_Decode_DMA
 .text.HAL_JPEG_InfoReadyCallback
                0x080027c0        0x4 ./Core/Src/decode_dma.o
                0x080027c0                HAL_JPEG_InfoReadyCallback
 .text.HAL_JPEG_GetDataCallback
                0x080027c4       0x48 ./Core/Src/decode_dma.o
                0x080027c4                HAL_JPEG_GetDataCallback
 .text.HAL_JPEG_DataReadyCallback
                0x0800280c       0x1c ./Core/Src/decode_dma.o
                0x0800280c                HAL_JPEG_DataReadyCallback
 .text.HAL_JPEG_ErrorCallback
                0x08002828        0x4 ./Core/Src/decode_dma.o
                0x08002828                HAL_JPEG_ErrorCallback
 .text.HAL_JPEG_DecodeCpltCallback
                0x0800282c        0xc ./Core/Src/decode_dma.o
                0x0800282c                HAL_JPEG_DecodeCpltCallback
 .text.SystemClock_Config
                0x08002838       0xb4 ./Core/Src/main.o
                0x08002838                SystemClock_Config
 .text.startup.main
                0x080028ec      0x2d0 ./Core/Src/main.o
                0x080028ec                main
 .text.Error_Handler
                0x08002bbc        0x4 ./Core/Src/main.o
                0x08002bbc                Error_Handler
 .text.file_handler
                0x08002bc0       0xcc ./Core/Src/smart_watch.o
 .text.DMA2D_Init.constprop.0
                0x08002c8c       0x98 ./Core/Src/smart_watch.o
 .text.show_frame.constprop.0
                0x08002d24      0x204 ./Core/Src/smart_watch.o
 .text.file_handler.constprop.0
                0x08002f28       0xc0 ./Core/Src/smart_watch.o
 .text.smart_watch_init
                0x08002fe8       0x64 ./Core/Src/smart_watch.o
                0x08002fe8                smart_watch_init
 *fill*         0x0800304c        0x4 
 .text.smart_watch_process
                0x08003050      0x4f8 ./Core/Src/smart_watch.o
                0x08003050                smart_watch_process
 .text.HAL_GPIO_EXTI_Callback
                0x08003548        0x4 ./Core/Src/smart_watch.o
                0x08003548                HAL_GPIO_EXTI_Callback
 .text.HAL_MspInit
                0x0800354c       0x24 ./Core/Src/stm32h7xx_hal_msp.o
                0x0800354c                HAL_MspInit
 .text.HAL_DMA2D_MspInit
                0x08003570       0x34 ./Core/Src/stm32h7xx_hal_msp.o
                0x08003570                HAL_DMA2D_MspInit
 .text.HAL_JPEG_MspInit
                0x080035a4      0x100 ./Core/Src/stm32h7xx_hal_msp.o
                0x080035a4                HAL_JPEG_MspInit
 .text.HAL_SD_MspInit
                0x080036a4      0x124 ./Core/Src/stm32h7xx_hal_msp.o
                0x080036a4                HAL_SD_MspInit
 .text.HAL_SPI_MspInit
                0x080037c8       0xac ./Core/Src/stm32h7xx_hal_msp.o
                0x080037c8                HAL_SPI_MspInit
 *fill*         0x08003874        0x4 
 .text.HAL_RTC_MspInit
                0x08003878       0x58 ./Core/Src/stm32h7xx_hal_msp.o
                0x08003878                HAL_RTC_MspInit
 .text.NMI_Handler
                0x080038d0        0x4 ./Core/Src/stm32h7xx_it.o
                0x080038d0                NMI_Handler
 .text.HardFault_Handler
                0x080038d4        0x4 ./Core/Src/stm32h7xx_it.o
                0x080038d4                HardFault_Handler
 .text.MemManage_Handler
                0x080038d8        0x4 ./Core/Src/stm32h7xx_it.o
                0x080038d8                MemManage_Handler
 .text.BusFault_Handler
                0x080038dc        0x4 ./Core/Src/stm32h7xx_it.o
                0x080038dc                BusFault_Handler
 .text.UsageFault_Handler
                0x080038e0        0x4 ./Core/Src/stm32h7xx_it.o
                0x080038e0                UsageFault_Handler
 .text.SVC_Handler
                0x080038e4        0x4 ./Core/Src/stm32h7xx_it.o
                0x080038e4                SVC_Handler
 .text.DebugMon_Handler
                0x080038e8        0x4 ./Core/Src/stm32h7xx_it.o
                0x080038e8                DebugMon_Handler
 .text.PendSV_Handler
                0x080038ec        0x4 ./Core/Src/stm32h7xx_it.o
                0x080038ec                PendSV_Handler
 .text.SysTick_Handler
                0x080038f0        0x4 ./Core/Src/stm32h7xx_it.o
                0x080038f0                SysTick_Handler
 .text.JPEG_IRQHandler
                0x080038f4        0xc ./Core/Src/stm32h7xx_it.o
                0x080038f4                JPEG_IRQHandler
 .text.MDMA_IRQHandler
                0x08003900       0x18 ./Core/Src/stm32h7xx_it.o
                0x08003900                MDMA_IRQHandler
 .text.EXTI0_IRQHandler
                0x08003918        0x8 ./Core/Src/stm32h7xx_it.o
                0x08003918                EXTI0_IRQHandler
 .text.EXTI1_IRQHandler
                0x08003920        0x8 ./Core/Src/stm32h7xx_it.o
                0x08003920                EXTI1_IRQHandler
 .text.EXTI2_IRQHandler
                0x08003928        0x8 ./Core/Src/stm32h7xx_it.o
                0x08003928                EXTI2_IRQHandler
 .text._sbrk    0x08003930       0x48 ./Core/Src/sysmem.o
                0x08003930                _sbrk
 .text.SystemInit
                0x08003978       0xac ./Core/Src/system_stm32h7xx.o
                0x08003978                SystemInit
 .text.Reset_Handler
                0x08003a24       0x50 ./Core/Startup/startup_stm32h7b0rbtx.o
                0x08003a24                Reset_Handler
 .text.Default_Handler
                0x08003a74        0x2 ./Core/Startup/startup_stm32h7b0rbtx.o
                0x08003a74                RTC_Alarm_IRQHandler
                0x08003a74                HASH_RNG_IRQHandler
                0x08003a74                TIM8_CC_IRQHandler
                0x08003a74                UART8_IRQHandler
                0x08003a74                BDMA2_Channel1_IRQHandler
                0x08003a74                SPI4_IRQHandler
                0x08003a74                BDMA2_Channel0_IRQHandler
                0x08003a74                TIM1_CC_IRQHandler
                0x08003a74                DMA2_Stream5_IRQHandler
                0x08003a74                DMA1_Stream5_IRQHandler
                0x08003a74                EXTI3_IRQHandler
                0x08003a74                LPTIM4_IRQHandler
                0x08003a74                TIM8_TRG_COM_TIM14_IRQHandler
                0x08003a74                LPTIM2_IRQHandler
                0x08003a74                DFSDM1_FLT1_IRQHandler
                0x08003a74                DMAMUX2_OVR_IRQHandler
                0x08003a74                GFXMMU_IRQHandler
                0x08003a74                TIM8_UP_TIM13_IRQHandler
                0x08003a74                I2C3_ER_IRQHandler
                0x08003a74                DFSDM1_FLT2_IRQHandler
                0x08003a74                USART10_IRQHandler
                0x08003a74                LPTIM3_IRQHandler
                0x08003a74                BDMA2_Channel3_IRQHandler
                0x08003a74                HSEM1_IRQHandler
                0x08003a74                I2C2_EV_IRQHandler
                0x08003a74                DAC2_IRQHandler
                0x08003a74                DMA1_Stream2_IRQHandler
                0x08003a74                FPU_IRQHandler
                0x08003a74                OTG_HS_WKUP_IRQHandler
                0x08003a74                FDCAN1_IT1_IRQHandler
                0x08003a74                LTDC_ER_IRQHandler
                0x08003a74                DMA2_Stream2_IRQHandler
                0x08003a74                SPI1_IRQHandler
                0x08003a74                OCTOSPI1_IRQHandler
                0x08003a74                TIM6_DAC_IRQHandler
                0x08003a74                BDMA2_Channel6_IRQHandler
                0x08003a74                DMA2_Stream3_IRQHandler
                0x08003a74                OCTOSPI2_IRQHandler
                0x08003a74                SAI2_IRQHandler
                0x08003a74                BDMA1_IRQHandler
                0x08003a74                DFSDM1_FLT3_IRQHandler
                0x08003a74                USART6_IRQHandler
                0x08003a74                TIM17_IRQHandler
                0x08003a74                USART3_IRQHandler
                0x08003a74                CRYP_IRQHandler
                0x08003a74                LPTIM5_IRQHandler
                0x08003a74                UART5_IRQHandler
                0x08003a74                DMA2_Stream0_IRQHandler
                0x08003a74                TIM4_IRQHandler
                0x08003a74                I2C1_EV_IRQHandler
                0x08003a74                DMA1_Stream6_IRQHandler
                0x08003a74                DMAMUX1_OVR_IRQHandler
                0x08003a74                DMA1_Stream1_IRQHandler
                0x08003a74                TIM16_IRQHandler
                0x08003a74                UART4_IRQHandler
                0x08003a74                TIM3_IRQHandler
                0x08003a74                RCC_IRQHandler
                0x08003a74                UART9_IRQHandler
                0x08003a74                TIM8_BRK_TIM12_IRQHandler
                0x08003a74                TIM1_TRG_COM_IRQHandler
                0x08003a74                Default_Handler
                0x08003a74                ECC_IRQHandler
                0x08003a74                BDMA2_Channel2_IRQHandler
                0x08003a74                CEC_IRQHandler
                0x08003a74                EXTI15_10_IRQHandler
                0x08003a74                DFSDM1_FLT4_IRQHandler
                0x08003a74                ADC_IRQHandler
                0x08003a74                OTFDEC1_IRQHandler
                0x08003a74                DMA1_Stream7_IRQHandler
                0x08003a74                SPI5_IRQHandler
                0x08003a74                TIM7_IRQHandler
                0x08003a74                SDMMC1_IRQHandler
                0x08003a74                TIM5_IRQHandler
                0x08003a74                DMA2_Stream7_IRQHandler
                0x08003a74                TIM15_IRQHandler
                0x08003a74                I2C3_EV_IRQHandler
                0x08003a74                DFSDM2_IRQHandler
                0x08003a74                EXTI9_5_IRQHandler
                0x08003a74                RTC_WKUP_IRQHandler
                0x08003a74                LTDC_IRQHandler
                0x08003a74                SPDIF_RX_IRQHandler
                0x08003a74                PVD_PVM_IRQHandler
                0x08003a74                SPI2_IRQHandler
                0x08003a74                OTG_HS_EP1_IN_IRQHandler
                0x08003a74                DFSDM1_FLT5_IRQHandler
                0x08003a74                DMA1_Stream0_IRQHandler
                0x08003a74                OTFDEC2_IRQHandler
                0x08003a74                CRS_IRQHandler
                0x08003a74                EXTI4_IRQHandler
                0x08003a74                DFSDM1_FLT6_IRQHandler
                0x08003a74                FDCAN2_IT1_IRQHandler
                0x08003a74                COMP_IRQHandler
                0x08003a74                TIM1_UP_IRQHandler
                0x08003a74                OTG_HS_EP1_OUT_IRQHandler
                0x08003a74                WWDG_IRQHandler
                0x08003a74                SPI6_IRQHandler
                0x08003a74                MDIOS_IRQHandler
                0x08003a74                I2C4_EV_IRQHandler
                0x08003a74                FDCAN2_IT0_IRQHandler
                0x08003a74                LPUART1_IRQHandler
                0x08003a74                FDCAN1_IT0_IRQHandler
                0x08003a74                TIM2_IRQHandler
                0x08003a74                BDMA2_Channel5_IRQHandler
                0x08003a74                OTG_HS_IRQHandler
                0x08003a74                DMA2D_IRQHandler
                0x08003a74                TIM1_BRK_IRQHandler
                0x08003a74                SDMMC2_IRQHandler
                0x08003a74                DTS_IRQHandler
                0x08003a74                UART7_IRQHandler
                0x08003a74                MDIOS_WKUP_IRQHandler
                0x08003a74                USART2_IRQHandler
                0x08003a74                DFSDM1_FLT0_IRQHandler
                0x08003a74                I2C2_ER_IRQHandler
                0x08003a74                DMA2_Stream1_IRQHandler
                0x08003a74                DFSDM1_FLT7_IRQHandler
                0x08003a74                FLASH_IRQHandler
                0x08003a74                DMA2_Stream4_IRQHandler
                0x08003a74                USART1_IRQHandler
                0x08003a74                SPI3_IRQHandler
                0x08003a74                WAKEUP_PIN_IRQHandler
                0x08003a74                DMA1_Stream4_IRQHandler
                0x08003a74                I2C1_ER_IRQHandler
                0x08003a74                FMC_IRQHandler
                0x08003a74                BDMA2_Channel7_IRQHandler
                0x08003a74                FDCAN_CAL_IRQHandler
                0x08003a74                SWPMI1_IRQHandler
                0x08003a74                LPTIM1_IRQHandler
                0x08003a74                DCMI_PSSI_IRQHandler
                0x08003a74                I2C4_ER_IRQHandler
                0x08003a74                DMA2_Stream6_IRQHandler
                0x08003a74                SAI1_IRQHandler
                0x08003a74                DMA1_Stream3_IRQHandler
                0x08003a74                RTC_TAMP_STAMP_CSS_LSE_IRQHandler
                0x08003a74                BDMA2_Channel4_IRQHandler
 *fill*         0x08003a76        0x2 
 .text.HAL_InitTick
                0x08003a78       0x4c ./Drivers/STM32H7xx_HAL_Driver/Src/stm32h7xx_hal.o
                0x08003a78                HAL_InitTick
 .text.HAL_Init
                0x08003ac4       0x60 ./Drivers/STM32H7xx_HAL_Driver/Src/stm32h7xx_hal.o
                0x08003ac4                HAL_Init
 .text.HAL_IncTick
                0x08003b24       0x18 ./Drivers/STM32H7xx_HAL_Driver/Src/stm32h7xx_hal.o
                0x08003b24                HAL_IncTick
 .text.HAL_GetTick
                0x08003b3c        0xc ./Drivers/STM32H7xx_HAL_Driver/Src/stm32h7xx_hal.o
                0x08003b3c                HAL_GetTick
 .text.HAL_Delay
                0x08003b48       0x24 ./Drivers/STM32H7xx_HAL_Driver/Src/stm32h7xx_hal.o
                0x08003b48                HAL_Delay
 .text.HAL_SuspendTick
                0x08003b6c       0x10 ./Drivers/STM32H7xx_HAL_Driver/Src/stm32h7xx_hal.o
                0x08003b6c                HAL_SuspendTick
 .text.HAL_ResumeTick
                0x08003b7c       0x10 ./Drivers/STM32H7xx_HAL_Driver/Src/stm32h7xx_hal.o
                0x08003b7c                HAL_ResumeTick
 .text.HAL_NVIC_SetPriorityGrouping
                0x08003b8c       0x24 ./Drivers/STM32H7xx_HAL_Driver/Src/stm32h7xx_hal_cortex.o
                0x08003b8c                HAL_NVIC_SetPriorityGrouping
 .text.HAL_NVIC_SetPriority
                0x08003bb0       0x78 ./Drivers/STM32H7xx_HAL_Driver/Src/stm32h7xx_hal_cortex.o
                0x08003bb0                HAL_NVIC_SetPriority
 .text.HAL_NVIC_EnableIRQ
                0x08003c28       0x1c ./Drivers/STM32H7xx_HAL_Driver/Src/stm32h7xx_hal_cortex.o
                0x08003c28                HAL_NVIC_EnableIRQ
 .text.HAL_SYSTICK_Config
                0x08003c44       0x2c ./Drivers/STM32H7xx_HAL_Driver/Src/stm32h7xx_hal_cortex.o
                0x08003c44                HAL_SYSTICK_Config
 .text.HAL_DMA2D_Init
                0x08003c70       0x80 ./Drivers/STM32H7xx_HAL_Driver/Src/stm32h7xx_hal_dma2d.o
                0x08003c70                HAL_DMA2D_Init
 .text.HAL_DMA2D_Start
                0x08003cf0       0xb8 ./Drivers/STM32H7xx_HAL_Driver/Src/stm32h7xx_hal_dma2d.o
                0x08003cf0                HAL_DMA2D_Start
 .text.HAL_DMA2D_PollForTransfer
                0x08003da8      0x130 ./Drivers/STM32H7xx_HAL_Driver/Src/stm32h7xx_hal_dma2d.o
                0x08003da8                HAL_DMA2D_PollForTransfer
 .text.HAL_DMA2D_ConfigLayer
                0x08003ed8       0xd4 ./Drivers/STM32H7xx_HAL_Driver/Src/stm32h7xx_hal_dma2d.o
                0x08003ed8                HAL_DMA2D_ConfigLayer
 .text.HAL_GPIO_Init
                0x08003fac      0x284 ./Drivers/STM32H7xx_HAL_Driver/Src/stm32h7xx_hal_gpio.o
                0x08003fac                HAL_GPIO_Init
 .text.HAL_GPIO_ReadPin
                0x08004230        0xc ./Drivers/STM32H7xx_HAL_Driver/Src/stm32h7xx_hal_gpio.o
                0x08004230                HAL_GPIO_ReadPin
 .text.HAL_GPIO_WritePin
                0x0800423c        0x8 ./Drivers/STM32H7xx_HAL_Driver/Src/stm32h7xx_hal_gpio.o
                0x0800423c                HAL_GPIO_WritePin
 .text.HAL_GPIO_EXTI_IRQHandler
                0x08004244       0x1c ./Drivers/STM32H7xx_HAL_Driver/Src/stm32h7xx_hal_gpio.o
                0x08004244                HAL_GPIO_EXTI_IRQHandler
 .text.JPEG_Bits_To_SizeCodes
                0x08004260       0xa0 ./Drivers/STM32H7xx_HAL_Driver/Src/stm32h7xx_hal_jpeg.o
 .text.JPEG_DCHuff_BitsVals_To_SizeCodes
                0x08004300       0x54 ./Drivers/STM32H7xx_HAL_Driver/Src/stm32h7xx_hal_jpeg.o
 .text.JPEG_Set_HuffDC_Mem
                0x08004354      0x154 ./Drivers/STM32H7xx_HAL_Driver/Src/stm32h7xx_hal_jpeg.o
 .text.JPEG_Set_HuffAC_Mem
                0x080044a8      0x114 ./Drivers/STM32H7xx_HAL_Driver/Src/stm32h7xx_hal_jpeg.o
 .text.JPEG_Init_Process
                0x080045bc       0x7c ./Drivers/STM32H7xx_HAL_Driver/Src/stm32h7xx_hal_jpeg.o
 .text.JPEG_DMA_StartProcess
                0x08004638       0x90 ./Drivers/STM32H7xx_HAL_Driver/Src/stm32h7xx_hal_jpeg.o
 .text.HAL_JPEG_GetInfo.part.0
                0x080046c8      0x1a0 ./Drivers/STM32H7xx_HAL_Driver/Src/stm32h7xx_hal_jpeg.o
 .text.HAL_JPEG_Init
                0x08004868      0x264 ./Drivers/STM32H7xx_HAL_Driver/Src/stm32h7xx_hal_jpeg.o
                0x08004868                HAL_JPEG_Init
 .text.HAL_JPEG_GetInfo
                0x08004acc        0xc ./Drivers/STM32H7xx_HAL_Driver/Src/stm32h7xx_hal_jpeg.o
                0x08004acc                HAL_JPEG_GetInfo
 .text.HAL_JPEG_Decode_DMA
                0x08004ad8       0x7c ./Drivers/STM32H7xx_HAL_Driver/Src/stm32h7xx_hal_jpeg.o
                0x08004ad8                HAL_JPEG_Decode_DMA
 .text.HAL_JPEG_ConfigInputBuffer
                0x08004b54        0x8 ./Drivers/STM32H7xx_HAL_Driver/Src/stm32h7xx_hal_jpeg.o
                0x08004b54                HAL_JPEG_ConfigInputBuffer
 .text.HAL_JPEG_ConfigOutputBuffer
                0x08004b5c        0x8 ./Drivers/STM32H7xx_HAL_Driver/Src/stm32h7xx_hal_jpeg.o
                0x08004b5c                HAL_JPEG_ConfigOutputBuffer
 .text.HAL_JPEG_EncodeCpltCallback
                0x08004b64        0x4 ./Drivers/STM32H7xx_HAL_Driver/Src/stm32h7xx_hal_jpeg.o
                0x08004b64                HAL_JPEG_EncodeCpltCallback
 .text.JPEG_MDMAErrorCallback
                0x08004b68       0x2c ./Drivers/STM32H7xx_HAL_Driver/Src/stm32h7xx_hal_jpeg.o
 .text.JPEG_MDMAInCpltCallback
                0x08004b94       0xa8 ./Drivers/STM32H7xx_HAL_Driver/Src/stm32h7xx_hal_jpeg.o
 .text.JPEG_DMA_PollResidualData
                0x08004c3c       0xb4 ./Drivers/STM32H7xx_HAL_Driver/Src/stm32h7xx_hal_jpeg.o
 .text.JPEG_MDMAOutCpltCallback
                0x08004cf0       0x80 ./Drivers/STM32H7xx_HAL_Driver/Src/stm32h7xx_hal_jpeg.o
 .text.JPEG_MDMAOutAbortCallback
                0x08004d70       0x94 ./Drivers/STM32H7xx_HAL_Driver/Src/stm32h7xx_hal_jpeg.o
 .text.JPEG_Process
                0x08004e04      0x844 ./Drivers/STM32H7xx_HAL_Driver/Src/stm32h7xx_hal_jpeg.o
 .text.HAL_JPEG_IRQHandler
                0x08005648      0x138 ./Drivers/STM32H7xx_HAL_Driver/Src/stm32h7xx_hal_jpeg.o
                0x08005648                HAL_JPEG_IRQHandler
 .text.HAL_MDMA_Init
                0x08005780       0xf4 ./Drivers/STM32H7xx_HAL_Driver/Src/stm32h7xx_hal_mdma.o
                0x08005780                HAL_MDMA_Init
 .text.HAL_MDMA_DeInit
                0x08005874       0x48 ./Drivers/STM32H7xx_HAL_Driver/Src/stm32h7xx_hal_mdma.o
                0x08005874                HAL_MDMA_DeInit
 .text.HAL_MDMA_Start_IT
                0x080058bc       0xe4 ./Drivers/STM32H7xx_HAL_Driver/Src/stm32h7xx_hal_mdma.o
                0x080058bc                HAL_MDMA_Start_IT
 .text.HAL_MDMA_Abort_IT
                0x080059a0       0x28 ./Drivers/STM32H7xx_HAL_Driver/Src/stm32h7xx_hal_mdma.o
                0x080059a0                HAL_MDMA_Abort_IT
 .text.HAL_MDMA_IRQHandler
                0x080059c8      0x17c ./Drivers/STM32H7xx_HAL_Driver/Src/stm32h7xx_hal_mdma.o
                0x080059c8                HAL_MDMA_IRQHandler
 .text.HAL_PWR_EnterSTOPMode
                0x08005b44       0x4c ./Drivers/STM32H7xx_HAL_Driver/Src/stm32h7xx_hal_pwr.o
                0x08005b44                HAL_PWR_EnterSTOPMode
 .text.HAL_PWREx_ConfigSupply
                0x08005b90       0x48 ./Drivers/STM32H7xx_HAL_Driver/Src/stm32h7xx_hal_pwr_ex.o
                0x08005b90                HAL_PWREx_ConfigSupply
 .text.HAL_RCC_GetSysClockFreq.part.0
                0x08005bd8       0xe4 ./Drivers/STM32H7xx_HAL_Driver/Src/stm32h7xx_hal_rcc.o
 .text.HAL_RCC_OscConfig
                0x08005cbc      0x5c8 ./Drivers/STM32H7xx_HAL_Driver/Src/stm32h7xx_hal_rcc.o
                0x08005cbc                HAL_RCC_OscConfig
 .text.HAL_RCC_GetSysClockFreq
                0x08006284      0x11c ./Drivers/STM32H7xx_HAL_Driver/Src/stm32h7xx_hal_rcc.o
                0x08006284                HAL_RCC_GetSysClockFreq
 .text.HAL_RCC_ClockConfig
                0x080063a0      0x254 ./Drivers/STM32H7xx_HAL_Driver/Src/stm32h7xx_hal_rcc.o
                0x080063a0                HAL_RCC_ClockConfig
 .text.HAL_RCC_GetHCLKFreq
                0x080065f4       0x80 ./Drivers/STM32H7xx_HAL_Driver/Src/stm32h7xx_hal_rcc.o
                0x080065f4                HAL_RCC_GetHCLKFreq
 .text.HAL_RCC_GetPCLK1Freq
                0x08006674       0x90 ./Drivers/STM32H7xx_HAL_Driver/Src/stm32h7xx_hal_rcc.o
                0x08006674                HAL_RCC_GetPCLK1Freq
 .text.RCCEx_PLL2_Config.part.0
                0x08006704       0xe4 ./Drivers/STM32H7xx_HAL_Driver/Src/stm32h7xx_hal_rcc_ex.o
 .text.RCCEx_PLL3_Config.part.0
                0x080067e8       0xe4 ./Drivers/STM32H7xx_HAL_Driver/Src/stm32h7xx_hal_rcc_ex.o
 .text.HAL_RCCEx_PeriphCLKConfig
                0x080068cc      0xe30 ./Drivers/STM32H7xx_HAL_Driver/Src/stm32h7xx_hal_rcc_ex.o
                0x080068cc                HAL_RCCEx_PeriphCLKConfig
 .text.HAL_RCCEx_GetPLL2ClockFreq
                0x080076fc      0x134 ./Drivers/STM32H7xx_HAL_Driver/Src/stm32h7xx_hal_rcc_ex.o
                0x080076fc                HAL_RCCEx_GetPLL2ClockFreq
 .text.HAL_RCCEx_GetPLL3ClockFreq
                0x08007830      0x134 ./Drivers/STM32H7xx_HAL_Driver/Src/stm32h7xx_hal_rcc_ex.o
                0x08007830                HAL_RCCEx_GetPLL3ClockFreq
 .text.HAL_RCCEx_GetPLL1ClockFreq
                0x08007964      0x134 ./Drivers/STM32H7xx_HAL_Driver/Src/stm32h7xx_hal_rcc_ex.o
                0x08007964                HAL_RCCEx_GetPLL1ClockFreq
 .text.HAL_RCCEx_GetPeriphCLKFreq
                0x08007a98      0x35c ./Drivers/STM32H7xx_HAL_Driver/Src/stm32h7xx_hal_rcc_ex.o
                0x08007a98                HAL_RCCEx_GetPeriphCLKFreq
 .text.HAL_RTC_GetTime
                0x08007df4       0x78 ./Drivers/STM32H7xx_HAL_Driver/Src/stm32h7xx_hal_rtc.o
                0x08007df4                HAL_RTC_GetTime
 .text.HAL_RTC_GetDate
                0x08007e6c       0x6c ./Drivers/STM32H7xx_HAL_Driver/Src/stm32h7xx_hal_rtc.o
                0x08007e6c                HAL_RTC_GetDate
 .text.RTC_ExitInitMode
                0x08007ed8       0x8c ./Drivers/STM32H7xx_HAL_Driver/Src/stm32h7xx_hal_rtc.o
                0x08007ed8                RTC_ExitInitMode
 .text.HAL_RTC_Init
                0x08007f64       0xe8 ./Drivers/STM32H7xx_HAL_Driver/Src/stm32h7xx_hal_rtc.o
                0x08007f64                HAL_RTC_Init
 .text.HAL_RTC_SetTime
                0x0800804c      0x144 ./Drivers/STM32H7xx_HAL_Driver/Src/stm32h7xx_hal_rtc.o
                0x0800804c                HAL_RTC_SetTime
 .text.HAL_RTC_SetDate
                0x08008190      0x130 ./Drivers/STM32H7xx_HAL_Driver/Src/stm32h7xx_hal_rtc.o
                0x08008190                HAL_RTC_SetDate
 .text.SD_FindSCR.constprop.0
                0x080082c0       0xe4 ./Drivers/STM32H7xx_HAL_Driver/Src/stm32h7xx_hal_sd.o
 .text.HAL_SD_ReadBlocks
                0x080083a4      0x1c8 ./Drivers/STM32H7xx_HAL_Driver/Src/stm32h7xx_hal_sd.o
                0x080083a4                HAL_SD_ReadBlocks
 .text.HAL_SD_WriteBlocks
                0x0800856c      0x1c4 ./Drivers/STM32H7xx_HAL_Driver/Src/stm32h7xx_hal_sd.o
                0x0800856c                HAL_SD_WriteBlocks
 .text.HAL_SD_GetCardCSD
                0x08008730      0x178 ./Drivers/STM32H7xx_HAL_Driver/Src/stm32h7xx_hal_sd.o
                0x08008730                HAL_SD_GetCardCSD
 .text.HAL_SD_InitCard
                0x080088a8      0x274 ./Drivers/STM32H7xx_HAL_Driver/Src/stm32h7xx_hal_sd.o
                0x080088a8                HAL_SD_InitCard
 .text.HAL_SD_GetCardStatus
                0x08008b1c      0x1a8 ./Drivers/STM32H7xx_HAL_Driver/Src/stm32h7xx_hal_sd.o
                0x08008b1c                HAL_SD_GetCardStatus
 .text.HAL_SD_GetCardInfo
                0x08008cc4       0x28 ./Drivers/STM32H7xx_HAL_Driver/Src/stm32h7xx_hal_sd.o
                0x08008cc4                HAL_SD_GetCardInfo
 .text.HAL_SD_ConfigWideBusOperation
                0x08008cec      0x194 ./Drivers/STM32H7xx_HAL_Driver/Src/stm32h7xx_hal_sd.o
                0x08008cec                HAL_SD_ConfigWideBusOperation
 .text.HAL_SD_Init
                0x08008e80       0xc4 ./Drivers/STM32H7xx_HAL_Driver/Src/stm32h7xx_hal_sd.o
                0x08008e80                HAL_SD_Init
 .text.HAL_SD_GetCardState
                0x08008f44       0x28 ./Drivers/STM32H7xx_HAL_Driver/Src/stm32h7xx_hal_sd.o
                0x08008f44                HAL_SD_GetCardState
 .text.SPI_CloseTransfer
                0x08008f6c       0xb8 ./Drivers/STM32H7xx_HAL_Driver/Src/stm32h7xx_hal_spi.o
 .text.HAL_SPI_Init
                0x08009024      0x1b0 ./Drivers/STM32H7xx_HAL_Driver/Src/stm32h7xx_hal_spi.o
                0x08009024                HAL_SPI_Init
 .text.HAL_SPI_Transmit
                0x080091d4      0x274 ./Drivers/STM32H7xx_HAL_Driver/Src/stm32h7xx_hal_spi.o
                0x080091d4                HAL_SPI_Transmit
 .text.SDMMC_Init
                0x08009448       0x38 ./Drivers/STM32H7xx_HAL_Driver/Src/stm32h7xx_ll_sdmmc.o
                0x08009448                SDMMC_Init
 .text.SDMMC_ReadFIFO
                0x08009480        0x8 ./Drivers/STM32H7xx_HAL_Driver/Src/stm32h7xx_ll_sdmmc.o
                0x08009480                SDMMC_ReadFIFO
 .text.SDMMC_WriteFIFO
                0x08009488        0xc ./Drivers/STM32H7xx_HAL_Driver/Src/stm32h7xx_ll_sdmmc.o
                0x08009488                SDMMC_WriteFIFO
 .text.SDMMC_PowerState_ON
                0x08009494       0x10 ./Drivers/STM32H7xx_HAL_Driver/Src/stm32h7xx_ll_sdmmc.o
                0x08009494                SDMMC_PowerState_ON
 .text.SDMMC_GetPowerState
                0x080094a4        0x8 ./Drivers/STM32H7xx_HAL_Driver/Src/stm32h7xx_ll_sdmmc.o
                0x080094a4                SDMMC_GetPowerState
 .text.SDMMC_GetResponse
                0x080094ac        0x8 ./Drivers/STM32H7xx_HAL_Driver/Src/stm32h7xx_ll_sdmmc.o
                0x080094ac                SDMMC_GetResponse
 .text.SDMMC_ConfigData
                0x080094b4       0x2c ./Drivers/STM32H7xx_HAL_Driver/Src/stm32h7xx_ll_sdmmc.o
                0x080094b4                SDMMC_ConfigData
 .text.SDMMC_CmdBlockLength
                0x080094e0      0x158 ./Drivers/STM32H7xx_HAL_Driver/Src/stm32h7xx_ll_sdmmc.o
                0x080094e0                SDMMC_CmdBlockLength
 .text.SDMMC_CmdReadSingleBlock
                0x08009638      0x158 ./Drivers/STM32H7xx_HAL_Driver/Src/stm32h7xx_ll_sdmmc.o
                0x08009638                SDMMC_CmdReadSingleBlock
 .text.SDMMC_CmdReadMultiBlock
                0x08009790      0x158 ./Drivers/STM32H7xx_HAL_Driver/Src/stm32h7xx_ll_sdmmc.o
                0x08009790                SDMMC_CmdReadMultiBlock
 .text.SDMMC_CmdWriteSingleBlock
                0x080098e8      0x158 ./Drivers/STM32H7xx_HAL_Driver/Src/stm32h7xx_ll_sdmmc.o
                0x080098e8                SDMMC_CmdWriteSingleBlock
 .text.SDMMC_CmdWriteMultiBlock
                0x08009a40      0x158 ./Drivers/STM32H7xx_HAL_Driver/Src/stm32h7xx_ll_sdmmc.o
                0x08009a40                SDMMC_CmdWriteMultiBlock
 .text.SDMMC_CmdStopTransfer
                0x08009b98      0x208 ./Drivers/STM32H7xx_HAL_Driver/Src/stm32h7xx_ll_sdmmc.o
                0x08009b98                SDMMC_CmdStopTransfer
 .text.SDMMC_CmdSelDesel
                0x08009da0      0x158 ./Drivers/STM32H7xx_HAL_Driver/Src/stm32h7xx_ll_sdmmc.o
                0x08009da0                SDMMC_CmdSelDesel
 .text.SDMMC_CmdGoIdleState
                0x08009ef8       0x58 ./Drivers/STM32H7xx_HAL_Driver/Src/stm32h7xx_ll_sdmmc.o
                0x08009ef8                SDMMC_CmdGoIdleState
 .text.SDMMC_CmdOperCond
                0x08009f50       0x80 ./Drivers/STM32H7xx_HAL_Driver/Src/stm32h7xx_ll_sdmmc.o
                0x08009f50                SDMMC_CmdOperCond
 .text.SDMMC_CmdAppCommand
                0x08009fd0      0x158 ./Drivers/STM32H7xx_HAL_Driver/Src/stm32h7xx_ll_sdmmc.o
                0x08009fd0                SDMMC_CmdAppCommand
 .text.SDMMC_CmdAppOperCommand
                0x0800a128       0x78 ./Drivers/STM32H7xx_HAL_Driver/Src/stm32h7xx_ll_sdmmc.o
                0x0800a128                SDMMC_CmdAppOperCommand
 .text.SDMMC_CmdBusWidth
                0x0800a1a0      0x158 ./Drivers/STM32H7xx_HAL_Driver/Src/stm32h7xx_ll_sdmmc.o
                0x0800a1a0                SDMMC_CmdBusWidth
 .text.SDMMC_CmdSendSCR
                0x0800a2f8      0x14c ./Drivers/STM32H7xx_HAL_Driver/Src/stm32h7xx_ll_sdmmc.o
                0x0800a2f8                SDMMC_CmdSendSCR
 .text.SDMMC_CmdSendCID
                0x0800a444       0x7c ./Drivers/STM32H7xx_HAL_Driver/Src/stm32h7xx_ll_sdmmc.o
                0x0800a444                SDMMC_CmdSendCID
 .text.SDMMC_CmdSendCSD
                0x0800a4c0       0x80 ./Drivers/STM32H7xx_HAL_Driver/Src/stm32h7xx_ll_sdmmc.o
                0x0800a4c0                SDMMC_CmdSendCSD
 .text.SDMMC_CmdSetRelAdd
                0x0800a540       0xc0 ./Drivers/STM32H7xx_HAL_Driver/Src/stm32h7xx_ll_sdmmc.o
                0x0800a540                SDMMC_CmdSetRelAdd
 .text.SDMMC_CmdSendStatus
                0x0800a600      0x158 ./Drivers/STM32H7xx_HAL_Driver/Src/stm32h7xx_ll_sdmmc.o
                0x0800a600                SDMMC_CmdSendStatus
 .text.SDMMC_CmdStatusRegister
                0x0800a758      0x14c ./Drivers/STM32H7xx_HAL_Driver/Src/stm32h7xx_ll_sdmmc.o
                0x0800a758                SDMMC_CmdStatusRegister
 .text.get_fattime
                0x0800a8a4        0x4 ./FATFS/App/fatfs.o
                0x0800a8a4                get_fattime
 .text.BSP_SD_ReadBlocks
                0x0800a8a8       0x24 ./FATFS/Target/bsp_driver_sd.o
                0x0800a8a8                BSP_SD_ReadBlocks
 .text.BSP_SD_WriteBlocks
                0x0800a8cc       0x24 ./FATFS/Target/bsp_driver_sd.o
                0x0800a8cc                BSP_SD_WriteBlocks
 .text.BSP_SD_GetCardState
                0x0800a8f0       0x14 ./FATFS/Target/bsp_driver_sd.o
                0x0800a8f0                BSP_SD_GetCardState
 .text.BSP_SD_GetCardInfo
                0x0800a904        0xc ./FATFS/Target/bsp_driver_sd.o
                0x0800a904                BSP_SD_GetCardInfo
 .text.BSP_SD_IsDetected
                0x0800a910       0x20 ./FATFS/Target/bsp_driver_sd.o
                0x0800a910                BSP_SD_IsDetected
 .text.BSP_SD_Init
                0x0800a930       0x30 ./FATFS/Target/bsp_driver_sd.o
                0x0800a930                BSP_SD_Init
 .text.BSP_PlatformIsDetected
                0x0800a960       0x18 ./FATFS/Target/fatfs_platform.o
                0x0800a960                BSP_PlatformIsDetected
 .text.SD_initialize
                0x0800a978       0x30 ./FATFS/Target/sd_diskio.o
                0x0800a978                SD_initialize
 .text.SD_status
                0x0800a9a8       0x20 ./FATFS/Target/sd_diskio.o
                0x0800a9a8                SD_status
 .text.SD_ioctl
                0x0800a9c8       0x60 ./FATFS/Target/sd_diskio.o
                0x0800a9c8                SD_ioctl
 .text.SD_read  0x0800aa28       0x28 ./FATFS/Target/sd_diskio.o
                0x0800aa28                SD_read
 .text.SD_write
                0x0800aa50       0x28 ./FATFS/Target/sd_diskio.o
                0x0800aa50                SD_write
 .text.disk_status
                0x0800aa78       0x14 ./Middlewares/Third_Party/FatFs/src/diskio.o
                0x0800aa78                disk_status
 .text.disk_initialize
                0x0800aa8c       0x2c ./Middlewares/Third_Party/FatFs/src/diskio.o
                0x0800aa8c                disk_initialize
 .text.disk_read
                0x0800aab8       0x1c ./Middlewares/Third_Party/FatFs/src/diskio.o
                0x0800aab8                disk_read
 .text.disk_write
                0x0800aad4       0x1c ./Middlewares/Third_Party/FatFs/src/diskio.o
                0x0800aad4                disk_write
 .text.disk_ioctl
                0x0800aaf0       0x18 ./Middlewares/Third_Party/FatFs/src/diskio.o
                0x0800aaf0                disk_ioctl
 .text.inc_lock
                0x0800ab08       0xa8 ./Middlewares/Third_Party/FatFs/src/ff.o
 .text.check_fs
                0x0800abb0       0x84 ./Middlewares/Third_Party/FatFs/src/ff.o
 .text.sync_fs  0x0800ac34       0xbc ./Middlewares/Third_Party/FatFs/src/ff.o
 .text.move_window
                0x0800acf0       0x7c ./Middlewares/Third_Party/FatFs/src/ff.o
 .text.find_volume
                0x0800ad6c      0x2d4 ./Middlewares/Third_Party/FatFs/src/ff.o
 .text.put_fat.part.0
                0x0800b040      0x100 ./Middlewares/Third_Party/FatFs/src/ff.o
 .text.get_fat.isra.0
                0x0800b140       0xac ./Middlewares/Third_Party/FatFs/src/ff.o
 .text.create_chain
                0x0800b1ec      0x1a0 ./Middlewares/Third_Party/FatFs/src/ff.o
 .text.dir_sdi.constprop.0
                0x0800b38c      0x110 ./Middlewares/Third_Party/FatFs/src/ff.o
 .text.follow_path
                0x0800b49c      0x334 ./Middlewares/Third_Party/FatFs/src/ff.o
 .text.remove_chain
                0x0800b7d0      0x224 ./Middlewares/Third_Party/FatFs/src/ff.o
 .text.dir_register
                0x0800b9f4      0x2dc ./Middlewares/Third_Party/FatFs/src/ff.o
 .text.f_mount  0x0800bcd0       0x98 ./Middlewares/Third_Party/FatFs/src/ff.o
                0x0800bcd0                f_mount
 .text.f_open   0x0800bd68      0x2f0 ./Middlewares/Third_Party/FatFs/src/ff.o
                0x0800bd68                f_open
 .text.f_read   0x0800c058      0x270 ./Middlewares/Third_Party/FatFs/src/ff.o
                0x0800c058                f_read
 .text.f_close  0x0800c2c8      0x104 ./Middlewares/Third_Party/FatFs/src/ff.o
                0x0800c2c8                f_close
 .text.f_lseek  0x0800c3cc      0x374 ./Middlewares/Third_Party/FatFs/src/ff.o
                0x0800c3cc                f_lseek
 .text.FATFS_LinkDriver
                0x0800c740       0x48 ./Middlewares/Third_Party/FatFs/src/ff_gen_drv.o
                0x0800c740                FATFS_LinkDriver
 .text.snprintf
                0x0800c788       0x68 D:/ST/STM32CubeIDE_1.15.1/STM32CubeIDE/plugins/com.st.stm32cube.ide.mcu.externaltools.gnu-tools-for-stm32.12.3.rel1.win32_1.0.200.202406191623/tools/bin/../lib/gcc/arm-none-eabi/12.3.1/../../../../arm-none-eabi/lib/thumb/v7e-m+dp/hard\libc_nano.a(libc_a-snprintf.o)
                0x0800c788                sniprintf
                0x0800c788                snprintf
 .text.memset   0x0800c7f0       0x10 D:/ST/STM32CubeIDE_1.15.1/STM32CubeIDE/plugins/com.st.stm32cube.ide.mcu.externaltools.gnu-tools-for-stm32.12.3.rel1.win32_1.0.200.202406191623/tools/bin/../lib/gcc/arm-none-eabi/12.3.1/../../../../arm-none-eabi/lib/thumb/v7e-m+dp/hard\libc_nano.a(libc_a-memset.o)
                0x0800c7f0                memset
 .text.__errno  0x0800c800        0xc D:/ST/STM32CubeIDE_1.15.1/STM32CubeIDE/plugins/com.st.stm32cube.ide.mcu.externaltools.gnu-tools-for-stm32.12.3.rel1.win32_1.0.200.202406191623/tools/bin/../lib/gcc/arm-none-eabi/12.3.1/../../../../arm-none-eabi/lib/thumb/v7e-m+dp/hard\libc_nano.a(libc_a-errno.o)
                0x0800c800                __errno
 .text.__libc_init_array
                0x0800c80c       0x48 D:/ST/STM32CubeIDE_1.15.1/STM32CubeIDE/plugins/com.st.stm32cube.ide.mcu.externaltools.gnu-tools-for-stm32.12.3.rel1.win32_1.0.200.202406191623/tools/bin/../lib/gcc/arm-none-eabi/12.3.1/../../../../arm-none-eabi/lib/thumb/v7e-m+dp/hard\libc_nano.a(libc_a-init.o)
                0x0800c80c                __libc_init_array
 .text.__retarget_lock_acquire_recursive
                0x0800c854        0x2 D:/ST/STM32CubeIDE_1.15.1/STM32CubeIDE/plugins/com.st.stm32cube.ide.mcu.externaltools.gnu-tools-for-stm32.12.3.rel1.win32_1.0.200.202406191623/tools/bin/../lib/gcc/arm-none-eabi/12.3.1/../../../../arm-none-eabi/lib/thumb/v7e-m+dp/hard\libc_nano.a(libc_a-lock.o)
                0x0800c854                __retarget_lock_acquire_recursive
 .text.__retarget_lock_release_recursive
                0x0800c856        0x2 D:/ST/STM32CubeIDE_1.15.1/STM32CubeIDE/plugins/com.st.stm32cube.ide.mcu.externaltools.gnu-tools-for-stm32.12.3.rel1.win32_1.0.200.202406191623/tools/bin/../lib/gcc/arm-none-eabi/12.3.1/../../../../arm-none-eabi/lib/thumb/v7e-m+dp/hard\libc_nano.a(libc_a-lock.o)
                0x0800c856                __retarget_lock_release_recursive
 .text._free_r  0x0800c858       0x94 D:/ST/STM32CubeIDE_1.15.1/STM32CubeIDE/plugins/com.st.stm32cube.ide.mcu.externaltools.gnu-tools-for-stm32.12.3.rel1.win32_1.0.200.202406191623/tools/bin/../lib/gcc/arm-none-eabi/12.3.1/../../../../arm-none-eabi/lib/thumb/v7e-m+dp/hard\libc_nano.a(libc_a-freer.o)
                0x0800c858                _free_r
 .text.sbrk_aligned
                0x0800c8ec       0x44 D:/ST/STM32CubeIDE_1.15.1/STM32CubeIDE/plugins/com.st.stm32cube.ide.mcu.externaltools.gnu-tools-for-stm32.12.3.rel1.win32_1.0.200.202406191623/tools/bin/../lib/gcc/arm-none-eabi/12.3.1/../../../../arm-none-eabi/lib/thumb/v7e-m+dp/hard\libc_nano.a(libc_a-mallocr.o)
 .text._malloc_r
                0x0800c930      0x100 D:/ST/STM32CubeIDE_1.15.1/STM32CubeIDE/plugins/com.st.stm32cube.ide.mcu.externaltools.gnu-tools-for-stm32.12.3.rel1.win32_1.0.200.202406191623/tools/bin/../lib/gcc/arm-none-eabi/12.3.1/../../../../arm-none-eabi/lib/thumb/v7e-m+dp/hard\libc_nano.a(libc_a-mallocr.o)
                0x0800c930                _malloc_r
 .text.__malloc_lock
                0x0800ca30        0xc D:/ST/STM32CubeIDE_1.15.1/STM32CubeIDE/plugins/com.st.stm32cube.ide.mcu.externaltools.gnu-tools-for-stm32.12.3.rel1.win32_1.0.200.202406191623/tools/bin/../lib/gcc/arm-none-eabi/12.3.1/../../../../arm-none-eabi/lib/thumb/v7e-m+dp/hard\libc_nano.a(libc_a-mlock.o)
                0x0800ca30                __malloc_lock
 .text.__malloc_unlock
                0x0800ca3c        0xc D:/ST/STM32CubeIDE_1.15.1/STM32CubeIDE/plugins/com.st.stm32cube.ide.mcu.externaltools.gnu-tools-for-stm32.12.3.rel1.win32_1.0.200.202406191623/tools/bin/../lib/gcc/arm-none-eabi/12.3.1/../../../../arm-none-eabi/lib/thumb/v7e-m+dp/hard\libc_nano.a(libc_a-mlock.o)
                0x0800ca3c                __malloc_unlock
 .text.__ssputs_r
                0x0800ca48       0xb6 D:/ST/STM32CubeIDE_1.15.1/STM32CubeIDE/plugins/com.st.stm32cube.ide.mcu.externaltools.gnu-tools-for-stm32.12.3.rel1.win32_1.0.200.202406191623/tools/bin/../lib/gcc/arm-none-eabi/12.3.1/../../../../arm-none-eabi/lib/thumb/v7e-m+dp/hard\libc_nano.a(libc_a-nano-svfprintf.o)
                0x0800ca48                __ssputs_r
 *fill*         0x0800cafe        0x2 
 .text._svfprintf_r
                0x0800cb00      0x1f8 D:/ST/STM32CubeIDE_1.15.1/STM32CubeIDE/plugins/com.st.stm32cube.ide.mcu.externaltools.gnu-tools-for-stm32.12.3.rel1.win32_1.0.200.202406191623/tools/bin/../lib/gcc/arm-none-eabi/12.3.1/../../../../arm-none-eabi/lib/thumb/v7e-m+dp/hard\libc_nano.a(libc_a-nano-svfprintf.o)
                0x0800cb00                _svfiprintf_r
                0x0800cb00                _svfprintf_r
 .text._printf_common
                0x0800ccf8       0xda D:/ST/STM32CubeIDE_1.15.1/STM32CubeIDE/plugins/com.st.stm32cube.ide.mcu.externaltools.gnu-tools-for-stm32.12.3.rel1.win32_1.0.200.202406191623/tools/bin/../lib/gcc/arm-none-eabi/12.3.1/../../../../arm-none-eabi/lib/thumb/v7e-m+dp/hard\libc_nano.a(libc_a-nano-vfprintf_i.o)
                0x0800ccf8                _printf_common
 *fill*         0x0800cdd2        0x2 
 .text._printf_i
                0x0800cdd4      0x240 D:/ST/STM32CubeIDE_1.15.1/STM32CubeIDE/plugins/com.st.stm32cube.ide.mcu.externaltools.gnu-tools-for-stm32.12.3.rel1.win32_1.0.200.202406191623/tools/bin/../lib/gcc/arm-none-eabi/12.3.1/../../../../arm-none-eabi/lib/thumb/v7e-m+dp/hard\libc_nano.a(libc_a-nano-vfprintf_i.o)
                0x0800cdd4                _printf_i
 .text.memmove  0x0800d014       0x34 D:/ST/STM32CubeIDE_1.15.1/STM32CubeIDE/plugins/com.st.stm32cube.ide.mcu.externaltools.gnu-tools-for-stm32.12.3.rel1.win32_1.0.200.202406191623/tools/bin/../lib/gcc/arm-none-eabi/12.3.1/../../../../arm-none-eabi/lib/thumb/v7e-m+dp/hard\libc_nano.a(libc_a-memmove.o)
                0x0800d014                memmove
 .text._sbrk_r  0x0800d048       0x20 D:/ST/STM32CubeIDE_1.15.1/STM32CubeIDE/plugins/com.st.stm32cube.ide.mcu.externaltools.gnu-tools-for-stm32.12.3.rel1.win32_1.0.200.202406191623/tools/bin/../lib/gcc/arm-none-eabi/12.3.1/../../../../arm-none-eabi/lib/thumb/v7e-m+dp/hard\libc_nano.a(libc_a-sbrkr.o)
                0x0800d048                _sbrk_r
 .text.memcpy   0x0800d068       0x1c D:/ST/STM32CubeIDE_1.15.1/STM32CubeIDE/plugins/com.st.stm32cube.ide.mcu.externaltools.gnu-tools-for-stm32.12.3.rel1.win32_1.0.200.202406191623/tools/bin/../lib/gcc/arm-none-eabi/12.3.1/../../../../arm-none-eabi/lib/thumb/v7e-m+dp/hard\libc_nano.a(libc_a-memcpy-stub.o)
                0x0800d068                memcpy
 .text._realloc_r
                0x0800d084       0x5c D:/ST/STM32CubeIDE_1.15.1/STM32CubeIDE/plugins/com.st.stm32cube.ide.mcu.externaltools.gnu-tools-for-stm32.12.3.rel1.win32_1.0.200.202406191623/tools/bin/../lib/gcc/arm-none-eabi/12.3.1/../../../../arm-none-eabi/lib/thumb/v7e-m+dp/hard\libc_nano.a(libc_a-reallocr.o)
                0x0800d084                _realloc_r
 .text._malloc_usable_size_r
                0x0800d0e0       0x10 D:/ST/STM32CubeIDE_1.15.1/STM32CubeIDE/plugins/com.st.stm32cube.ide.mcu.externaltools.gnu-tools-for-stm32.12.3.rel1.win32_1.0.200.202406191623/tools/bin/../lib/gcc/arm-none-eabi/12.3.1/../../../../arm-none-eabi/lib/thumb/v7e-m+dp/hard\libc_nano.a(libc_a-msizer.o)
                0x0800d0e0                _malloc_usable_size_r
 *(.glue_7)
 .glue_7        0x0800d0f0        0x0 linker stubs
 *(.glue_7t)
 .glue_7t       0x0800d0f0        0x0 linker stubs
 *(.eh_frame)
 .eh_frame      0x0800d0f0        0x0 D:/ST/STM32CubeIDE_1.15.1/STM32CubeIDE/plugins/com.st.stm32cube.ide.mcu.externaltools.gnu-tools-for-stm32.12.3.rel1.win32_1.0.200.202406191623/tools/bin/../lib/gcc/arm-none-eabi/12.3.1/thumb/v7e-m+dp/hard/crtbegin.o
 *(.init)
 .init          0x0800d0f0        0x4 D:/ST/STM32CubeIDE_1.15.1/STM32CubeIDE/plugins/com.st.stm32cube.ide.mcu.externaltools.gnu-tools-for-stm32.12.3.rel1.win32_1.0.200.202406191623/tools/bin/../lib/gcc/arm-none-eabi/12.3.1/thumb/v7e-m+dp/hard/crti.o
                0x0800d0f0                _init
 .init          0x0800d0f4        0x8 D:/ST/STM32CubeIDE_1.15.1/STM32CubeIDE/plugins/com.st.stm32cube.ide.mcu.externaltools.gnu-tools-for-stm32.12.3.rel1.win32_1.0.200.202406191623/tools/bin/../lib/gcc/arm-none-eabi/12.3.1/thumb/v7e-m+dp/hard/crtn.o
 *(.fini)
 .fini          0x0800d0fc        0x4 D:/ST/STM32CubeIDE_1.15.1/STM32CubeIDE/plugins/com.st.stm32cube.ide.mcu.externaltools.gnu-tools-for-stm32.12.3.rel1.win32_1.0.200.202406191623/tools/bin/../lib/gcc/arm-none-eabi/12.3.1/thumb/v7e-m+dp/hard/crti.o
                0x0800d0fc                _fini
 .fini          0x0800d100        0x8 D:/ST/STM32CubeIDE_1.15.1/STM32CubeIDE/plugins/com.st.stm32cube.ide.mcu.externaltools.gnu-tools-for-stm32.12.3.rel1.win32_1.0.200.202406191623/tools/bin/../lib/gcc/arm-none-eabi/12.3.1/thumb/v7e-m+dp/hard/crtn.o
                0x0800d108                        . = ALIGN (0x4)
                0x0800d108                        _etext = .

.vfp11_veneer   0x0800d108        0x0
 .vfp11_veneer  0x0800d108        0x0 linker stubs

.v4_bx          0x0800d108        0x0
 .v4_bx         0x0800d108        0x0 linker stubs

.iplt           0x0800d108        0x0
 .iplt          0x0800d108        0x0 D:/ST/STM32CubeIDE_1.15.1/STM32CubeIDE/plugins/com.st.stm32cube.ide.mcu.externaltools.gnu-tools-for-stm32.12.3.rel1.win32_1.0.200.202406191623/tools/bin/../lib/gcc/arm-none-eabi/12.3.1/thumb/v7e-m+dp/hard/crtbegin.o

.rodata         0x0800d108      0x378
                0x0800d108                        . = ALIGN (0x4)
 *(.rodata)
 *(.rodata*)
 .rodata.__AVI_Init.str1.4
                0x0800d108       0x1d ./Core/Src/AVI_parser.o
 *fill*         0x0800d125        0x3 
 .rodata.file_handler.str1.4
                0x0800d128       0x10 ./Core/Src/smart_watch.o
 .rodata.D1CorePrescTable
                0x0800d138       0x10 ./Core/Src/system_stm32h7xx.o
                0x0800d138                D1CorePrescTable
 .rodata.JPEG_CHROM_QuantTable.0
                0x0800d148       0x40 ./Drivers/STM32H7xx_HAL_Driver/Src/stm32h7xx_hal_jpeg.o
 .rodata.JPEG_LUM_QuantTable.1
                0x0800d188       0x40 ./Drivers/STM32H7xx_HAL_Driver/Src/stm32h7xx_hal_jpeg.o
 .rodata.JPEG_ZIGZAG_ORDER
                0x0800d1c8       0x40 ./Drivers/STM32H7xx_HAL_Driver/Src/stm32h7xx_hal_jpeg.o
 .rodata.JPEG_ACCHROM_HuffTable
                0x0800d208       0xb2 ./Drivers/STM32H7xx_HAL_Driver/Src/stm32h7xx_hal_jpeg.o
 *fill*         0x0800d2ba        0x2 
 .rodata.JPEG_ACLUM_HuffTable
                0x0800d2bc       0xb2 ./Drivers/STM32H7xx_HAL_Driver/Src/stm32h7xx_hal_jpeg.o
 *fill*         0x0800d36e        0x2 
 .rodata.JPEG_DCCHROM_HuffTable
                0x0800d370       0x1c ./Drivers/STM32H7xx_HAL_Driver/Src/stm32h7xx_hal_jpeg.o
 .rodata.JPEG_DCLUM_HuffTable
                0x0800d38c       0x1c ./Drivers/STM32H7xx_HAL_Driver/Src/stm32h7xx_hal_jpeg.o
 .rodata.SD_Driver
                0x0800d3a8       0x14 ./FATFS/Target/sd_diskio.o
                0x0800d3a8                SD_Driver
 .rodata.follow_path.str1.4
                0x0800d3bc        0xf ./Middlewares/Third_Party/FatFs/src/ff.o
 *fill*         0x0800d3cb        0x1 
 .rodata.ExCvt  0x0800d3cc       0x80 ./Middlewares/Third_Party/FatFs/src/ff.o
 .rodata._svfprintf_r.str1.1
                0x0800d44c       0x11 D:/ST/STM32CubeIDE_1.15.1/STM32CubeIDE/plugins/com.st.stm32cube.ide.mcu.externaltools.gnu-tools-for-stm32.12.3.rel1.win32_1.0.200.202406191623/tools/bin/../lib/gcc/arm-none-eabi/12.3.1/../../../../arm-none-eabi/lib/thumb/v7e-m+dp/hard\libc_nano.a(libc_a-nano-svfprintf.o)
 .rodata._printf_i.str1.1
                0x0800d45d       0x22 D:/ST/STM32CubeIDE_1.15.1/STM32CubeIDE/plugins/com.st.stm32cube.ide.mcu.externaltools.gnu-tools-for-stm32.12.3.rel1.win32_1.0.200.202406191623/tools/bin/../lib/gcc/arm-none-eabi/12.3.1/../../../../arm-none-eabi/lib/thumb/v7e-m+dp/hard\libc_nano.a(libc_a-nano-vfprintf_i.o)
                0x0800d480                        . = ALIGN (0x4)
 *fill*         0x0800d47f        0x1 

.ARM.extab
 *(.ARM.extab* .gnu.linkonce.armextab.*)

.ARM            0x0800d480        0x8
                0x0800d480                        __exidx_start = .
 *(.ARM.exidx*)
 .ARM.exidx     0x0800d480        0x8 D:/ST/STM32CubeIDE_1.15.1/STM32CubeIDE/plugins/com.st.stm32cube.ide.mcu.externaltools.gnu-tools-for-stm32.12.3.rel1.win32_1.0.200.202406191623/tools/bin/../lib/gcc/arm-none-eabi/12.3.1/../../../../arm-none-eabi/lib/thumb/v7e-m+dp/hard\libc_nano.a(libc_a-memchr.o)
                0x0800d488                        __exidx_end = .

.preinit_array  0x0800d488        0x0
                0x0800d488                        PROVIDE (__preinit_array_start = .)
 *(.preinit_array*)
                0x0800d488                        PROVIDE (__preinit_array_end = .)

.init_array     0x0800d488        0x4
                0x0800d488                        PROVIDE (__init_array_start = .)
 *(SORT_BY_NAME(.init_array.*))
 *(.init_array*)
 .init_array    0x0800d488        0x4 D:/ST/STM32CubeIDE_1.15.1/STM32CubeIDE/plugins/com.st.stm32cube.ide.mcu.externaltools.gnu-tools-for-stm32.12.3.rel1.win32_1.0.200.202406191623/tools/bin/../lib/gcc/arm-none-eabi/12.3.1/thumb/v7e-m+dp/hard/crtbegin.o
                0x0800d48c                        PROVIDE (__init_array_end = .)

.fini_array     0x0800d48c        0x4
                [!provide]                        PROVIDE (__fini_array_start = .)
 *(SORT_BY_NAME(.fini_array.*))
 *(.fini_array*)
 .fini_array    0x0800d48c        0x4 D:/ST/STM32CubeIDE_1.15.1/STM32CubeIDE/plugins/com.st.stm32cube.ide.mcu.externaltools.gnu-tools-for-stm32.12.3.rel1.win32_1.0.200.202406191623/tools/bin/../lib/gcc/arm-none-eabi/12.3.1/thumb/v7e-m+dp/hard/crtbegin.o
                [!provide]                        PROVIDE (__fini_array_end = .)
                0x0800d490                        _sidata = LOADADDR (.data)

.rel.dyn        0x0800d490        0x0
 .rel.iplt      0x0800d490        0x0 D:/ST/STM32CubeIDE_1.15.1/STM32CubeIDE/plugins/com.st.stm32cube.ide.mcu.externaltools.gnu-tools-for-stm32.12.3.rel1.win32_1.0.200.202406191623/tools/bin/../lib/gcc/arm-none-eabi/12.3.1/thumb/v7e-m+dp/hard/crtbegin.o

.data           0x24000000       0x68 load address 0x0800d490
                0x24000000                        . = ALIGN (0x4)
                0x24000000                        _sdata = .
 *(.data)
 *(.data*)
 .data.new_file_flag.3
                0x24000000        0x1 ./Core/Src/smart_watch.o
 *fill*         0x24000001        0x3 
 .data.SystemD2Clock
                0x24000004        0x4 ./Core/Src/system_stm32h7xx.o
                0x24000004                SystemD2Clock
 .data.SystemCoreClock
                0x24000008        0x4 ./Core/Src/system_stm32h7xx.o
                0x24000008                SystemCoreClock
 .data.uwTickFreq
                0x2400000c        0x1 ./Drivers/STM32H7xx_HAL_Driver/Src/stm32h7xx_hal.o
                0x2400000c                uwTickFreq
 *fill*         0x2400000d        0x3 
 .data.uwTickPrio
                0x24000010        0x4 ./Drivers/STM32H7xx_HAL_Driver/Src/stm32h7xx_hal.o
                0x24000010                uwTickPrio
 .data.Stat     0x24000014        0x1 ./FATFS/Target/sd_diskio.o
 *fill*         0x24000015        0x3 
 .data._impure_ptr
                0x24000018        0x4 D:/ST/STM32CubeIDE_1.15.1/STM32CubeIDE/plugins/com.st.stm32cube.ide.mcu.externaltools.gnu-tools-for-stm32.12.3.rel1.win32_1.0.200.202406191623/tools/bin/../lib/gcc/arm-none-eabi/12.3.1/../../../../arm-none-eabi/lib/thumb/v7e-m+dp/hard\libc_nano.a(libc_a-impure.o)
                0x24000018                _impure_ptr
 .data._impure_data
                0x2400001c       0x4c D:/ST/STM32CubeIDE_1.15.1/STM32CubeIDE/plugins/com.st.stm32cube.ide.mcu.externaltools.gnu-tools-for-stm32.12.3.rel1.win32_1.0.200.202406191623/tools/bin/../lib/gcc/arm-none-eabi/12.3.1/../../../../arm-none-eabi/lib/thumb/v7e-m+dp/hard\libc_nano.a(libc_a-impure.o)
                0x2400001c                _impure_data
 *(.RamFunc)
 *(.RamFunc*)
                0x24000068                        . = ALIGN (0x4)
                0x24000068                        _edata = .

.igot.plt       0x24000068        0x0 load address 0x0800d4f8
 .igot.plt      0x24000068        0x0 D:/ST/STM32CubeIDE_1.15.1/STM32CubeIDE/plugins/com.st.stm32cube.ide.mcu.externaltools.gnu-tools-for-stm32.12.3.rel1.win32_1.0.200.202406191623/tools/bin/../lib/gcc/arm-none-eabi/12.3.1/thumb/v7e-m+dp/hard/crtbegin.o
                0x24000068                        . = ALIGN (0x4)

.bss            0x24000068    0x8a19c load address 0x0800d4f8
                0x24000068                        _sbss = .
                0x24000068                        __bss_start__ = _sbss
 *(.bss)
 .bss           0x24000068       0x1c D:/ST/STM32CubeIDE_1.15.1/STM32CubeIDE/plugins/com.st.stm32cube.ide.mcu.externaltools.gnu-tools-for-stm32.12.3.rel1.win32_1.0.200.202406191623/tools/bin/../lib/gcc/arm-none-eabi/12.3.1/thumb/v7e-m+dp/hard/crtbegin.o
 *(.bss*)
 .bss.ret       0x24000084        0x1 ./Core/Src/GC9A01.o
                0x24000084                ret
 *fill*         0x24000085        0x3 
 .bss.Input_frameIndex
                0x24000088        0x4 ./Core/Src/decode_dma.o
                0x24000088                Input_frameIndex
 .bss.Input_frameSize
                0x2400008c        0x4 ./Core/Src/decode_dma.o
                0x2400008c                Input_frameSize
 .bss.JPEGSourceAddress
                0x24000090        0x4 ./Core/Src/decode_dma.o
                0x24000090                JPEGSourceAddress
 .bss.FrameBufferAddress
                0x24000094        0x4 ./Core/Src/decode_dma.o
                0x24000094                FrameBufferAddress
 .bss.Jpeg_HWDecodingEnd
                0x24000098        0x4 ./Core/Src/decode_dma.o
                0x24000098                Jpeg_HWDecodingEnd
 .bss.hrtc      0x2400009c       0x28 ./Core/Src/main.o
                0x2400009c                hrtc
 .bss.JPEG_Info
                0x240000c4       0x14 ./Core/Src/main.o
                0x240000c4                JPEG_Info
 .bss.DMA2D_Handle
                0x240000d8       0x68 ./Core/Src/main.o
                0x240000d8                DMA2D_Handle
 .bss.JPEG_Handle
                0x24000140       0x58 ./Core/Src/main.o
                0x24000140                JPEG_Handle
 .bss.hspi1     0x24000198       0x88 ./Core/Src/main.o
                0x24000198                hspi1
 .bss.hsd1      0x24000220       0x7c ./Core/Src/main.o
                0x24000220                hsd1
 .bss.swap.1    0x2400029c        0x1 ./Core/Src/smart_watch.o
 .bss.swap.2    0x2400029d        0x1 ./Core/Src/smart_watch.o
 *fill*         0x2400029e        0x2 
 .bss.output_data
                0x240002a0    0x32000 ./Core/Src/smart_watch.o
                0x240002a0                output_data
 .bss.preElab_data
                0x240322a0    0x4b000 ./Core/Src/smart_watch.o
                0x240322a0                preElab_data
 .bss.video     0x2407d2a0       0x44 ./Core/Src/smart_watch.o
                0x2407d2a0                video
 .bss.MJPEG_AudioBuffer
                0x2407d2e4        0x0 ./Core/Src/smart_watch.o
                0x2407d2e4                MJPEG_AudioBuffer
 .bss.MJPEG_VideoBuffer
                0x2407d2e4     0xc800 ./Core/Src/smart_watch.o
                0x2407d2e4                MJPEG_VideoBuffer
 .bss.AVI_Handel
                0x24089ae4       0x48 ./Core/Src/smart_watch.o
                0x24089ae4                AVI_Handel
 .bss.MJPEG_File
                0x24089b2c      0x230 ./Core/Src/smart_watch.o
                0x24089b2c                MJPEG_File
 .bss.SDFatFs   0x24089d5c      0x230 ./Core/Src/smart_watch.o
                0x24089d5c                SDFatFs
 .bss.name      0x24089f8c        0xe ./Core/Src/smart_watch.o
                0x24089f8c                name
 *fill*         0x24089f9a        0x6 
 .bss.hmdmaOut.0
                0x24089fa0       0x6c ./Core/Src/stm32h7xx_hal_msp.o
 *fill*         0x2408a00c        0x4 
 .bss.hmdmaIn.1
                0x2408a010       0x6c ./Core/Src/stm32h7xx_hal_msp.o
 .bss.__sbrk_heap_end
                0x2408a07c        0x4 ./Core/Src/sysmem.o
 .bss.uwTick    0x2408a080        0x4 ./Drivers/STM32H7xx_HAL_Driver/Src/stm32h7xx_hal.o
                0x2408a080                uwTick
 .bss.SDPath    0x2408a084        0x4 ./FATFS/App/fatfs.o
                0x2408a084                SDPath
 .bss.Files     0x2408a088       0x20 ./Middlewares/Third_Party/FatFs/src/ff.o
 .bss.Fsid      0x2408a0a8        0x2 ./Middlewares/Third_Party/FatFs/src/ff.o
 *fill*         0x2408a0aa        0x2 
 .bss.FatFs     0x2408a0ac        0x4 ./Middlewares/Third_Party/FatFs/src/ff.o
 .bss.disk      0x2408a0b0        0xc ./Middlewares/Third_Party/FatFs/src/ff_gen_drv.o
                0x2408a0b0                disk
 .bss.__sf      0x2408a0bc      0x138 D:/ST/STM32CubeIDE_1.15.1/STM32CubeIDE/plugins/com.st.stm32cube.ide.mcu.externaltools.gnu-tools-for-stm32.12.3.rel1.win32_1.0.200.202406191623/tools/bin/../lib/gcc/arm-none-eabi/12.3.1/../../../../arm-none-eabi/lib/thumb/v7e-m+dp/hard\libc_nano.a(libc_a-findfp.o)
                0x2408a0bc                __sf
 .bss.errno     0x2408a1f4        0x4 D:/ST/STM32CubeIDE_1.15.1/STM32CubeIDE/plugins/com.st.stm32cube.ide.mcu.externaltools.gnu-tools-for-stm32.12.3.rel1.win32_1.0.200.202406191623/tools/bin/../lib/gcc/arm-none-eabi/12.3.1/../../../../arm-none-eabi/lib/thumb/v7e-m+dp/hard\libc_nano.a(libc_a-reent.o)
                0x2408a1f4                errno
 .bss.__lock___malloc_recursive_mutex
                0x2408a1f8        0x1 D:/ST/STM32CubeIDE_1.15.1/STM32CubeIDE/plugins/com.st.stm32cube.ide.mcu.externaltools.gnu-tools-for-stm32.12.3.rel1.win32_1.0.200.202406191623/tools/bin/../lib/gcc/arm-none-eabi/12.3.1/../../../../arm-none-eabi/lib/thumb/v7e-m+dp/hard\libc_nano.a(libc_a-lock.o)
                0x2408a1f8                __lock___malloc_recursive_mutex
 *fill*         0x2408a1f9        0x3 
 .bss.__malloc_sbrk_start
                0x2408a1fc        0x4 D:/ST/STM32CubeIDE_1.15.1/STM32CubeIDE/plugins/com.st.stm32cube.ide.mcu.externaltools.gnu-tools-for-stm32.12.3.rel1.win32_1.0.200.202406191623/tools/bin/../lib/gcc/arm-none-eabi/12.3.1/../../../../arm-none-eabi/lib/thumb/v7e-m+dp/hard\libc_nano.a(libc_a-mallocr.o)
                0x2408a1fc                __malloc_sbrk_start
 .bss.__malloc_free_list
                0x2408a200        0x4 D:/ST/STM32CubeIDE_1.15.1/STM32CubeIDE/plugins/com.st.stm32cube.ide.mcu.externaltools.gnu-tools-for-stm32.12.3.rel1.win32_1.0.200.202406191623/tools/bin/../lib/gcc/arm-none-eabi/12.3.1/../../../../arm-none-eabi/lib/thumb/v7e-m+dp/hard\libc_nano.a(libc_a-mallocr.o)
                0x2408a200                __malloc_free_list
 *(COMMON)
                0x2408a204                        . = ALIGN (0x4)
                0x2408a204                        _ebss = .
                0x2408a204                        __bss_end__ = _ebss

._user_heap_stack
                0x2408a204      0xc04 load address 0x0800d4f8
                0x2408a208                        . = ALIGN (0x8)
 *fill*         0x2408a204        0x4 
                [!provide]                        PROVIDE (end = .)
                0x2408a208                        PROVIDE (_end = .)
                0x2408a608                        . = (. + _Min_Heap_Size)
 *fill*         0x2408a208      0x400 
                0x2408ae08                        . = (. + _Min_Stack_Size)
 *fill*         0x2408a608      0x800 
                0x2408ae08                        . = ALIGN (0x8)

/DISCARD/
 libc.a(*)
 libm.a(*)
 libgcc.a(*)

.ARM.attributes
                0x00000000       0x2e
 *(.ARM.attributes)
 .ARM.attributes
                0x00000000       0x20 D:/ST/STM32CubeIDE_1.15.1/STM32CubeIDE/plugins/com.st.stm32cube.ide.mcu.externaltools.gnu-tools-for-stm32.12.3.rel1.win32_1.0.200.202406191623/tools/bin/../lib/gcc/arm-none-eabi/12.3.1/thumb/v7e-m+dp/hard/crti.o
 .ARM.attributes
                0x00000020       0x32 D:/ST/STM32CubeIDE_1.15.1/STM32CubeIDE/plugins/com.st.stm32cube.ide.mcu.externaltools.gnu-tools-for-stm32.12.3.rel1.win32_1.0.200.202406191623/tools/bin/../lib/gcc/arm-none-eabi/12.3.1/thumb/v7e-m+dp/hard/crtbegin.o
 .ARM.attributes
                0x00000052       0x32 ./Core/Src/AVI_parser.o
 .ARM.attributes
                0x00000084       0x32 ./Core/Src/GC9A01.o
 .ARM.attributes
                0x000000b6       0x32 ./Core/Src/decode_dma.o
 .ARM.attributes
                0x000000e8       0x32 ./Core/Src/main.o
 .ARM.attributes
                0x0000011a       0x32 ./Core/Src/smart_watch.o
 .ARM.attributes
                0x0000014c       0x32 ./Core/Src/stm32h7xx_hal_msp.o
 .ARM.attributes
                0x0000017e       0x32 ./Core/Src/stm32h7xx_it.o
 .ARM.attributes
                0x000001b0       0x32 ./Core/Src/sysmem.o
 .ARM.attributes
                0x000001e2       0x32 ./Core/Src/system_stm32h7xx.o
 .ARM.attributes
                0x00000214       0x21 ./Core/Startup/startup_stm32h7b0rbtx.o
 .ARM.attributes
                0x00000235       0x32 ./Drivers/STM32H7xx_HAL_Driver/Src/stm32h7xx_hal.o
 .ARM.attributes
                0x00000267       0x32 ./Drivers/STM32H7xx_HAL_Driver/Src/stm32h7xx_hal_cortex.o
 .ARM.attributes
                0x00000299       0x32 ./Drivers/STM32H7xx_HAL_Driver/Src/stm32h7xx_hal_dma2d.o
 .ARM.attributes
                0x000002cb       0x32 ./Drivers/STM32H7xx_HAL_Driver/Src/stm32h7xx_hal_gpio.o
 .ARM.attributes
                0x000002fd       0x32 ./Drivers/STM32H7xx_HAL_Driver/Src/stm32h7xx_hal_jpeg.o
 .ARM.attributes
                0x0000032f       0x32 ./Drivers/STM32H7xx_HAL_Driver/Src/stm32h7xx_hal_mdma.o
 .ARM.attributes
                0x00000361       0x32 ./Drivers/STM32H7xx_HAL_Driver/Src/stm32h7xx_hal_pwr.o
 .ARM.attributes
                0x00000393       0x32 ./Drivers/STM32H7xx_HAL_Driver/Src/stm32h7xx_hal_pwr_ex.o
 .ARM.attributes
                0x000003c5       0x32 ./Drivers/STM32H7xx_HAL_Driver/Src/stm32h7xx_hal_rcc.o
 .ARM.attributes
                0x000003f7       0x32 ./Drivers/STM32H7xx_HAL_Driver/Src/stm32h7xx_hal_rcc_ex.o
 .ARM.attributes
                0x00000429       0x32 ./Drivers/STM32H7xx_HAL_Driver/Src/stm32h7xx_hal_rtc.o
 .ARM.attributes
                0x0000045b       0x32 ./Drivers/STM32H7xx_HAL_Driver/Src/stm32h7xx_hal_sd.o
 .ARM.attributes
                0x0000048d       0x32 ./Drivers/STM32H7xx_HAL_Driver/Src/stm32h7xx_hal_spi.o
 .ARM.attributes
                0x000004bf       0x32 ./Drivers/STM32H7xx_HAL_Driver/Src/stm32h7xx_ll_sdmmc.o
 .ARM.attributes
                0x000004f1       0x32 ./FATFS/App/fatfs.o
 .ARM.attributes
                0x00000523       0x32 ./FATFS/Target/bsp_driver_sd.o
 .ARM.attributes
                0x00000555       0x32 ./FATFS/Target/fatfs_platform.o
 .ARM.attributes
                0x00000587       0x32 ./FATFS/Target/sd_diskio.o
 .ARM.attributes
                0x000005b9       0x32 ./Middlewares/Third_Party/FatFs/src/diskio.o
 .ARM.attributes
                0x000005eb       0x32 ./Middlewares/Third_Party/FatFs/src/ff.o
 .ARM.attributes
                0x0000061d       0x32 ./Middlewares/Third_Party/FatFs/src/ff_gen_drv.o
 .ARM.attributes
                0x0000064f       0x32 D:/ST/STM32CubeIDE_1.15.1/STM32CubeIDE/plugins/com.st.stm32cube.ide.mcu.externaltools.gnu-tools-for-stm32.12.3.rel1.win32_1.0.200.202406191623/tools/bin/../lib/gcc/arm-none-eabi/12.3.1/../../../../arm-none-eabi/lib/thumb/v7e-m+dp/hard\libc_nano.a(libc_a-findfp.o)
 .ARM.attributes
                0x00000681       0x32 D:/ST/STM32CubeIDE_1.15.1/STM32CubeIDE/plugins/com.st.stm32cube.ide.mcu.externaltools.gnu-tools-for-stm32.12.3.rel1.win32_1.0.200.202406191623/tools/bin/../lib/gcc/arm-none-eabi/12.3.1/../../../../arm-none-eabi/lib/thumb/v7e-m+dp/hard\libc_nano.a(libc_a-snprintf.o)
 .ARM.attributes
                0x000006b3       0x32 D:/ST/STM32CubeIDE_1.15.1/STM32CubeIDE/plugins/com.st.stm32cube.ide.mcu.externaltools.gnu-tools-for-stm32.12.3.rel1.win32_1.0.200.202406191623/tools/bin/../lib/gcc/arm-none-eabi/12.3.1/../../../../arm-none-eabi/lib/thumb/v7e-m+dp/hard\libc_nano.a(libc_a-memset.o)
 .ARM.attributes
                0x000006e5       0x32 D:/ST/STM32CubeIDE_1.15.1/STM32CubeIDE/plugins/com.st.stm32cube.ide.mcu.externaltools.gnu-tools-for-stm32.12.3.rel1.win32_1.0.200.202406191623/tools/bin/../lib/gcc/arm-none-eabi/12.3.1/../../../../arm-none-eabi/lib/thumb/v7e-m+dp/hard\libc_nano.a(libc_a-reent.o)
 .ARM.attributes
                0x00000717       0x32 D:/ST/STM32CubeIDE_1.15.1/STM32CubeIDE/plugins/com.st.stm32cube.ide.mcu.externaltools.gnu-tools-for-stm32.12.3.rel1.win32_1.0.200.202406191623/tools/bin/../lib/gcc/arm-none-eabi/12.3.1/../../../../arm-none-eabi/lib/thumb/v7e-m+dp/hard\libc_nano.a(libc_a-impure.o)
 .ARM.attributes
                0x00000749       0x32 D:/ST/STM32CubeIDE_1.15.1/STM32CubeIDE/plugins/com.st.stm32cube.ide.mcu.externaltools.gnu-tools-for-stm32.12.3.rel1.win32_1.0.200.202406191623/tools/bin/../lib/gcc/arm-none-eabi/12.3.1/../../../../arm-none-eabi/lib/thumb/v7e-m+dp/hard\libc_nano.a(libc_a-errno.o)
 .ARM.attributes
                0x0000077b       0x32 D:/ST/STM32CubeIDE_1.15.1/STM32CubeIDE/plugins/com.st.stm32cube.ide.mcu.externaltools.gnu-tools-for-stm32.12.3.rel1.win32_1.0.200.202406191623/tools/bin/../lib/gcc/arm-none-eabi/12.3.1/../../../../arm-none-eabi/lib/thumb/v7e-m+dp/hard\libc_nano.a(libc_a-init.o)
 .ARM.attributes
                0x000007ad       0x32 D:/ST/STM32CubeIDE_1.15.1/STM32CubeIDE/plugins/com.st.stm32cube.ide.mcu.externaltools.gnu-tools-for-stm32.12.3.rel1.win32_1.0.200.202406191623/tools/bin/../lib/gcc/arm-none-eabi/12.3.1/../../../../arm-none-eabi/lib/thumb/v7e-m+dp/hard\libc_nano.a(libc_a-lock.o)
 .ARM.attributes
                0x000007df       0x32 D:/ST/STM32CubeIDE_1.15.1/STM32CubeIDE/plugins/com.st.stm32cube.ide.mcu.externaltools.gnu-tools-for-stm32.12.3.rel1.win32_1.0.200.202406191623/tools/bin/../lib/gcc/arm-none-eabi/12.3.1/../../../../arm-none-eabi/lib/thumb/v7e-m+dp/hard\libc_nano.a(libc_a-freer.o)
 .ARM.attributes
                0x00000811       0x32 D:/ST/STM32CubeIDE_1.15.1/STM32CubeIDE/plugins/com.st.stm32cube.ide.mcu.externaltools.gnu-tools-for-stm32.12.3.rel1.win32_1.0.200.202406191623/tools/bin/../lib/gcc/arm-none-eabi/12.3.1/../../../../arm-none-eabi/lib/thumb/v7e-m+dp/hard\libc_nano.a(libc_a-mallocr.o)
 .ARM.attributes
                0x00000843       0x32 D:/ST/STM32CubeIDE_1.15.1/STM32CubeIDE/plugins/com.st.stm32cube.ide.mcu.externaltools.gnu-tools-for-stm32.12.3.rel1.win32_1.0.200.202406191623/tools/bin/../lib/gcc/arm-none-eabi/12.3.1/../../../../arm-none-eabi/lib/thumb/v7e-m+dp/hard\libc_nano.a(libc_a-mlock.o)
 .ARM.attributes
                0x00000875       0x32 D:/ST/STM32CubeIDE_1.15.1/STM32CubeIDE/plugins/com.st.stm32cube.ide.mcu.externaltools.gnu-tools-for-stm32.12.3.rel1.win32_1.0.200.202406191623/tools/bin/../lib/gcc/arm-none-eabi/12.3.1/../../../../arm-none-eabi/lib/thumb/v7e-m+dp/hard\libc_nano.a(libc_a-nano-svfprintf.o)
 .ARM.attributes
                0x000008a7       0x32 D:/ST/STM32CubeIDE_1.15.1/STM32CubeIDE/plugins/com.st.stm32cube.ide.mcu.externaltools.gnu-tools-for-stm32.12.3.rel1.win32_1.0.200.202406191623/tools/bin/../lib/gcc/arm-none-eabi/12.3.1/../../../../arm-none-eabi/lib/thumb/v7e-m+dp/hard\libc_nano.a(libc_a-nano-vfprintf_i.o)
 .ARM.attributes
                0x000008d9       0x32 D:/ST/STM32CubeIDE_1.15.1/STM32CubeIDE/plugins/com.st.stm32cube.ide.mcu.externaltools.gnu-tools-for-stm32.12.3.rel1.win32_1.0.200.202406191623/tools/bin/../lib/gcc/arm-none-eabi/12.3.1/../../../../arm-none-eabi/lib/thumb/v7e-m+dp/hard\libc_nano.a(libc_a-memmove.o)
 .ARM.attributes
                0x0000090b       0x32 D:/ST/STM32CubeIDE_1.15.1/STM32CubeIDE/plugins/com.st.stm32cube.ide.mcu.externaltools.gnu-tools-for-stm32.12.3.rel1.win32_1.0.200.202406191623/tools/bin/../lib/gcc/arm-none-eabi/12.3.1/../../../../arm-none-eabi/lib/thumb/v7e-m+dp/hard\libc_nano.a(libc_a-sbrkr.o)
 .ARM.attributes
                0x0000093d       0x1c D:/ST/STM32CubeIDE_1.15.1/STM32CubeIDE/plugins/com.st.stm32cube.ide.mcu.externaltools.gnu-tools-for-stm32.12.3.rel1.win32_1.0.200.202406191623/tools/bin/../lib/gcc/arm-none-eabi/12.3.1/../../../../arm-none-eabi/lib/thumb/v7e-m+dp/hard\libc_nano.a(libc_a-memchr.o)
 .ARM.attributes
                0x00000959       0x32 D:/ST/STM32CubeIDE_1.15.1/STM32CubeIDE/plugins/com.st.stm32cube.ide.mcu.externaltools.gnu-tools-for-stm32.12.3.rel1.win32_1.0.200.202406191623/tools/bin/../lib/gcc/arm-none-eabi/12.3.1/../../../../arm-none-eabi/lib/thumb/v7e-m+dp/hard\libc_nano.a(libc_a-memcpy-stub.o)
 .ARM.attributes
                0x0000098b       0x32 D:/ST/STM32CubeIDE_1.15.1/STM32CubeIDE/plugins/com.st.stm32cube.ide.mcu.externaltools.gnu-tools-for-stm32.12.3.rel1.win32_1.0.200.202406191623/tools/bin/../lib/gcc/arm-none-eabi/12.3.1/../../../../arm-none-eabi/lib/thumb/v7e-m+dp/hard\libc_nano.a(libc_a-reallocr.o)
 .ARM.attributes
                0x000009bd       0x32 D:/ST/STM32CubeIDE_1.15.1/STM32CubeIDE/plugins/com.st.stm32cube.ide.mcu.externaltools.gnu-tools-for-stm32.12.3.rel1.win32_1.0.200.202406191623/tools/bin/../lib/gcc/arm-none-eabi/12.3.1/../../../../arm-none-eabi/lib/thumb/v7e-m+dp/hard\libc_nano.a(libc_a-msizer.o)
 .ARM.attributes
                0x000009ef       0x20 D:/ST/STM32CubeIDE_1.15.1/STM32CubeIDE/plugins/com.st.stm32cube.ide.mcu.externaltools.gnu-tools-for-stm32.12.3.rel1.win32_1.0.200.202406191623/tools/bin/../lib/gcc/arm-none-eabi/12.3.1/thumb/v7e-m+dp/hard/crtn.o
OUTPUT(digital_watch_v02.elf elf32-littlearm)
LOAD linker stubs
LOAD D:/ST/STM32CubeIDE_1.15.1/STM32CubeIDE/plugins/com.st.stm32cube.ide.mcu.externaltools.gnu-tools-for-stm32.12.3.rel1.win32_1.0.200.202406191623/tools/bin/../lib/gcc/arm-none-eabi/12.3.1/../../../../arm-none-eabi/lib/thumb/v7e-m+dp/hard\libc.a
LOAD D:/ST/STM32CubeIDE_1.15.1/STM32CubeIDE/plugins/com.st.stm32cube.ide.mcu.externaltools.gnu-tools-for-stm32.12.3.rel1.win32_1.0.200.202406191623/tools/bin/../lib/gcc/arm-none-eabi/12.3.1/../../../../arm-none-eabi/lib/thumb/v7e-m+dp/hard\libm.a
LOAD D:/ST/STM32CubeIDE_1.15.1/STM32CubeIDE/plugins/com.st.stm32cube.ide.mcu.externaltools.gnu-tools-for-stm32.12.3.rel1.win32_1.0.200.202406191623/tools/bin/../lib/gcc/arm-none-eabi/12.3.1/thumb/v7e-m+dp/hard\libgcc.a

.debug_info     0x00000000    0x3b494
 .debug_info    0x00000000     0x127b ./Core/Src/AVI_parser.o
 .debug_info    0x0000127b     0xe413 ./Core/Src/GC9A01.o
 .debug_info    0x0000f68e      0xb31 ./Core/Src/decode_dma.o
 .debug_info    0x000101bf     0x3263 ./Core/Src/main.o
 .debug_info    0x00013422     0x35e3 ./Core/Src/smart_watch.o
 .debug_info    0x00016a05     0x2a35 ./Core/Src/stm32h7xx_hal_msp.o
 .debug_info    0x0001943a      0xa02 ./Core/Src/stm32h7xx_it.o
 .debug_info    0x00019e3c      0x186 ./Core/Src/sysmem.o
 .debug_info    0x00019fc2      0xca0 ./Core/Src/system_stm32h7xx.o
 .debug_info    0x0001ac62       0x30 ./Core/Startup/startup_stm32h7b0rbtx.o
 .debug_info    0x0001ac92     0x152d ./Drivers/STM32H7xx_HAL_Driver/Src/stm32h7xx_hal.o
 .debug_info    0x0001c1bf     0x1337 ./Drivers/STM32H7xx_HAL_Driver/Src/stm32h7xx_hal_cortex.o
 .debug_info    0x0001d4f6     0x1850 ./Drivers/STM32H7xx_HAL_Driver/Src/stm32h7xx_hal_dma2d.o
 .debug_info    0x0001ed46      0xb6f ./Drivers/STM32H7xx_HAL_Driver/Src/stm32h7xx_hal_gpio.o
 .debug_info    0x0001f8b5     0x2d85 ./Drivers/STM32H7xx_HAL_Driver/Src/stm32h7xx_hal_jpeg.o
 .debug_info    0x0002263a      0xed4 ./Drivers/STM32H7xx_HAL_Driver/Src/stm32h7xx_hal_mdma.o
 .debug_info    0x0002350e      0x91f ./Drivers/STM32H7xx_HAL_Driver/Src/stm32h7xx_hal_pwr.o
 .debug_info    0x00023e2d     0x103f ./Drivers/STM32H7xx_HAL_Driver/Src/stm32h7xx_hal_pwr_ex.o
 .debug_info    0x00024e6c     0x137e ./Drivers/STM32H7xx_HAL_Driver/Src/stm32h7xx_hal_rcc.o
 .debug_info    0x000261ea     0x23b8 ./Drivers/STM32H7xx_HAL_Driver/Src/stm32h7xx_hal_rcc_ex.o
 .debug_info    0x000285a2     0x19f7 ./Drivers/STM32H7xx_HAL_Driver/Src/stm32h7xx_hal_rtc.o
 .debug_info    0x00029f99     0x278c ./Drivers/STM32H7xx_HAL_Driver/Src/stm32h7xx_hal_sd.o
 .debug_info    0x0002c725     0x19e9 ./Drivers/STM32H7xx_HAL_Driver/Src/stm32h7xx_hal_spi.o
 .debug_info    0x0002e10e     0x3765 ./Drivers/STM32H7xx_HAL_Driver/Src/stm32h7xx_ll_sdmmc.o
 .debug_info    0x00031873      0x513 ./FATFS/App/fatfs.o
 .debug_info    0x00031d86      0xa5d ./FATFS/Target/bsp_driver_sd.o
 .debug_info    0x000327e3      0x201 ./FATFS/Target/fatfs_platform.o
 .debug_info    0x000329e4      0x6bf ./FATFS/Target/sd_diskio.o
 .debug_info    0x000330a3      0x470 ./Middlewares/Third_Party/FatFs/src/diskio.o
 .debug_info    0x00033513     0x79c4 ./Middlewares/Third_Party/FatFs/src/ff.o
 .debug_info    0x0003aed7      0x5bd ./Middlewares/Third_Party/FatFs/src/ff_gen_drv.o

.debug_abbrev   0x00000000     0x556b
 .debug_abbrev  0x00000000      0x2a9 ./Core/Src/AVI_parser.o
 .debug_abbrev  0x000002a9      0x38f ./Core/Src/GC9A01.o
 .debug_abbrev  0x00000638      0x22a ./Core/Src/decode_dma.o
 .debug_abbrev  0x00000862      0x39d ./Core/Src/main.o
 .debug_abbrev  0x00000bff      0x625 ./Core/Src/smart_watch.o
 .debug_abbrev  0x00001224      0x2e6 ./Core/Src/stm32h7xx_hal_msp.o
 .debug_abbrev  0x0000150a      0x216 ./Core/Src/stm32h7xx_it.o
 .debug_abbrev  0x00001720       0xdc ./Core/Src/sysmem.o
 .debug_abbrev  0x000017fc      0x150 ./Core/Src/system_stm32h7xx.o
 .debug_abbrev  0x0000194c       0x24 ./Core/Startup/startup_stm32h7b0rbtx.o
 .debug_abbrev  0x00001970      0x311 ./Drivers/STM32H7xx_HAL_Driver/Src/stm32h7xx_hal.o
 .debug_abbrev  0x00001c81      0x3a4 ./Drivers/STM32H7xx_HAL_Driver/Src/stm32h7xx_hal_cortex.o
 .debug_abbrev  0x00002025      0x35c ./Drivers/STM32H7xx_HAL_Driver/Src/stm32h7xx_hal_dma2d.o
 .debug_abbrev  0x00002381      0x25d ./Drivers/STM32H7xx_HAL_Driver/Src/stm32h7xx_hal_gpio.o
 .debug_abbrev  0x000025de      0x3e9 ./Drivers/STM32H7xx_HAL_Driver/Src/stm32h7xx_hal_jpeg.o
 .debug_abbrev  0x000029c7      0x2d5 ./Drivers/STM32H7xx_HAL_Driver/Src/stm32h7xx_hal_mdma.o
 .debug_abbrev  0x00002c9c      0x199 ./Drivers/STM32H7xx_HAL_Driver/Src/stm32h7xx_hal_pwr.o
 .debug_abbrev  0x00002e35      0x2f6 ./Drivers/STM32H7xx_HAL_Driver/Src/stm32h7xx_hal_pwr_ex.o
 .debug_abbrev  0x0000312b      0x326 ./Drivers/STM32H7xx_HAL_Driver/Src/stm32h7xx_hal_rcc.o
 .debug_abbrev  0x00003451      0x378 ./Drivers/STM32H7xx_HAL_Driver/Src/stm32h7xx_hal_rcc_ex.o
 .debug_abbrev  0x000037c9      0x339 ./Drivers/STM32H7xx_HAL_Driver/Src/stm32h7xx_hal_rtc.o
 .debug_abbrev  0x00003b02      0x3a1 ./Drivers/STM32H7xx_HAL_Driver/Src/stm32h7xx_hal_sd.o
 .debug_abbrev  0x00003ea3      0x3ca ./Drivers/STM32H7xx_HAL_Driver/Src/stm32h7xx_hal_spi.o
 .debug_abbrev  0x0000426d      0x329 ./Drivers/STM32H7xx_HAL_Driver/Src/stm32h7xx_ll_sdmmc.o
 .debug_abbrev  0x00004596      0x172 ./FATFS/App/fatfs.o
 .debug_abbrev  0x00004708      0x274 ./FATFS/Target/bsp_driver_sd.o
 .debug_abbrev  0x0000497c      0x11c ./FATFS/Target/fatfs_platform.o
 .debug_abbrev  0x00004a98      0x28b ./FATFS/Target/sd_diskio.o
 .debug_abbrev  0x00004d23      0x1c3 ./Middlewares/Third_Party/FatFs/src/diskio.o
 .debug_abbrev  0x00004ee6      0x448 ./Middlewares/Third_Party/FatFs/src/ff.o
 .debug_abbrev  0x0000532e      0x23d ./Middlewares/Third_Party/FatFs/src/ff_gen_drv.o

.debug_loclists
                0x00000000    0x22d54
 .debug_loclists
                0x00000000      0xdbe ./Core/Src/AVI_parser.o
 .debug_loclists
                0x00000dbe     0x53c8 ./Core/Src/GC9A01.o
 .debug_loclists
                0x00006186      0x145 ./Core/Src/decode_dma.o
 .debug_loclists
                0x000062cb      0xa1e ./Core/Src/smart_watch.o
 .debug_loclists
                0x00006ce9       0xdd ./Core/Src/stm32h7xx_hal_msp.o
 .debug_loclists
                0x00006dc6       0x55 ./Core/Src/sysmem.o
 .debug_loclists
                0x00006e1b      0x103 ./Core/Src/system_stm32h7xx.o
 .debug_loclists
                0x00006f1e      0x22d ./Drivers/STM32H7xx_HAL_Driver/Src/stm32h7xx_hal.o
 .debug_loclists
                0x0000714b      0x4df ./Drivers/STM32H7xx_HAL_Driver/Src/stm32h7xx_hal_cortex.o
 .debug_loclists
                0x0000762a     0x21b4 ./Drivers/STM32H7xx_HAL_Driver/Src/stm32h7xx_hal_dma2d.o
 .debug_loclists
                0x000097de      0x319 ./Drivers/STM32H7xx_HAL_Driver/Src/stm32h7xx_hal_gpio.o
 .debug_loclists
                0x00009af7     0x499d ./Drivers/STM32H7xx_HAL_Driver/Src/stm32h7xx_hal_jpeg.o
 .debug_loclists
                0x0000e494      0xb58 ./Drivers/STM32H7xx_HAL_Driver/Src/stm32h7xx_hal_mdma.o
 .debug_loclists
                0x0000efec       0x44 ./Drivers/STM32H7xx_HAL_Driver/Src/stm32h7xx_hal_pwr.o
 .debug_loclists
                0x0000f030      0x2a9 ./Drivers/STM32H7xx_HAL_Driver/Src/stm32h7xx_hal_pwr_ex.o
 .debug_loclists
                0x0000f2d9      0x6ec ./Drivers/STM32H7xx_HAL_Driver/Src/stm32h7xx_hal_rcc.o
 .debug_loclists
                0x0000f9c5     0x1448 ./Drivers/STM32H7xx_HAL_Driver/Src/stm32h7xx_hal_rcc_ex.o
 .debug_loclists
                0x00010e0d      0xf5d ./Drivers/STM32H7xx_HAL_Driver/Src/stm32h7xx_hal_rtc.o
 .debug_loclists
                0x00011d6a     0x1a78 ./Drivers/STM32H7xx_HAL_Driver/Src/stm32h7xx_hal_sd.o
 .debug_loclists
                0x000137e2     0x11e1 ./Drivers/STM32H7xx_HAL_Driver/Src/stm32h7xx_hal_spi.o
 .debug_loclists
                0x000149c3     0x3996 ./Drivers/STM32H7xx_HAL_Driver/Src/stm32h7xx_ll_sdmmc.o
 .debug_loclists
                0x00018359      0x2f3 ./FATFS/Target/bsp_driver_sd.o
 .debug_loclists
                0x0001864c       0x27 ./FATFS/Target/fatfs_platform.o
 .debug_loclists
                0x00018673      0x246 ./FATFS/Target/sd_diskio.o
 .debug_loclists
                0x000188b9      0x16c ./Middlewares/Third_Party/FatFs/src/diskio.o
 .debug_loclists
                0x00018a25     0x9f3f ./Middlewares/Third_Party/FatFs/src/ff.o
 .debug_loclists
                0x00022964      0x3f0 ./Middlewares/Third_Party/FatFs/src/ff_gen_drv.o

.debug_aranges  0x00000000     0x1488
 .debug_aranges
                0x00000000       0x40 ./Core/Src/AVI_parser.o
 .debug_aranges
                0x00000040       0x78 ./Core/Src/GC9A01.o
 .debug_aranges
                0x000000b8       0x48 ./Core/Src/decode_dma.o
 .debug_aranges
                0x00000100       0x30 ./Core/Src/main.o
 .debug_aranges
                0x00000130       0x70 ./Core/Src/smart_watch.o
 .debug_aranges
                0x000001a0       0x70 ./Core/Src/stm32h7xx_hal_msp.o
 .debug_aranges
                0x00000210       0x88 ./Core/Src/stm32h7xx_it.o
 .debug_aranges
                0x00000298       0x20 ./Core/Src/sysmem.o
 .debug_aranges
                0x000002b8       0x28 ./Core/Src/system_stm32h7xx.o
 .debug_aranges
                0x000002e0       0x28 ./Core/Startup/startup_stm32h7b0rbtx.o
 .debug_aranges
                0x00000308      0x1a0 ./Drivers/STM32H7xx_HAL_Driver/Src/stm32h7xx_hal.o
 .debug_aranges
                0x000004a8       0xc0 ./Drivers/STM32H7xx_HAL_Driver/Src/stm32h7xx_hal_cortex.o
 .debug_aranges
                0x00000568      0x118 ./Drivers/STM32H7xx_HAL_Driver/Src/stm32h7xx_hal_dma2d.o
 .debug_aranges
                0x00000680       0x58 ./Drivers/STM32H7xx_HAL_Driver/Src/stm32h7xx_hal_gpio.o
 .debug_aranges
                0x000006d8      0x168 ./Drivers/STM32H7xx_HAL_Driver/Src/stm32h7xx_hal_jpeg.o
 .debug_aranges
                0x00000840       0xb0 ./Drivers/STM32H7xx_HAL_Driver/Src/stm32h7xx_hal_mdma.o
 .debug_aranges
                0x000008f0       0xa0 ./Drivers/STM32H7xx_HAL_Driver/Src/stm32h7xx_hal_pwr.o
 .debug_aranges
                0x00000990      0x188 ./Drivers/STM32H7xx_HAL_Driver/Src/stm32h7xx_hal_pwr_ex.o
 .debug_aranges
                0x00000b18       0x90 ./Drivers/STM32H7xx_HAL_Driver/Src/stm32h7xx_hal_rcc.o
 .debug_aranges
                0x00000ba8       0xf0 ./Drivers/STM32H7xx_HAL_Driver/Src/stm32h7xx_hal_rcc_ex.o
 .debug_aranges
                0x00000c98       0xc0 ./Drivers/STM32H7xx_HAL_Driver/Src/stm32h7xx_hal_rtc.o
 .debug_aranges
                0x00000d58      0x128 ./Drivers/STM32H7xx_HAL_Driver/Src/stm32h7xx_hal_sd.o
 .debug_aranges
                0x00000e80      0x198 ./Drivers/STM32H7xx_HAL_Driver/Src/stm32h7xx_hal_spi.o
 .debug_aranges
                0x00001018      0x198 ./Drivers/STM32H7xx_HAL_Driver/Src/stm32h7xx_ll_sdmmc.o
 .debug_aranges
                0x000011b0       0x28 ./FATFS/App/fatfs.o
 .debug_aranges
                0x000011d8       0x98 ./FATFS/Target/bsp_driver_sd.o
 .debug_aranges
                0x00001270       0x20 ./FATFS/Target/fatfs_platform.o
 .debug_aranges
                0x00001290       0x40 ./FATFS/Target/sd_diskio.o
 .debug_aranges
                0x000012d0       0x48 ./Middlewares/Third_Party/FatFs/src/diskio.o
 .debug_aranges
                0x00001318      0x130 ./Middlewares/Third_Party/FatFs/src/ff.o
 .debug_aranges
                0x00001448       0x40 ./Middlewares/Third_Party/FatFs/src/ff_gen_drv.o

.debug_rnglists
                0x00000000     0x4b97
 .debug_rnglists
                0x00000000       0xa3 ./Core/Src/AVI_parser.o
 .debug_rnglists
                0x000000a3     0x1b3e ./Core/Src/GC9A01.o
 .debug_rnglists
                0x00001be1       0x31 ./Core/Src/decode_dma.o
 .debug_rnglists
                0x00001c12       0x8c ./Core/Src/main.o
 .debug_rnglists
                0x00001c9e      0x1dd ./Core/Src/smart_watch.o
 .debug_rnglists
                0x00001e7b       0xc7 ./Core/Src/stm32h7xx_hal_msp.o
 .debug_rnglists
                0x00001f42       0x61 ./Core/Src/stm32h7xx_it.o
 .debug_rnglists
                0x00001fa3       0x13 ./Core/Src/sysmem.o
 .debug_rnglists
                0x00001fb6       0x1b ./Core/Src/system_stm32h7xx.o
 .debug_rnglists
                0x00001fd1       0x19 ./Core/Startup/startup_stm32h7b0rbtx.o
 .debug_rnglists
                0x00001fea      0x134 ./Drivers/STM32H7xx_HAL_Driver/Src/stm32h7xx_hal.o
 .debug_rnglists
                0x0000211e       0xf4 ./Drivers/STM32H7xx_HAL_Driver/Src/stm32h7xx_hal_cortex.o
 .debug_rnglists
                0x00002212      0x162 ./Drivers/STM32H7xx_HAL_Driver/Src/stm32h7xx_hal_dma2d.o
 .debug_rnglists
                0x00002374       0x54 ./Drivers/STM32H7xx_HAL_Driver/Src/stm32h7xx_hal_gpio.o
 .debug_rnglists
                0x000023c8      0x379 ./Drivers/STM32H7xx_HAL_Driver/Src/stm32h7xx_hal_jpeg.o
 .debug_rnglists
                0x00002741       0xcc ./Drivers/STM32H7xx_HAL_Driver/Src/stm32h7xx_hal_mdma.o
 .debug_rnglists
                0x0000280d       0x74 ./Drivers/STM32H7xx_HAL_Driver/Src/stm32h7xx_hal_pwr.o
 .debug_rnglists
                0x00002881      0x16c ./Drivers/STM32H7xx_HAL_Driver/Src/stm32h7xx_hal_pwr_ex.o
 .debug_rnglists
                0x000029ed      0x146 ./Drivers/STM32H7xx_HAL_Driver/Src/stm32h7xx_hal_rcc.o
 .debug_rnglists
                0x00002b33      0x21a ./Drivers/STM32H7xx_HAL_Driver/Src/stm32h7xx_hal_rcc_ex.o
 .debug_rnglists
                0x00002d4d      0x1f5 ./Drivers/STM32H7xx_HAL_Driver/Src/stm32h7xx_hal_rtc.o
 .debug_rnglists
                0x00002f42      0x1d7 ./Drivers/STM32H7xx_HAL_Driver/Src/stm32h7xx_hal_sd.o
 .debug_rnglists
                0x00003119      0x1c4 ./Drivers/STM32H7xx_HAL_Driver/Src/stm32h7xx_hal_spi.o
 .debug_rnglists
                0x000032dd      0x94f ./Drivers/STM32H7xx_HAL_Driver/Src/stm32h7xx_ll_sdmmc.o
 .debug_rnglists
                0x00003c2c       0x19 ./FATFS/App/fatfs.o
 .debug_rnglists
                0x00003c45       0x6d ./FATFS/Target/bsp_driver_sd.o
 .debug_rnglists
                0x00003cb2       0x13 ./FATFS/Target/fatfs_platform.o
 .debug_rnglists
                0x00003cc5       0x37 ./FATFS/Target/sd_diskio.o
 .debug_rnglists
                0x00003cfc       0x31 ./Middlewares/Third_Party/FatFs/src/diskio.o
 .debug_rnglists
                0x00003d2d      0xdd3 ./Middlewares/Third_Party/FatFs/src/ff.o
 .debug_rnglists
                0x00004b00       0x97 ./Middlewares/Third_Party/FatFs/src/ff_gen_drv.o

.debug_macro    0x00000000    0x358e7
 .debug_macro   0x00000000      0x3c0 ./Core/Src/AVI_parser.o
 .debug_macro   0x000003c0      0xacc ./Core/Src/AVI_parser.o
 .debug_macro   0x00000e8c      0x250 ./Core/Src/AVI_parser.o
 .debug_macro   0x000010dc       0x2e ./Core/Src/AVI_parser.o
 .debug_macro   0x0000110a       0x3b ./Core/Src/AVI_parser.o
 .debug_macro   0x00001145       0x22 ./Core/Src/AVI_parser.o
 .debug_macro   0x00001167       0x8e ./Core/Src/AVI_parser.o
 .debug_macro   0x000011f5       0x51 ./Core/Src/AVI_parser.o
 .debug_macro   0x00001246      0x103 ./Core/Src/AVI_parser.o
 .debug_macro   0x00001349       0x6a ./Core/Src/AVI_parser.o
 .debug_macro   0x000013b3      0x1df ./Core/Src/AVI_parser.o
 .debug_macro   0x00001592       0x1c ./Core/Src/AVI_parser.o
 .debug_macro   0x000015ae       0x22 ./Core/Src/AVI_parser.o