C:/Users/Fato/Desktop/Nuova cartella/Nuova cartella/STM32Cube_FW_H7_V1.11.0/Projects/STM32H747I-DISCO/Examples/JPEG/JPEG_MJPEG_VideoDecoding/CM7/Src/main.c:80:5:main	48	static
C:/Users/Fato/Desktop/Nuova cartella/Nuova cartella/STM32Cube_FW_H7_V1.11.0/Projects/STM32H747I-DISCO/Examples/JPEG/JPEG_MJPEG_VideoDecoding/CM7/Src/main.c:244:6:Error_Handler	8	static
C:/Users/Fato/Desktop/Nuova cartella/Nuova cartella/STM32Cube_FW_H7_V1.11.0/Projects/STM32H747I-DISCO/Examples/JPEG/JPEG_MJPEG_VideoDecoding/CM7/Src/main.c:261:13:DMA2D_Init	24	static
C:/Users/Fato/Desktop/Nuova cartella/Nuova cartella/STM32Cube_FW_H7_V1.11.0/Projects/STM32H747I-DISCO/Examples/JPEG/JPEG_MJPEG_VideoDecoding/CM7/Src/main.c:330:13:DMA2D_CopyBuffer	48	static
C:/Users/Fato/Desktop/Nuova cartella/Nuova cartella/STM32Cube_FW_H7_V1.11.0/Projects/STM32H747I-DISCO/Examples/JPEG/JPEG_MJPEG_VideoDecoding/CM7/Src/main.c:347:13:SD_Initialize	8	static
C:/Users/Fato/Desktop/Nuova cartella/Nuova cartella/STM32Cube_FW_H7_V1.11.0/Projects/STM32H747I-DISCO/Examples/JPEG/JPEG_MJPEG_VideoDecoding/CM7/Src/main.c:357:13:LCD_BriefDisplay	80	static
C:/Users/Fato/Desktop/Nuova cartella/Nuova cartella/STM32Cube_FW_H7_V1.11.0/Projects/STM32H747I-DISCO/Examples/JPEG/JPEG_MJPEG_VideoDecoding/CM7/Src/main.c:415:13:LCD_FileErrorDisplay	8	static
C:/Users/Fato/Desktop/Nuova cartella/Nuova cartella/STM32Cube_FW_H7_V1.11.0/Projects/STM32H747I-DISCO/Examples/JPEG/JPEG_MJPEG_VideoDecoding/CM7/Src/main.c:451:13:SystemClock_Config	128	static
C:/Users/Fato/Desktop/Nuova cartella/Nuova cartella/STM32Cube_FW_H7_V1.11.0/Projects/STM32H747I-DISCO/Examples/JPEG/JPEG_MJPEG_VideoDecoding/CM7/Src/main.c:533:13:MPU_Config	24	static
C:/Users/Fato/Desktop/Nuova cartella/Nuova cartella/STM32Cube_FW_H7_V1.11.0/Projects/STM32H747I-DISCO/Examples/JPEG/JPEG_MJPEG_VideoDecoding/CM7/Src/main.c:580:13:CPU_CACHE_Enable	24	static,ignoring_inline_asm
