../Core/Src/GC9A01.c:49:6:GC9A01_write_data.constprop	16	static
../Core/Src/GC9A01.c:9:6:GC9A01_set_reset	0	static
../Core/Src/GC9A01.c:17:6:GC9A01_set_data_command	0	static
../Core/Src/GC9A01.c:28:6:GC9A01_set_chip_select	0	static
../Core/Src/GC9A01.c:39:6:GC9A01_write_command	16	static
../Core/Src/GC9A01.c:49:6:GC9A01_write_data	16	static
../Core/Src/GC9A01.c:63:6:GC9A01_write	32	static
../Core/Src/GC9A01.c:68:6:GC9A01_write_continue	32	static
../Core/Src/GC9A01.c:73:6:GC9A01_init	48	static
../Core/Src/GC9A01.c:328:6:GC9A01_set_frame	48	static
../Core/Src/GC9A01.c:353:6:GC9A01_sleep_mode	16	static
../Core/Src/GC9A01.c:375:5:GC9A01_spi_tx	8	static
