../Core/Src/main.c:78:5:main	8	static
../Core/Src/main.c:152:6:SystemClock_Config	120	static
../Core/Src/main.c:215:13:MX_DMA2D_Init	8	static
../Core/Src/main.c:255:13:MX_JPEG_Init	8	static
../Core/Src/main.c:281:13:MX_SDMMC1_SD_Init	4	static
../Core/Src/main.c:308:13:MX_SPI1_Init	8	static
../Core/Src/main.c:356:13:MX_GPIO_Init	48	static
../Core/Src/main.c:392:12:test_process	576	static
../Core/Src/main.c:432:12:print_log	112	static
../Core/Src/main.c:471:6:Error_Handler	4	static,ignoring_inline_asm
