../Core/Src/main.c:81:5:main	8	static,ignoring_inline_asm
../Core/Src/main.c:161:6:SystemClock_Config	120	static
../Core/Src/main.c:227:13:MX_DMA2D_Init	8	static
../Core/Src/main.c:265:13:MX_DMA_Init	16	static
../Core/Src/main.c:283:13:MX_JPEG_Init	8	static
../Core/Src/main.c:309:13:MX_SDMMC1_SD_Init	4	static
../Core/Src/main.c:336:13:MX_SPI1_Init	8	static
../Core/Src/main.c:379:6:MX_RTC_Init	32	static
../Core/Src/main.c:427:13:MX_GPIO_Init	48	static
../Core/Src/main.c:480:12:test_process	576	static
../Core/Src/main.c:521:12:print_log	112	static
../Core/Src/main.c:560:6:Error_Handler	4	static,ignoring_inline_asm
