../Core/Src/smart_watch.c:1041:12:file_handler	32	static
../Core/Src/smart_watch.c:1294:13:DMA2D_Init.constprop	16	static
../Core/Src/smart_watch.c:1041:12:file_handler.constprop	32	static
../Core/Src/smart_watch.c:1180:12:show_frame.constprop	48	static
../Core/Src/smart_watch.c:80:5:smart_watch_init	16	static
../Core/Src/smart_watch.c:144:5:smart_watch_process	64	static,ignoring_inline_asm
../Core/Src/smart_watch.c:188:5:lcd_draw	24	static
../Core/Src/smart_watch.c:493:5:smart_watch_test_sd	11656	static
../Core/Src/smart_watch.c:554:5:smart_watch_test_display	230440	static
../Core/Src/smart_watch.c:577:5:smart_watch_test_mjpeg	672	static
../Core/Src/smart_watch.c:684:5:smart_watch_test_accelerometer	16	static
../Core/Src/smart_watch.c:1502:6:HAL_GPIO_EXTI_Callback	8	static
../Core/Src/smart_watch.c:1521:6:HAL_SPI_TxCpltCallback	0	static
