../Core/Src/smart_watch.c:972:13:file_handler	32	static
../Core/Src/smart_watch.c:1209:13:DMA2D_Init.constprop	16	static
../Core/Src/smart_watch.c:1107:13:show_frame.constprop	64	static
../Core/Src/smart_watch.c:972:13:file_handler.constprop	32	static
../Core/Src/smart_watch.c:68:6:smart_watch_init	40	static
../Core/Src/smart_watch.c:168:5:lcd_draw	32	static
../Core/Src/smart_watch.c:408:6:lcd_draw_opt3	48	static
../Core/Src/smart_watch.c:130:6:smart_watch_process	88	static,ignoring_inline_asm
../Core/Src/smart_watch.c:488:5:smart_watch_test_sd	11656	static
../Core/Src/smart_watch.c:549:5:smart_watch_test_display	230464	static
../Core/Src/smart_watch.c:576:5:smart_watch_test_mjpeg	680	static
../Core/Src/smart_watch.c:1342:6:HAL_GPIO_EXTI_Callback	8	static
