../Core/Src/smart_watch.c:350:13:depth24To16	16	static
../Core/Src/smart_watch.c:453:13:file_handler	24	static
../Core/Src/smart_watch.c:538:13:DMA2D_Init	16	static
../Core/Src/smart_watch.c:617:13:DMA2D_CopyBuffer	32	static
../Core/Src/smart_watch.c:57:6:smart_watch_init	8	static
../Core/Src/smart_watch.c:109:5:smart_watch_test_sd	11656	static
../Core/Src/smart_watch.c:299:5:lcd_draw	32	static
../Core/Src/smart_watch.c:92:6:smart_watch_process	32	static
../Core/Src/smart_watch.c:170:5:smart_watch_test_display	230440	static
../Core/Src/smart_watch.c:198:5:smart_watch_test_mjpeg	40	static
