../Core/Src/smart_watch.c:626:13:file_handler	32	static
../Core/Src/smart_watch.c:626:13:file_handler.constprop	32	static
../Core/Src/smart_watch.c:825:13:DMA2D_Init.constprop	16	static
../Core/Src/smart_watch.c:724:13:show_frame.constprop	64	static
../Core/Src/smart_watch.c:59:6:smart_watch_init	8	static
../Core/Src/smart_watch.c:93:6:smart_watch_process	32	static
../Core/Src/smart_watch.c:121:5:lcd_draw	32	static
../Core/Src/smart_watch.c:171:5:smart_watch_test_sd	11656	static
../Core/Src/smart_watch.c:232:5:smart_watch_test_display	230464	static
../Core/Src/smart_watch.c:259:5:smart_watch_test_mjpeg	680	static
../Core/Src/smart_watch.c:931:6:HAL_GPIO_EXTI_Callback	0	static
