../Core/Src/smart_watch.c:55:6:smart_watch_init	8	static
../Core/Src/smart_watch.c:90:6:smart_watch_process	8	static
../Core/Src/smart_watch.c:107:5:smart_watch_test_sd	11640	static
../Core/Src/smart_watch.c:168:5:smart_watch_test_display	230448	static
../Core/Src/smart_watch.c:196:5:smart_watch_test_mjpeg	56	static
../Core/Src/smart_watch.c:297:5:lcd_draw	40	static
../Core/Src/smart_watch.c:348:13:depth24To16	24	static
../Core/Src/smart_watch.c:389:13:mjpeg_video_processing	8	static
../Core/Src/smart_watch.c:431:13:file_handler	24	static
../Core/Src/smart_watch.c:474:13:parameters_reset	4	static
../Core/Src/smart_watch.c:500:13:DMA2D_Init	24	static
../Core/Src/smart_watch.c:579:13:DMA2D_CopyBuffer	48	static
../Core/Src/smart_watch.c:599:13:SD_Initialize	8	static
