../Core/Src/smart_watch.c:55:6:smart_watch_init	8	static
../Core/Src/smart_watch.c:101:6:smart_watch_process	8	static
../Core/Src/smart_watch.c:118:5:smart_watch_test_sd	11640	static
../Core/Src/smart_watch.c:179:5:smart_watch_test_display	230448	static
../Core/Src/smart_watch.c:207:5:smart_watch_test_mjpeg	32	static
../Core/Src/smart_watch.c:295:5:lcd_draw	40	static
../Core/Src/smart_watch.c:346:13:depth24To16	24	static
../Core/Src/smart_watch.c:389:13:mjpeg_video_processing	8	static
../Core/Src/smart_watch.c:431:13:file_handler	24	static
../Core/Src/smart_watch.c:474:13:parameters_reset	4	static
../Core/Src/smart_watch.c:500:13:DMA2D_Init	24	static
../Core/Src/smart_watch.c:579:13:DMA2D_CopyBuffer	48	static
../Core/Src/smart_watch.c:599:13:SD_Initialize	8	static
