../Core/Src/smart_watch.c:453:13:file_handler.constprop	32	static
../Core/Src/smart_watch.c:538:13:DMA2D_Init.constprop	16	static
../Core/Src/smart_watch.c:57:6:smart_watch_init	8	static
../Core/Src/smart_watch.c:92:6:smart_watch_process	32	static
../Core/Src/smart_watch.c:109:5:smart_watch_test_sd	11656	static
../Core/Src/smart_watch.c:170:5:smart_watch_test_display	230464	static
../Core/Src/smart_watch.c:198:5:smart_watch_test_mjpeg	56	static
../Core/Src/smart_watch.c:299:5:lcd_draw	32	static
