../Core/Src/smart_watch.c:800:13:file_handler	32	static
../Core/Src/smart_watch.c:1037:13:DMA2D_Init.constprop	16	static
../Core/Src/smart_watch.c:935:13:show_frame.constprop	64	static
../Core/Src/smart_watch.c:800:13:file_handler.constprop	32	static
../Core/Src/smart_watch.c:65:6:smart_watch_init	16	static
../Core/Src/smart_watch.c:137:5:lcd_draw	32	static
../Core/Src/smart_watch.c:186:5:lcd_draw_opt	360	static
../Core/Src/smart_watch.c:107:6:smart_watch_process	40	static,ignoring_inline_asm
../Core/Src/smart_watch.c:324:5:smart_watch_test_sd	11656	static
../Core/Src/smart_watch.c:385:5:smart_watch_test_display	230464	static
../Core/Src/smart_watch.c:412:5:smart_watch_test_mjpeg	680	static
../Core/Src/smart_watch.c:1143:6:HAL_GPIO_EXTI_Callback	8	static
