../Core/Src/smart_watch.c:919:13:file_handler	32	static
../Core/Src/smart_watch.c:1161:13:DMA2D_Init.constprop	16	static
../Core/Src/smart_watch.c:1054:13:show_frame.constprop	64	static
../Core/Src/smart_watch.c:919:13:file_handler.constprop	32	static
../Core/Src/smart_watch.c:69:6:smart_watch_init	16	static
../Core/Src/smart_watch.c:157:5:lcd_draw	32	static
../Core/Src/smart_watch.c:210:5:lcd_draw_opt	384	static
../Core/Src/smart_watch.c:111:6:smart_watch_process	136	static,ignoring_inline_asm
../Core/Src/smart_watch.c:360:5:lcd_draw_opt2	48	static
../Core/Src/smart_watch.c:435:5:smart_watch_test_sd	11656	static
../Core/Src/smart_watch.c:496:5:smart_watch_test_display	230464	static
../Core/Src/smart_watch.c:525:5:smart_watch_test_mjpeg	680	static
../Core/Src/smart_watch.c:1294:6:HAL_GPIO_EXTI_Callback	8	static
../Core/Src/smart_watch.c:1313:6:HAL_SPI_TxCpltCallback	0	static
