../Core/Src/smart_watch.c:817:13:file_handler	32	static
../Core/Src/smart_watch.c:1054:13:DMA2D_Init.constprop	16	static
../Core/Src/smart_watch.c:952:13:show_frame.constprop	64	static
../Core/Src/smart_watch.c:817:13:file_handler.constprop	32	static
../Core/Src/smart_watch.c:69:6:smart_watch_init	16	static
../Core/Src/smart_watch.c:146:5:lcd_draw	32	static
../Core/Src/smart_watch.c:195:5:lcd_draw_opt	360	static
../Core/Src/smart_watch.c:111:6:smart_watch_process	40	static,ignoring_inline_asm
../Core/Src/smart_watch.c:333:5:smart_watch_test_sd	11656	static
../Core/Src/smart_watch.c:394:5:smart_watch_test_display	230464	static
../Core/Src/smart_watch.c:421:5:smart_watch_test_mjpeg	680	static
../Core/Src/smart_watch.c:1187:6:HAL_GPIO_EXTI_Callback	8	static
