../Core/Src/smart_watch.c:1006:12:file_handler	32	static
../Core/Src/smart_watch.c:1267:13:DMA2D_Init.constprop	16	static
../Core/Src/smart_watch.c:1006:12:file_handler.constprop	32	static
../Core/Src/smart_watch.c:1153:12:show_frame.constprop	48	static
../Core/Src/smart_watch.c:74:5:smart_watch_init	16	static
../Core/Src/smart_watch.c:138:5:smart_watch_process	56	static,ignoring_inline_asm
../Core/Src/smart_watch.c:182:5:lcd_draw	24	static
../Core/Src/smart_watch.c:487:5:smart_watch_test_sd	11656	static
../Core/Src/smart_watch.c:548:5:smart_watch_test_display	230440	static
../Core/Src/smart_watch.c:571:5:smart_watch_test_mjpeg	672	static
../Core/Src/smart_watch.c:1427:6:HAL_GPIO_EXTI_Callback	8	static
../Core/Src/smart_watch.c:1446:6:HAL_SPI_TxCpltCallback	0	static
