../Core/Src/smart_watch.c:489:13:file_handler.constprop	32	static
../Core/Src/smart_watch.c:574:13:DMA2D_Init.constprop	16	static
../Core/Src/smart_watch.c:57:6:smart_watch_init	8	static
../Core/Src/smart_watch.c:92:6:smart_watch_process	32	static
../Core/Src/smart_watch.c:121:5:smart_watch_test_sd	11656	static
../Core/Src/smart_watch.c:182:5:smart_watch_test_display	230464	static
../Core/Src/smart_watch.c:210:5:smart_watch_test_mjpeg	680	static
../Core/Src/smart_watch.c:322:5:lcd_draw	32	static
../Core/Src/smart_watch.c:681:6:HAL_GPIO_EXTI_Callback	0	static
