../Core/Src/smart_watch.c:1019:13:file_handler	32	static
../Core/Src/smart_watch.c:1256:13:DMA2D_Init.constprop	16	static
../Core/Src/smart_watch.c:1154:13:show_frame.constprop	64	static
../Core/Src/smart_watch.c:1019:13:file_handler.constprop	32	static
../Core/Src/smart_watch.c:69:6:smart_watch_init	16	static
../Core/Src/smart_watch.c:157:5:lcd_draw	32	static
../Core/Src/smart_watch.c:206:5:lcd_draw_opt	416	static
../Core/Src/smart_watch.c:356:5:lcd_draw_opt2	48	static
../Core/Src/smart_watch.c:111:6:smart_watch_process	136	static,ignoring_inline_asm
../Core/Src/smart_watch.c:431:6:lcd_draw_opt3	1976	static
../Core/Src/smart_watch.c:532:5:smart_watch_test_sd	11656	static
../Core/Src/smart_watch.c:593:5:smart_watch_test_display	230464	static
../Core/Src/smart_watch.c:620:5:smart_watch_test_mjpeg	680	static
../Core/Src/smart_watch.c:1389:6:HAL_GPIO_EXTI_Callback	8	static
