../Core/Src/smart_watch.c:1082:12:file_handler	32	static
../Core/Src/smart_watch.c:1386:13:DMA2D_Init.constprop	16	static
../Core/Src/smart_watch.c:1082:12:file_handler.constprop	32	static
../Core/Src/smart_watch.c:1279:12:show_frame.constprop	48	static
../Core/Src/smart_watch.c:91:5:smart_watch_init	16	static
../Core/Src/smart_watch.c:162:5:smart_watch_process	88	static,ignoring_inline_asm
../Core/Src/smart_watch.c:206:5:lcd_draw	24	static
../Core/Src/smart_watch.c:511:5:smart_watch_test_sd	11656	static
../Core/Src/smart_watch.c:572:5:smart_watch_test_display	230440	static
../Core/Src/smart_watch.c:595:5:smart_watch_test_mjpeg	672	static
../Core/Src/smart_watch.c:700:5:smart_watch_test_accelerometer	24	static
../Core/Src/smart_watch.c:730:5:smart_watch_test_adc	16	static
../Core/Src/smart_watch.c:1627:6:HAL_GPIO_EXTI_Callback	8	static
../Core/Src/smart_watch.c:1662:6:HAL_SPI_TxCpltCallback	0	static
