../Core/Src/smart_watch.c:69:6:smart_watch_init	16	static
../Core/Src/smart_watch.c:111:6:smart_watch_process	8	static
../Core/Src/smart_watch.c:157:5:lcd_draw	40	static
../Core/Src/smart_watch.c:206:5:lcd_draw_opt	384	static
../Core/Src/smart_watch.c:356:5:lcd_draw_opt2	64	static
../Core/Src/smart_watch.c:430:5:smart_watch_test_sd	11640	static
../Core/Src/smart_watch.c:491:5:smart_watch_test_display	230448	static
../Core/Src/smart_watch.c:518:5:smart_watch_test_mjpeg	672	static
../Core/Src/smart_watch.c:630:13:mjpeg_video_processing	8	static
../Core/Src/smart_watch.c:654:13:clock_normal	40	static
../Core/Src/smart_watch.c:760:13:clock_setting	8	static
../Core/Src/smart_watch.c:913:13:file_handler	32	static
../Core/Src/smart_watch.c:971:13:battery_management	16	static,ignoring_inline_asm
../Core/Src/smart_watch.c:1024:13:depth24To16	24	static
../Core/Src/smart_watch.c:1048:13:show_frame	48	static
../Core/Src/smart_watch.c:1118:13:parameters_reset	4	static
../Core/Src/smart_watch.c:1150:13:DMA2D_Init	24	static
../Core/Src/smart_watch.c:1228:13:DMA2D_CopyBuffer	48	static
../Core/Src/smart_watch.c:1247:13:SD_Initialize	8	static
../Core/Src/smart_watch.c:1254:13:enable_btn_int	8	static
../Core/Src/smart_watch.c:1263:13:disable_btn_int	8	static
../Core/Src/smart_watch.c:1272:13:clear_btn_int	8	static
../Core/Src/smart_watch.c:1283:6:HAL_GPIO_EXTI_Callback	16	static
../Core/Src/smart_watch.c:1302:6:HAL_SPI_TxCpltCallback	16	static
