../Core/Src/smart_watch.c:431:13:file_handler	16	static
../Core/Src/smart_watch.c:500:13:DMA2D_Init	16	static
../Core/Src/smart_watch.c:579:13:DMA2D_CopyBuffer	32	static
../Core/Src/smart_watch.c:55:6:smart_watch_init	8	static
../Core/Src/smart_watch.c:90:6:smart_watch_process	8	static
../Core/Src/smart_watch.c:107:5:smart_watch_test_sd	11656	static
../Core/Src/smart_watch.c:297:5:lcd_draw	32	static
../Core/Src/smart_watch.c:168:5:smart_watch_test_display	230440	static
../Core/Src/smart_watch.c:196:5:smart_watch_test_mjpeg	32	static
