../Core/Src/smart_watch.c:1040:13:file_handler	32	static
../Core/Src/smart_watch.c:1277:13:DMA2D_Init.constprop	16	static
../Core/Src/smart_watch.c:1175:13:show_frame.constprop	64	static
../Core/Src/smart_watch.c:1040:13:file_handler.constprop	32	static
../Core/Src/smart_watch.c:71:6:smart_watch_init	40	static
../Core/Src/smart_watch.c:178:5:lcd_draw	32	static
../Core/Src/smart_watch.c:227:5:lcd_draw_opt	416	static
../Core/Src/smart_watch.c:377:5:lcd_draw_opt2	48	static
../Core/Src/smart_watch.c:132:6:smart_watch_process	136	static,ignoring_inline_asm
../Core/Src/smart_watch.c:452:6:lcd_draw_opt3	1976	static
../Core/Src/smart_watch.c:553:5:smart_watch_test_sd	11656	static
../Core/Src/smart_watch.c:614:5:smart_watch_test_display	230464	static
../Core/Src/smart_watch.c:641:5:smart_watch_test_mjpeg	680	static
../Core/Src/smart_watch.c:1410:6:HAL_GPIO_EXTI_Callback	8	static
