../Core/Src/smart_watch.c:974:13:file_handler	32	static
../Core/Src/smart_watch.c:1210:13:DMA2D_Init.constprop	16	static
../Core/Src/smart_watch.c:1109:13:show_frame.constprop	56	static
../Core/Src/smart_watch.c:974:13:file_handler.constprop	32	static
../Core/Src/smart_watch.c:68:6:smart_watch_init	8	static
../Core/Src/smart_watch.c:130:6:smart_watch_process	88	static,ignoring_inline_asm
../Core/Src/smart_watch.c:169:5:lcd_draw	32	static
../Core/Src/smart_watch.c:489:5:smart_watch_test_sd	11656	static
../Core/Src/smart_watch.c:550:5:smart_watch_test_display	230456	static
../Core/Src/smart_watch.c:577:5:smart_watch_test_mjpeg	680	static
../Core/Src/smart_watch.c:1343:6:HAL_GPIO_EXTI_Callback	8	static
../Core/Src/smart_watch.c:1362:6:HAL_SPI_TxCpltCallback	0	static
