../Core/Src/smart_watch.c:977:13:file_handler	32	static
../Core/Src/smart_watch.c:1213:13:DMA2D_Init.constprop	16	static
../Core/Src/smart_watch.c:1112:13:show_frame.constprop	56	static
../Core/Src/smart_watch.c:977:13:file_handler.constprop	32	static
../Core/Src/smart_watch.c:70:6:smart_watch_init	8	static
../Core/Src/smart_watch.c:132:6:smart_watch_process	40	static,ignoring_inline_asm
../Core/Src/smart_watch.c:171:5:lcd_draw	32	static
../Core/Src/smart_watch.c:491:5:smart_watch_test_sd	11656	static
../Core/Src/smart_watch.c:552:5:smart_watch_test_display	230456	static
../Core/Src/smart_watch.c:579:5:smart_watch_test_mjpeg	680	static
../Core/Src/smart_watch.c:1373:6:HAL_GPIO_EXTI_Callback	8	static
../Core/Src/smart_watch.c:1392:6:HAL_SPI_TxCpltCallback	0	static
