../Core/Src/smart_watch.c:643:13:file_handler	32	static
../Core/Src/smart_watch.c:643:13:file_handler.constprop	32	static
../Core/Src/smart_watch.c:734:13:DMA2D_Init.constprop	16	static
../Core/Src/smart_watch.c:841:13:show_frame.constprop	64	static
../Core/Src/smart_watch.c:61:6:smart_watch_init	8	static
../Core/Src/smart_watch.c:96:6:smart_watch_process	32	static
../Core/Src/smart_watch.c:125:5:smart_watch_test_sd	11656	static
../Core/Src/smart_watch.c:186:5:smart_watch_test_display	230464	static
../Core/Src/smart_watch.c:214:5:smart_watch_test_mjpeg	680	static
../Core/Src/smart_watch.c:326:5:lcd_draw	32	static
../Core/Src/smart_watch.c:913:6:HAL_GPIO_EXTI_Callback	0	static
