../Core/Src/smart_watch.c:53:6:smart_watch_init	8	static
../Core/Src/smart_watch.c:99:6:smart_watch_process	8	static
../Core/Src/smart_watch.c:116:5:smart_watch_test_sd	11640	static
../Core/Src/smart_watch.c:169:6:smart_watch_test_display	115232	static
../Core/Src/smart_watch.c:185:13:mjpeg_video_processing	8	static
../Core/Src/smart_watch.c:229:13:file_handler	24	static
../Core/Src/smart_watch.c:272:13:parameters_reset	4	static
../Core/Src/smart_watch.c:298:13:DMA2D_Init	24	static
../Core/Src/smart_watch.c:377:13:DMA2D_CopyBuffer	48	static
../Core/Src/smart_watch.c:397:13:SD_Initialize	8	static
../Core/Src/smart_watch.c:410:6:lcd_draw	40	static
