../Core/Src/smart_watch.c:53:6:smart_watch_init	8	static
../Core/Src/smart_watch.c:99:6:smart_watch_process	8	static
../Core/Src/smart_watch.c:116:5:smart_watch_test_sd	11640	static
../Core/Src/smart_watch.c:176:5:smart_watch_test_display	230448	static
../Core/Src/smart_watch.c:204:6:smart_watch_test_mjpeg	8	static
../Core/Src/smart_watch.c:250:13:mjpeg_video_processing	8	static
../Core/Src/smart_watch.c:294:13:file_handler	24	static
../Core/Src/smart_watch.c:337:13:parameters_reset	4	static
../Core/Src/smart_watch.c:363:13:DMA2D_Init	24	static
../Core/Src/smart_watch.c:442:13:DMA2D_CopyBuffer	48	static
../Core/Src/smart_watch.c:462:13:SD_Initialize	8	static
../Core/Src/smart_watch.c:475:5:lcd_draw	40	static
