../Core/Src/stm32h7xx_hal_msp.c:63:6:HAL_MspInit	8	static
../Core/Src/stm32h7xx_hal_msp.c:85:6:HAL_DMA2D_MspInit	8	static
../Core/Src/stm32h7xx_hal_msp.c:107:6:HAL_DMA2D_MspDeInit	0	static
../Core/Src/stm32h7xx_hal_msp.c:129:6:HAL_JPEG_MspInit	40	static
../Core/Src/stm32h7xx_hal_msp.c:201:6:HAL_JPEG_MspDeInit	8	static
../Core/Src/stm32h7xx_hal_msp.c:216:6:HAL_SD_MspInit	248	static
../Core/Src/stm32h7xx_hal_msp.c:290:6:HAL_SD_MspDeInit	8	static
../Core/Src/stm32h7xx_hal_msp.c:327:6:HAL_SPI_MspInit	232	static
../Core/Src/stm32h7xx_hal_msp.c:374:6:HAL_SPI_MspDeInit	0	static
