../Core/Src/stm32h7xx_it.c:69:6:NMI_Handler	0	static
../Core/Src/stm32h7xx_it.c:84:6:HardFault_Handler	0	static
../Core/Src/stm32h7xx_it.c:99:6:MemManage_Handler	0	static
../Core/Src/stm32h7xx_it.c:114:6:BusFault_Handler	0	static
../Core/Src/stm32h7xx_it.c:129:6:UsageFault_Handler	0	static
../Core/Src/stm32h7xx_it.c:144:6:SVC_Handler	0	static
../Core/Src/stm32h7xx_it.c:157:6:DebugMon_Handler	0	static
../Core/Src/stm32h7xx_it.c:170:6:PendSV_Handler	0	static
../Core/Src/stm32h7xx_it.c:183:6:SysTick_Handler	0	static
../Core/Src/stm32h7xx_it.c:202:6:JPEG_IRQHandler	0	static
../Core/Src/stm32h7xx_it.c:207:6:MDMA_IRQHandler	8	static
../Core/Src/stm32h7xx_it.c:214:6:DMA1_Stream0_IRQHandler	0	static
../Core/Src/stm32h7xx_it.c:221:6:SPI1_IRQHandler	0	static
../Core/Src/stm32h7xx_it.c:232:6:I2C1_EV_IRQHandler	0	static
../Core/Src/stm32h7xx_it.c:243:6:EXTI0_IRQHandler	0	static
../Core/Src/stm32h7xx_it.c:251:6:EXTI1_IRQHandler	0	static
../Core/Src/stm32h7xx_it.c:259:6:EXTI2_IRQHandler	0	static
