Archive member included to satisfy reference by file (symbol)

C:/ST/STM32CubeIDE_1.16.0/STM32CubeIDE/plugins/com.st.stm32cube.ide.mcu.externaltools.gnu-tools-for-stm32.12.3.rel1.win32_1.0.200.202406191623/tools/bin/../lib/gcc/arm-none-eabi/12.3.1/../../../../arm-none-eabi/lib/thumb/v7e-m+dp/hard\libc_nano.a(libc_a-exit.o)
                              C:/ST/STM32CubeIDE_1.16.0/STM32CubeIDE/plugins/com.st.stm32cube.ide.mcu.externaltools.gnu-tools-for-stm32.12.3.rel1.win32_1.0.200.202406191623/tools/bin/../lib/gcc/arm-none-eabi/12.3.1/../../../../arm-none-eabi/lib/thumb/v7e-m+dp/hard/crt0.o (exit)
C:/ST/STM32CubeIDE_1.16.0/STM32CubeIDE/plugins/com.st.stm32cube.ide.mcu.externaltools.gnu-tools-for-stm32.12.3.rel1.win32_1.0.200.202406191623/tools/bin/../lib/gcc/arm-none-eabi/12.3.1/../../../../arm-none-eabi/lib/thumb/v7e-m+dp/hard\libc_nano.a(libc_a-malloc.o)
                              ./Middlewares/FatFs/Options/syscall.o (malloc)
C:/ST/STM32CubeIDE_1.16.0/STM32CubeIDE/plugins/com.st.stm32cube.ide.mcu.externaltools.gnu-tools-for-stm32.12.3.rel1.win32_1.0.200.202406191623/tools/bin/../lib/gcc/arm-none-eabi/12.3.1/../../../../arm-none-eabi/lib/thumb/v7e-m+dp/hard\libc_nano.a(libc_a-mallocr.o)
                              C:/ST/STM32CubeIDE_1.16.0/STM32CubeIDE/plugins/com.st.stm32cube.ide.mcu.externaltools.gnu-tools-for-stm32.12.3.rel1.win32_1.0.200.202406191623/tools/bin/../lib/gcc/arm-none-eabi/12.3.1/../../../../arm-none-eabi/lib/thumb/v7e-m+dp/hard\libc_nano.a(libc_a-malloc.o) (_malloc_r)
C:/ST/STM32CubeIDE_1.16.0/STM32CubeIDE/plugins/com.st.stm32cube.ide.mcu.externaltools.gnu-tools-for-stm32.12.3.rel1.win32_1.0.200.202406191623/tools/bin/../lib/gcc/arm-none-eabi/12.3.1/../../../../arm-none-eabi/lib/thumb/v7e-m+dp/hard\libc_nano.a(libc_a-mlock.o)
                              C:/ST/STM32CubeIDE_1.16.0/STM32CubeIDE/plugins/com.st.stm32cube.ide.mcu.externaltools.gnu-tools-for-stm32.12.3.rel1.win32_1.0.200.202406191623/tools/bin/../lib/gcc/arm-none-eabi/12.3.1/../../../../arm-none-eabi/lib/thumb/v7e-m+dp/hard\libc_nano.a(libc_a-mallocr.o) (__malloc_lock)
C:/ST/STM32CubeIDE_1.16.0/STM32CubeIDE/plugins/com.st.stm32cube.ide.mcu.externaltools.gnu-tools-for-stm32.12.3.rel1.win32_1.0.200.202406191623/tools/bin/../lib/gcc/arm-none-eabi/12.3.1/../../../../arm-none-eabi/lib/thumb/v7e-m+dp/hard\libc_nano.a(libc_a-findfp.o)
                              C:/ST/STM32CubeIDE_1.16.0/STM32CubeIDE/plugins/com.st.stm32cube.ide.mcu.externaltools.gnu-tools-for-stm32.12.3.rel1.win32_1.0.200.202406191623/tools/bin/../lib/gcc/arm-none-eabi/12.3.1/../../../../arm-none-eabi/lib/thumb/v7e-m+dp/hard\libc_nano.a(libc_a-exit.o) (__stdio_exit_handler)
C:/ST/STM32CubeIDE_1.16.0/STM32CubeIDE/plugins/com.st.stm32cube.ide.mcu.externaltools.gnu-tools-for-stm32.12.3.rel1.win32_1.0.200.202406191623/tools/bin/../lib/gcc/arm-none-eabi/12.3.1/../../../../arm-none-eabi/lib/thumb/v7e-m+dp/hard\libc_nano.a(libc_a-fwalk.o)
                              C:/ST/STM32CubeIDE_1.16.0/STM32CubeIDE/plugins/com.st.stm32cube.ide.mcu.externaltools.gnu-tools-for-stm32.12.3.rel1.win32_1.0.200.202406191623/tools/bin/../lib/gcc/arm-none-eabi/12.3.1/../../../../arm-none-eabi/lib/thumb/v7e-m+dp/hard\libc_nano.a(libc_a-findfp.o) (_fwalk_sglue)
C:/ST/STM32CubeIDE_1.16.0/STM32CubeIDE/plugins/com.st.stm32cube.ide.mcu.externaltools.gnu-tools-for-stm32.12.3.rel1.win32_1.0.200.202406191623/tools/bin/../lib/gcc/arm-none-eabi/12.3.1/../../../../arm-none-eabi/lib/thumb/v7e-m+dp/hard\libc_nano.a(libc_a-sprintf.o)
                              ./Example/User/CM7/main.o (sprintf)
C:/ST/STM32CubeIDE_1.16.0/STM32CubeIDE/plugins/com.st.stm32cube.ide.mcu.externaltools.gnu-tools-for-stm32.12.3.rel1.win32_1.0.200.202406191623/tools/bin/../lib/gcc/arm-none-eabi/12.3.1/../../../../arm-none-eabi/lib/thumb/v7e-m+dp/hard\libc_nano.a(libc_a-stdio.o)
                              C:/ST/STM32CubeIDE_1.16.0/STM32CubeIDE/plugins/com.st.stm32cube.ide.mcu.externaltools.gnu-tools-for-stm32.12.3.rel1.win32_1.0.200.202406191623/tools/bin/../lib/gcc/arm-none-eabi/12.3.1/../../../../arm-none-eabi/lib/thumb/v7e-m+dp/hard\libc_nano.a(libc_a-findfp.o) (__sread)
C:/ST/STM32CubeIDE_1.16.0/STM32CubeIDE/plugins/com.st.stm32cube.ide.mcu.externaltools.gnu-tools-for-stm32.12.3.rel1.win32_1.0.200.202406191623/tools/bin/../lib/gcc/arm-none-eabi/12.3.1/../../../../arm-none-eabi/lib/thumb/v7e-m+dp/hard\libc_nano.a(libc_a-memset.o)
                              C:/ST/STM32CubeIDE_1.16.0/STM32CubeIDE/plugins/com.st.stm32cube.ide.mcu.externaltools.gnu-tools-for-stm32.12.3.rel1.win32_1.0.200.202406191623/tools/bin/../lib/gcc/arm-none-eabi/12.3.1/../../../../arm-none-eabi/lib/thumb/v7e-m+dp/hard/crt0.o (memset)
C:/ST/STM32CubeIDE_1.16.0/STM32CubeIDE/plugins/com.st.stm32cube.ide.mcu.externaltools.gnu-tools-for-stm32.12.3.rel1.win32_1.0.200.202406191623/tools/bin/../lib/gcc/arm-none-eabi/12.3.1/../../../../arm-none-eabi/lib/thumb/v7e-m+dp/hard\libc_nano.a(libc_a-closer.o)
[...]
Memory Configuration

Name             Origin             Length             Attributes
FLASH            0x08000000         0x00100000         xr
RAM              0x20000000         0x00020000         xrw
ITCMRAM          0x00000000         0x00010000         xrw
*default*        0x00000000         0xffffffff

Linker script and memory map

LOAD C:/ST/STM32CubeIDE_1.16.0/STM32CubeIDE/plugins/com.st.stm32cube.ide.mcu.externaltools.gnu-tools-for-stm32.12.3.rel1.win32_1.0.200.202406191623/tools/bin/../lib/gcc/arm-none-eabi/12.3.1/thumb/v7e-m+dp/hard/crti.o
LOAD C:/ST/STM32CubeIDE_1.16.0/STM32CubeIDE/plugins/com.st.stm32cube.ide.mcu.externaltools.gnu-tools-for-stm32.12.3.rel1.win32_1.0.200.202406191623/tools/bin/../lib/gcc/arm-none-eabi/12.3.1/thumb/v7e-m+dp/hard/crtbegin.o
LOAD C:/ST/STM32CubeIDE_1.16.0/STM32CubeIDE/plugins/com.st.stm32cube.ide.mcu.externaltools.gnu-tools-for-stm32.12.3.rel1.win32_1.0.200.202406191623/tools/bin/../lib/gcc/arm-none-eabi/12.3.1/../../../../arm-none-eabi/lib/thumb/v7e-m+dp/hard/crt0.o
LOAD ./Drivers/BSP/Components/adv7533.o
LOAD ./Drivers/BSP/Components/is42s32800j.o
LOAD ./Drivers/BSP/Components/nt35510.o
LOAD ./Drivers/BSP/Components/nt35510_reg.o
LOAD ./Drivers/BSP/Components/otm8009a.o
LOAD ./Drivers/BSP/Components/otm8009a_reg.o
LOAD ./Drivers/BSP/STM32H747I_DISCO/stm32h747i_discovery.o
LOAD ./Drivers/BSP/STM32H747I_DISCO/stm32h747i_discovery_bus.o
LOAD ./Drivers/BSP/STM32H747I_DISCO/stm32h747i_discovery_lcd.o
LOAD ./Drivers/BSP/STM32H747I_DISCO/stm32h747i_discovery_sd.o
LOAD ./Drivers/BSP/STM32H747I_DISCO/stm32h747i_discovery_sdram.o
LOAD ./Drivers/CMSIS/system_stm32h7xx.o
LOAD ./Drivers/STM32H7xx_HAL_Driver/stm32h7xx_hal.o
LOAD ./Drivers/STM32H7xx_HAL_Driver/stm32h7xx_hal_adc.o
LOAD ./Drivers/STM32H7xx_HAL_Driver/stm32h7xx_hal_adc_ex.o
LOAD ./Drivers/STM32H7xx_HAL_Driver/stm32h7xx_hal_cortex.o
LOAD ./Drivers/STM32H7xx_HAL_Driver/stm32h7xx_hal_dma.o
LOAD ./Drivers/STM32H7xx_HAL_Driver/stm32h7xx_hal_dma2d.o
LOAD ./Drivers/STM32H7xx_HAL_Driver/stm32h7xx_hal_dma_ex.o
LOAD ./Drivers/STM32H7xx_HAL_Driver/stm32h7xx_hal_dsi.o
LOAD ./Drivers/STM32H7xx_HAL_Driver/stm32h7xx_hal_gpio.o
LOAD ./Drivers/STM32H7xx_HAL_Driver/stm32h7xx_hal_hsem.o
LOAD ./Drivers/STM32H7xx_HAL_Driver/stm32h7xx_hal_i2c.o
LOAD ./Drivers/STM32H7xx_HAL_Driver/stm32h7xx_hal_i2c_ex.o
LOAD ./Drivers/STM32H7xx_HAL_Driver/stm32h7xx_hal_jpeg.o
LOAD ./Drivers/STM32H7xx_HAL_Driver/stm32h7xx_hal_ltdc.o
LOAD ./Drivers/STM32H7xx_HAL_Driver/stm32h7xx_hal_ltdc_ex.o
LOAD ./Drivers/STM32H7xx_HAL_Driver/stm32h7xx_hal_mdma.o
LOAD ./Drivers/STM32H7xx_HAL_Driver/stm32h7xx_hal_pwr.o
LOAD ./Drivers/STM32H7xx_HAL_Driver/stm32h7xx_hal_pwr_ex.o
LOAD ./Drivers/STM32H7xx_HAL_Driver/stm32h7xx_hal_rcc.o
LOAD ./Drivers/STM32H7xx_HAL_Driver/stm32h7xx_hal_rcc_ex.o
LOAD ./Drivers/STM32H7xx_HAL_Driver/stm32h7xx_hal_sd.o
LOAD ./Drivers/STM32H7xx_HAL_Driver/stm32h7xx_hal_sd_ex.o
LOAD ./Drivers/STM32H7xx_HAL_Driver/stm32h7xx_hal_sdram.o
LOAD ./Drivers/STM32H7xx_HAL_Driver/stm32h7xx_hal_uart.o
LOAD ./Drivers/STM32H7xx_HAL_Driver/stm32h7xx_hal_uart_ex.o
LOAD ./Drivers/STM32H7xx_HAL_Driver/stm32h7xx_ll_delayblock.o
LOAD ./Drivers/STM32H7xx_HAL_Driver/stm32h7xx_ll_fmc.o
LOAD ./Drivers/STM32H7xx_HAL_Driver/stm32h7xx_ll_sdmmc.o
LOAD ./Example/User/CM7/AVI_parser.o
LOAD ./Example/User/CM7/decode_dma.o
LOAD ./Example/User/CM7/main.o
LOAD ./Example/User/CM7/sd_diskio.o
LOAD ./Example/User/CM7/stm32h7xx_hal_msp.o
LOAD ./Example/User/CM7/stm32h7xx_it.o
LOAD ./Example/User/CM7/syscalls.o
LOAD ./Example/User/CM7/sysmem.o
LOAD ./Example/User/Startup/startup_stm32h747xihx.o
LOAD ./Middlewares/FatFs/Core/diskio.o
LOAD ./Middlewares/FatFs/Core/ff.o
LOAD ./Middlewares/FatFs/Core/ff_gen_drv.o
LOAD ./Middlewares/FatFs/Options/syscall.o
LOAD ./Middlewares/FatFs/Options/unicode.o
LOAD ./Utilities/stm32_lcd.o
START GROUP
LOAD C:/ST/STM32CubeIDE_1.16.0/STM32CubeIDE/plugins/com.st.stm32cube.ide.mcu.externaltools.gnu-tools-for-stm32.12.3.rel1.win32_1.0.200.202406191623/tools/bin/../lib/gcc/arm-none-eabi/12.3.1/../../../../arm-none-eabi/lib/thumb/v7e-m+dp/hard\libc_nano.a
LOAD C:/ST/STM32CubeIDE_1.16.0/STM32CubeIDE/plugins/com.st.stm32cube.ide.mcu.externaltools.gnu-tools-for-stm32.12.3.rel1.win32_1.0.200.202406191623/tools/bin/../lib/gcc/arm-none-eabi/12.3.1/../../../../arm-none-eabi/lib/thumb/v7e-m+dp/hard\libm.a
END GROUP
START GROUP
LOAD C:/ST/STM32CubeIDE_1.16.0/STM32CubeIDE/plugins/com.st.stm32cube.ide.mcu.externaltools.gnu-tools-for-stm32.12.3.rel1.win32_1.0.200.202406191623/tools/bin/../lib/gcc/arm-none-eabi/12.3.1/thumb/v7e-m+dp/hard\libgcc.a
LOAD C:/ST/STM32CubeIDE_1.16.0/STM32CubeIDE/plugins/com.st.stm32cube.ide.mcu.externaltools.gnu-tools-for-stm32.12.3.rel1.win32_1.0.200.202406191623/tools/bin/../lib/gcc/arm-none-eabi/12.3.1/../../../../arm-none-eabi/lib/thumb/v7e-m+dp/hard\libc_nano.a
END GROUP
START GROUP
LOAD C:/ST/STM32CubeIDE_1.16.0/STM32CubeIDE/plugins/com.st.stm32cube.ide.mcu.externaltools.gnu-tools-for-stm32.12.3.rel1.win32_1.0.200.202406191623/tools/bin/../lib/gcc/arm-none-eabi/12.3.1/thumb/v7e-m+dp/hard\libgcc.a
LOAD C:/ST/STM32CubeIDE_1.16.0/STM32CubeIDE/plugins/com.st.stm32cube.ide.mcu.externaltools.gnu-tools-for-stm32.12.3.rel1.win32_1.0.200.202406191623/tools/bin/../lib/gcc/arm-none-eabi/12.3.1/../../../../arm-none-eabi/lib/thumb/v7e-m+dp/hard\libc_nano.a
LOAD C:/ST/STM32CubeIDE_1.16.0/STM32CubeIDE/plugins/com.st.stm32cube.ide.mcu.externaltools.gnu-tools-for-stm32.12.3.rel1.win32_1.0.200.202406191623/tools/bin/../lib/gcc/arm-none-eabi/12.3.1/../../../../arm-none-eabi/lib/thumb/v7e-m+dp/hard\libnosys.a
END GROUP
START GROUP
LOAD C:/ST/STM32CubeIDE_1.16.0/STM32CubeIDE/plugins/com.st.stm32cube.ide.mcu.externaltools.gnu-tools-for-stm32.12.3.rel1.win32_1.0.200.202406191623/tools/bin/../lib/gcc/arm-none-eabi/12.3.1/thumb/v7e-m+dp/hard\libgcc.a
LOAD C:/ST/STM32CubeIDE_1.16.0/STM32CubeIDE/plugins/com.st.stm32cube.ide.mcu.externaltools.gnu-tools-for-stm32.12.3.rel1.win32_1.0.200.202406191623/tools/bin/../lib/gcc/arm-none-eabi/12.3.1/../../../../arm-none-eabi/lib/thumb/v7e-m+dp/hard\libc_nano.a
LOAD C:/ST/STM32CubeIDE_1.16.0/STM32CubeIDE/plugins/com.st.stm32cube.ide.mcu.externaltools.gnu-tools-for-stm32.12.3.rel1.win32_1.0.200.202406191623/tools/bin/../lib/gcc/arm-none-eabi/12.3.1/../../../../arm-none-eabi/lib/thumb/v7e-m+dp/hard\libnosys.a
END GROUP
LOAD C:/ST/STM32CubeIDE_1.16.0/STM32CubeIDE/plugins/com.st.stm32cube.ide.mcu.externaltools.gnu-tools-for-stm32.12.3.rel1.win32_1.0.200.202406191623/tools/bin/../lib/gcc/arm-none-eabi/12.3.1/thumb/v7e-m+dp/hard/crtend.o
LOAD C:/ST/STM32CubeIDE_1.16.0/STM32CubeIDE/plugins/com.st.stm32cube.ide.mcu.externaltools.gnu-tools-for-stm32.12.3.rel1.win32_1.0.200.202406191623/tools/bin/../lib/gcc/arm-none-eabi/12.3.1/thumb/v7e-m+dp/hard/crtn.o
                0x20020000                        _estack = 0x20020000
                0x00000400                        _Min_Heap_Size = 0x400
                0x00002000                        _Min_Stack_Size = 0x2000

.isr_vector     0x08000000      0x298
                0x08000000                        . = ALIGN (0x4)
 *(.isr_vector)
 .isr_vector    0x08000000      0x298 ./Example/User/Startup/startup_stm32h747xihx.o
                0x08000000                g_pfnVectors
                0x08000298                        . = ALIGN (0x4)

.text           0x080002a0    0x13658
                0x080002a0                        . = ALIGN (0x4)
 *(.text)
 .text          0x080002a0       0x40 C:/ST/STM32CubeIDE_1.16.0/STM32CubeIDE/plugins/com.st.stm32cube.ide.mcu.externaltools.gnu-tools-for-stm32.12.3.rel1.win32_1.0.200.202406191623/tools/bin/../lib/gcc/arm-none-eabi/12.3.1/thumb/v7e-m+dp/hard/crtbegin.o
 .text          0x080002e0       0xa0 C:/ST/STM32CubeIDE_1.16.0/STM32CubeIDE/plugins/com.st.stm32cube.ide.mcu.externaltools.gnu-tools-for-stm32.12.3.rel1.win32_1.0.200.202406191623/tools/bin/../lib/gcc/arm-none-eabi/12.3.1/../../../../arm-none-eabi/lib/thumb/v7e-m+dp/hard\libc_nano.a(libc_a-memchr.o)
                0x080002e0                memchr
 *(.text*)
 .text.IS42S32800J_Init
                0x08000380       0x7e ./Drivers/BSP/Components/is42s32800j.o
                0x08000380                IS42S32800J_Init
 *fill*         0x080003fe        0x2 
 .text.IS42S32800J_ClockEnable
                0x08000400       0x48 ./Drivers/BSP/Components/is42s32800j.o
                0x08000400                IS42S32800J_ClockEnable
 .text.IS42S32800J_Precharge
                0x08000448       0x48 ./Drivers/BSP/Components/is42s32800j.o
                0x08000448                IS42S32800J_Precharge
 .text.IS42S32800J_ModeRegConfig
                0x08000490       0x68 ./Drivers/BSP/Components/is42s32800j.o
                0x08000490                IS42S32800J_ModeRegConfig
 .text.IS42S32800J_RefreshMode
                0x080004f8       0x4c ./Drivers/BSP/Components/is42s32800j.o
                0x080004f8                IS42S32800J_RefreshMode
 .text.IS42S32800J_RefreshRate
                0x08000544       0x28 ./Drivers/BSP/Components/is42s32800j.o
                0x08000544                IS42S32800J_RefreshRate
 .text.IS42S32800J_Delay
                0x0800056c       0x2a ./Drivers/BSP/Components/is42s32800j.o
 *fill*         0x08000596        0x2 
 .text.NT35510_RegisterBusIO
                0x08000598       0x5c ./Drivers/BSP/Components/nt35510.o
                0x08000598                NT35510_RegisterBusIO
 .text.NT35510_Init
                0x080005f4      0x4bc ./Drivers/BSP/Components/nt35510.o
                0x080005f4                NT35510_Init
 .text.NT35510_DeInit
                0x08000ab0       0x18 ./Drivers/BSP/Components/nt35510.o
                0x08000ab0                NT35510_DeInit
 .text.NT35510_ReadID
                0x08000ac8       0x36 ./Drivers/BSP/Components/nt35510.o
                0x08000ac8                NT35510_ReadID
 *fill*         0x08000afe        0x2 
 .text.NT35510_SetBrightness
                0x08000b00       0x5c ./Drivers/BSP/Components/nt35510.o
                0x08000b00                NT35510_SetBrightness
 .text.NT35510_GetBrightness
                0x08000b5c       0x24 ./Drivers/BSP/Components/nt35510.o
                0x08000b5c                NT35510_GetBrightness
 .text.NT35510_DisplayOn
                0x08000b80       0x3a ./Drivers/BSP/Components/nt35510.o
                0x08000b80                NT35510_DisplayOn
 .text.NT35510_DisplayOff
                0x08000bba       0x3a ./Drivers/BSP/Components/nt35510.o
                0x08000bba                NT35510_DisplayOff
 .text.NT35510_SetOrientation
                0x08000bf4       0xec ./Drivers/BSP/Components/nt35510.o
                0x08000bf4                NT35510_SetOrientation
 .text.NT35510_GetOrientation
                0x08000ce0       0x24 ./Drivers/BSP/Components/nt35510.o
                0x08000ce0                NT35510_GetOrientation
 .text.NT35510_GetXSize
                0x08000d04       0x48 ./Drivers/BSP/Components/nt35510.o
                0x08000d04                NT35510_GetXSize
 .text.NT35510_GetYSize
                0x08000d4c       0x48 ./Drivers/BSP/Components/nt35510.o
                0x08000d4c                NT35510_GetYSize
 .text.NT35510_SetCursor
                0x08000d94       0x1c ./Drivers/BSP/Components/nt35510.o
                0x08000d94                NT35510_SetCursor
 .text.NT35510_DrawBitmap
                0x08000db0       0x1e ./Drivers/BSP/Components/nt35510.o
                0x08000db0                NT35510_DrawBitmap
 .text.NT35510_FillRGBRect
                0x08000dce       0x1e ./Drivers/BSP/Components/nt35510.o
                0x08000dce                NT35510_FillRGBRect
 .text.NT35510_DrawHLine
                0x08000dec       0x1e ./Drivers/BSP/Components/nt35510.o
                0x08000dec                NT35510_DrawHLine
 .text.NT35510_DrawVLine
                0x08000e0a       0x1e ./Drivers/BSP/Components/nt35510.o
                0x08000e0a                NT35510_DrawVLine
 .text.NT35510_FillRect
                0x08000e28       0x1e ./Drivers/BSP/Components/nt35510.o
                0x08000e28                NT35510_FillRect
 .text.NT35510_GetPixel
                0x08000e46       0x1e ./Drivers/BSP/Components/nt35510.o
                0x08000e46                NT35510_GetPixel
 .text.NT35510_SetPixel
                0x08000e64       0x1e ./Drivers/BSP/Components/nt35510.o
                0x08000e64                NT35510_SetPixel
 .text.NT35510_ReadRegWrap
                0x08000e82       0x32 ./Drivers/BSP/Components/nt35510.o
 .text.NT35510_WriteRegWrap
                0x08000eb4       0x32 ./Drivers/BSP/Components/nt35510.o
 .text.NT35510_IO_Delay
                0x08000ee6       0x34 ./Drivers/BSP/Components/nt35510.o
 .text.nt35510_read_reg
                0x08000f1a       0x2e ./Drivers/BSP/Components/nt35510_reg.o
                0x08000f1a                nt35510_read_reg
 .text.nt35510_write_reg
                0x08000f48       0x2e ./Drivers/BSP/Components/nt35510_reg.o
                0x08000f48                nt35510_write_reg
 *fill*         0x08000f76        0x2 
 .text.OTM8009A_RegisterBusIO
                0x08000f78       0x5c ./Drivers/BSP/Components/otm8009a.o
                0x08000f78                OTM8009A_RegisterBusIO
 .text.OTM8009A_Init
                0x08000fd4      0xb94 ./Drivers/BSP/Components/otm8009a.o
                0x08000fd4                OTM8009A_Init
 .text.OTM8009A_DeInit
                0x08001b68       0x18 ./Drivers/BSP/Components/otm8009a.o
                0x08001b68                OTM8009A_DeInit
 .text.OTM8009A_ReadID
                0x08001b80       0x36 ./Drivers/BSP/Components/otm8009a.o
                0x08001b80                OTM8009A_ReadID
 *fill*         0x08001bb6        0x2 
 .text.OTM8009A_SetBrightness
                0x08001bb8       0x5c ./Drivers/BSP/Components/otm8009a.o
                0x08001bb8                OTM8009A_SetBrightness
 .text.OTM8009A_GetBrightness
                0x08001c14       0x24 ./Drivers/BSP/Components/otm8009a.o
                0x08001c14                OTM8009A_GetBrightness
 .text.OTM8009A_DisplayOn
                0x08001c38       0x3a ./Drivers/BSP/Components/otm8009a.o
                0x08001c38                OTM8009A_DisplayOn
 .text.OTM8009A_DisplayOff
                0x08001c72       0x3a ./Drivers/BSP/Components/otm8009a.o
                0x08001c72                OTM8009A_DisplayOff
 .text.OTM8009A_SetOrientation
                0x08001cac       0xe4 ./Drivers/BSP/Components/otm8009a.o
                0x08001cac                OTM8009A_SetOrientation
 .text.OTM8009A_GetOrientation
                0x08001d90       0x24 ./Drivers/BSP/Components/otm8009a.o
                0x08001d90                OTM8009A_GetOrientation
 .text.OTM8009A_GetXSize
                0x08001db4       0x48 ./Drivers/BSP/Components/otm8009a.o
                0x08001db4                OTM8009A_GetXSize
 .text.OTM8009A_GetYSize
                0x08001dfc       0x48 ./Drivers/BSP/Components/otm8009a.o
                0x08001dfc                OTM8009A_GetYSize
 .text.OTM8009A_SetCursor
                0x08001e44       0x1c ./Drivers/BSP/Components/otm8009a.o
                0x08001e44                OTM8009A_SetCursor
 .text.OTM8009A_DrawBitmap
                0x08001e60       0x1e ./Drivers/BSP/Components/otm8009a.o
                0x08001e60                OTM8009A_DrawBitmap
 .text.OTM8009A_FillRGBRect
                0x08001e7e       0x1e ./Drivers/BSP/Components/otm8009a.o
                0x08001e7e                OTM8009A_FillRGBRect
 .text.OTM8009A_DrawHLine
                0x08001e9c       0x1e ./Drivers/BSP/Components/otm8009a.o
                0x08001e9c                OTM8009A_DrawHLine
 .text.OTM8009A_DrawVLine
                0x08001eba       0x1e ./Drivers/BSP/Components/otm8009a.o
                0x08001eba                OTM8009A_DrawVLine
 .text.OTM8009A_FillRect
                0x08001ed8       0x1e ./Drivers/BSP/Components/otm8009a.o
                0x08001ed8                OTM8009A_FillRect
 .text.OTM8009A_GetPixel
                0x08001ef6       0x1e ./Drivers/BSP/Components/otm8009a.o
                0x08001ef6                OTM8009A_GetPixel
 .text.OTM8009A_SetPixel
                0x08001f14       0x1e ./Drivers/BSP/Components/otm8009a.o
                0x08001f14                OTM8009A_SetPixel
 .text.OTM8009A_ReadRegWrap
                0x08001f32       0x32 ./Drivers/BSP/Components/otm8009a.o
 .text.OTM8009A_WriteRegWrap
                0x08001f64       0x32 ./Drivers/BSP/Components/otm8009a.o
 .text.OTM8009A_IO_Delay
                0x08001f96       0x34 ./Drivers/BSP/Components/otm8009a.o
 .text.otm8009a_read_reg
                0x08001fca       0x2e ./Drivers/BSP/Components/otm8009a_reg.o
                0x08001fca                otm8009a_read_reg
 .text.otm8009a_write_reg
                0x08001ff8       0x2e ./Drivers/BSP/Components/otm8009a_reg.o
                0x08001ff8                otm8009a_write_reg
 *fill*         0x08002026        0x2 
 .text.BSP_LED_Init
                0x08002028       0x88 ./Drivers/BSP/STM32H747I_DISCO/stm32h747i_discovery.o
                0x08002028                BSP_LED_Init
 .text.BSP_LED_On
                0x080020b0       0x3c ./Drivers/BSP/STM32H747I_DISCO/stm32h747i_discovery.o
                0x080020b0                BSP_LED_On
 .text.BSP_GetTick
                0x080020ec        0xe ./Drivers/BSP/STM32H747I_DISCO/stm32h747i_discovery_bus.o
                0x080020ec                BSP_GetTick
 .text.BSP_LCD_Init
                0x080020fa       0x28 ./Drivers/BSP/STM32H747I_DISCO/stm32h747i_discovery_lcd.o
                0x080020fa                BSP_LCD_Init
 *fill*         0x08002122        0x2 
 .text.BSP_LCD_InitEx
                0x08002124      0x210 ./Drivers/BSP/STM32H747I_DISCO/stm32h747i_discovery_lcd.o
                0x08002124                BSP_LCD_InitEx
 .text.BSP_LCD_Reset
                0x08002334       0x74 ./Drivers/BSP/STM32H747I_DISCO/stm32h747i_discovery_lcd.o
                0x08002334                BSP_LCD_Reset
 .text.LCD_InitSequence
                0x080023a8       0xd0 ./Drivers/BSP/STM32H747I_DISCO/stm32h747i_discovery_lcd.o
 .text.MX_DSIHOST_DSI_Init
                0x08002478      0x164 ./Drivers/BSP/STM32H747I_DISCO/stm32h747i_discovery_lcd.o
                0x08002478                MX_DSIHOST_DSI_Init
 .text.MX_LTDC_Init
                0x080025dc       0xe8 ./Drivers/BSP/STM32H747I_DISCO/stm32h747i_discovery_lcd.o
                0x080025dc                MX_LTDC_Init
 .text.MX_LTDC_ConfigLayer
                0x080026c4       0x84 ./Drivers/BSP/STM32H747I_DISCO/stm32h747i_discovery_lcd.o
                0x080026c4                MX_LTDC_ConfigLayer
 .text.MX_LTDC_ClockConfig
                0x08002748       0x4a ./Drivers/BSP/STM32H747I_DISCO/stm32h747i_discovery_lcd.o
                0x08002748                MX_LTDC_ClockConfig
 *fill*         0x08002792        0x2 
 .text.BSP_LCD_SetActiveLayer
                0x08002794       0x44 ./Drivers/BSP/STM32H747I_DISCO/stm32h747i_discovery_lcd.o
                0x08002794                BSP_LCD_SetActiveLayer
 .text.BSP_LCD_GetPixelFormat
                0x080027d8       0x44 ./Drivers/BSP/STM32H747I_DISCO/stm32h747i_discovery_lcd.o
                0x080027d8                BSP_LCD_GetPixelFormat
 .text.BSP_LCD_GetXSize
                0x0800281c       0x50 ./Drivers/BSP/STM32H747I_DISCO/stm32h747i_discovery_lcd.o
                0x0800281c                BSP_LCD_GetXSize
 .text.BSP_LCD_GetYSize
                0x0800286c       0x54 ./Drivers/BSP/STM32H747I_DISCO/stm32h747i_discovery_lcd.o
                0x0800286c                BSP_LCD_GetYSize
 .text.BSP_LCD_DrawBitmap
                0x080028c0      0x1a4 ./Drivers/BSP/STM32H747I_DISCO/stm32h747i_discovery_lcd.o
                0x080028c0                BSP_LCD_DrawBitmap
 .text.BSP_LCD_FillRGBRect
                0x08002a64       0x98 ./Drivers/BSP/STM32H747I_DISCO/stm32h747i_discovery_lcd.o
                0x08002a64                BSP_LCD_FillRGBRect
 .text.BSP_LCD_DrawHLine
                0x08002afc       0xb8 ./Drivers/BSP/STM32H747I_DISCO/stm32h747i_discovery_lcd.o
                0x08002afc                BSP_LCD_DrawHLine
 .text.BSP_LCD_DrawVLine
                0x08002bb4       0xcc ./Drivers/BSP/STM32H747I_DISCO/stm32h747i_discovery_lcd.o
                0x08002bb4                BSP_LCD_DrawVLine
 .text.BSP_LCD_FillRect
                0x08002c80       0x9c ./Drivers/BSP/STM32H747I_DISCO/stm32h747i_discovery_lcd.o
                0x08002c80                BSP_LCD_FillRect
 .text.BSP_LCD_ReadPixel
                0x08002d1c       0xd8 ./Drivers/BSP/STM32H747I_DISCO/stm32h747i_discovery_lcd.o
                0x08002d1c                BSP_LCD_ReadPixel
 .text.BSP_LCD_WritePixel
                0x08002df4       0xd4 ./Drivers/BSP/STM32H747I_DISCO/stm32h747i_discovery_lcd.o
                0x08002df4                BSP_LCD_WritePixel
 .text.LL_FillBuffer
                0x08002ec8       0xe8 ./Drivers/BSP/STM32H747I_DISCO/stm32h747i_discovery_lcd.o
 .text.LL_ConvertLineToRGB
                0x08002fb0       0xb0 ./Drivers/BSP/STM32H747I_DISCO/stm32h747i_discovery_lcd.o
 .text.LTDC_MspInit
                0x08003060       0x64 ./Drivers/BSP/STM32H747I_DISCO/stm32h747i_discovery_lcd.o
 .text.DMA2D_MspInit
                0x080030c4       0x5c ./Drivers/BSP/STM32H747I_DISCO/stm32h747i_discovery_lcd.o
 .text.DSI_MspInit
                0x08003120       0x60 ./Drivers/BSP/STM32H747I_DISCO/stm32h747i_discovery_lcd.o
 .text.DSI_IO_Write
                0x08003180       0x78 ./Drivers/BSP/STM32H747I_DISCO/stm32h747i_discovery_lcd.o
 .text.DSI_IO_Read
                0x080031f8       0x50 ./Drivers/BSP/STM32H747I_DISCO/stm32h747i_discovery_lcd.o
 .text.NT35510_Probe
                0x08003248       0xb8 ./Drivers/BSP/STM32H747I_DISCO/stm32h747i_discovery_lcd.o
 .text.OTM8009A_Probe
                0x08003300       0xb8 ./Drivers/BSP/STM32H747I_DISCO/stm32h747i_discovery_lcd.o
 .text.BSP_SD_Init
                0x080033b8       0xf8 ./Drivers/BSP/STM32H747I_DISCO/stm32h747i_discovery_sd.o
                0x080033b8                BSP_SD_Init
 .text.MX_SDMMC1_SD_Init
                0x080034b0       0x50 ./Drivers/BSP/STM32H747I_DISCO/stm32h747i_discovery_sd.o
                0x080034b0                MX_SDMMC1_SD_Init
 .text.BSP_SD_IsDetected
                0x08003500       0x48 ./Drivers/BSP/STM32H747I_DISCO/stm32h747i_discovery_sd.o
                0x08003500                BSP_SD_IsDetected
 .text.BSP_SD_ReadBlocks
                0x08003548       0x60 ./Drivers/BSP/STM32H747I_DISCO/stm32h747i_discovery_sd.o
                0x08003548                BSP_SD_ReadBlocks
 .text.BSP_SD_WriteBlocks
                0x080035a8       0x60 ./Drivers/BSP/STM32H747I_DISCO/stm32h747i_discovery_sd.o
                0x080035a8                BSP_SD_WriteBlocks
 .text.BSP_SD_GetCardState
                0x08003608       0x34 ./Drivers/BSP/STM32H747I_DISCO/stm32h747i_discovery_sd.o
                0x08003608                BSP_SD_GetCardState
 .text.BSP_SD_GetCardInfo
                0x0800363c       0x4c ./Drivers/BSP/STM32H747I_DISCO/stm32h747i_discovery_sd.o
                0x0800363c                BSP_SD_GetCardInfo
 .text.SD_MspInit
                0x08003688      0x130 ./Drivers/BSP/STM32H747I_DISCO/stm32h747i_discovery_sd.o
 .text.BSP_SDRAM_Init
                0x080037b8       0x90 ./Drivers/BSP/STM32H747I_DISCO/stm32h747i_discovery_sdram.o
                0x080037b8                BSP_SDRAM_Init
 .text.MX_SDRAM_Init
                0x08003848       0x94 ./Drivers/BSP/STM32H747I_DISCO/stm32h747i_discovery_sdram.o
                0x08003848                MX_SDRAM_Init
 .text.SDRAM_MspInit
                0x080038dc      0x22c ./Drivers/BSP/STM32H747I_DISCO/stm32h747i_discovery_sdram.o
 .text.SystemInit
                0x08003b08       0xec ./Drivers/CMSIS/system_stm32h7xx.o
                0x08003b08                SystemInit
 .text.HAL_Init
                0x08003bf4       0x78 ./Drivers/STM32H7xx_HAL_Driver/stm32h7xx_hal.o
                0x08003bf4                HAL_Init
 .text.HAL_MspInit
                0x08003c6c        0xe ./Drivers/STM32H7xx_HAL_Driver/stm32h7xx_hal.o
                0x08003c6c                HAL_MspInit
 *fill*         0x08003c7a        0x2 
 .text.HAL_InitTick
                0x08003c7c       0x6c ./Drivers/STM32H7xx_HAL_Driver/stm32h7xx_hal.o
                0x08003c7c                HAL_InitTick
 .text.HAL_IncTick
                0x08003ce8       0x28 ./Drivers/STM32H7xx_HAL_Driver/stm32h7xx_hal.o
                0x08003ce8                HAL_IncTick
 .text.HAL_GetTick
                0x08003d10       0x18 ./Drivers/STM32H7xx_HAL_Driver/stm32h7xx_hal.o
                0x08003d10                HAL_GetTick
 .text.HAL_Delay
                0x08003d28       0x48 ./Drivers/STM32H7xx_HAL_Driver/stm32h7xx_hal.o
                0x08003d28                HAL_Delay
 .text.HAL_GetREVID
                0x08003d70       0x18 ./Drivers/STM32H7xx_HAL_Driver/stm32h7xx_hal.o
                0x08003d70                HAL_GetREVID
 .text.HAL_EnableCompensationCell
                0x08003d88       0x20 ./Drivers/STM32H7xx_HAL_Driver/stm32h7xx_hal.o
                0x08003d88                HAL_EnableCompensationCell
 .text.__NVIC_SetPriorityGrouping
                0x08003da8       0x48 ./Drivers/STM32H7xx_HAL_Driver/stm32h7xx_hal_cortex.o
 .text.__NVIC_GetPriorityGrouping
                0x08003df0       0x1c ./Drivers/STM32H7xx_HAL_Driver/stm32h7xx_hal_cortex.o
 .text.__NVIC_EnableIRQ
                0x08003e0c       0x3c ./Drivers/STM32H7xx_HAL_Driver/stm32h7xx_hal_cortex.o
 .text.__NVIC_SetPriority
                0x08003e48       0x54 ./Drivers/STM32H7xx_HAL_Driver/stm32h7xx_hal_cortex.o
 .text.NVIC_EncodePriority
                0x08003e9c       0x66 ./Drivers/STM32H7xx_HAL_Driver/stm32h7xx_hal_cortex.o
 *fill*         0x08003f02        0x2 
 .text.SysTick_Config
                0x08003f04       0x44 ./Drivers/STM32H7xx_HAL_Driver/stm32h7xx_hal_cortex.o
 .text.HAL_NVIC_SetPriorityGrouping
                0x08003f48       0x16 ./Drivers/STM32H7xx_HAL_Driver/stm32h7xx_hal_cortex.o
                0x08003f48                HAL_NVIC_SetPriorityGrouping
 .text.HAL_NVIC_SetPriority
                0x08003f5e       0x34 ./Drivers/STM32H7xx_HAL_Driver/stm32h7xx_hal_cortex.o
                0x08003f5e                HAL_NVIC_SetPriority
 .text.HAL_NVIC_EnableIRQ
                0x08003f92       0x1c ./Drivers/STM32H7xx_HAL_Driver/stm32h7xx_hal_cortex.o
                0x08003f92                HAL_NVIC_EnableIRQ
 .text.HAL_SYSTICK_Config
                0x08003fae       0x18 ./Drivers/STM32H7xx_HAL_Driver/stm32h7xx_hal_cortex.o
                0x08003fae                HAL_SYSTICK_Config
 *fill*         0x08003fc6        0x2 
 .text.HAL_MPU_Disable
                0x08003fc8       0x30 ./Drivers/STM32H7xx_HAL_Driver/stm32h7xx_hal_cortex.o
                0x08003fc8                HAL_MPU_Disable
 .text.HAL_MPU_Enable
                0x08003ff8       0x40 ./Drivers/STM32H7xx_HAL_Driver/stm32h7xx_hal_cortex.o
                0x08003ff8                HAL_MPU_Enable
 .text.HAL_MPU_ConfigRegion
                0x08004038       0x80 ./Drivers/STM32H7xx_HAL_Driver/stm32h7xx_hal_cortex.o
                0x08004038                HAL_MPU_ConfigRegion
 .text.HAL_DMA2D_Init
                0x080040b8       0xc8 ./Drivers/STM32H7xx_HAL_Driver/stm32h7xx_hal_dma2d.o
                0x080040b8                HAL_DMA2D_Init
 .text.HAL_DMA2D_MspInit
                0x08004180       0x14 ./Drivers/STM32H7xx_HAL_Driver/stm32h7xx_hal_dma2d.o
                0x08004180                HAL_DMA2D_MspInit
 .text.HAL_DMA2D_Start
                0x08004194       0x56 ./Drivers/STM32H7xx_HAL_Driver/stm32h7xx_hal_dma2d.o
                0x08004194                HAL_DMA2D_Start
 .text.HAL_DMA2D_PollForTransfer
                0x080041ea      0x1d2 ./Drivers/STM32H7xx_HAL_Driver/stm32h7xx_hal_dma2d.o
                0x080041ea                HAL_DMA2D_PollForTransfer
 .text.HAL_DMA2D_ConfigLayer
                0x080043bc      0x15c ./Drivers/STM32H7xx_HAL_Driver/stm32h7xx_hal_dma2d.o
                0x080043bc                HAL_DMA2D_ConfigLayer
 .text.DMA2D_SetConfig
                0x08004518      0x14c ./Drivers/STM32H7xx_HAL_Driver/stm32h7xx_hal_dma2d.o
 .text.DSI_ConfigPacketHeader
                0x08004664       0x32 ./Drivers/STM32H7xx_HAL_Driver/stm32h7xx_hal_dsi.o
 .text.DSI_ShortWrite
                0x08004696       0x5e ./Drivers/STM32H7xx_HAL_Driver/stm32h7xx_hal_dsi.o
 .text.HAL_DSI_Init
                0x080046f4      0x300 ./Drivers/STM32H7xx_HAL_Driver/stm32h7xx_hal_dsi.o
                0x080046f4                HAL_DSI_Init
 .text.HAL_DSI_MspInit
                0x080049f4       0x14 ./Drivers/STM32H7xx_HAL_Driver/stm32h7xx_hal_dsi.o
                0x080049f4                HAL_DSI_MspInit
 .text.HAL_DSI_ConfigVideoMode
                0x08004a08      0x400 ./Drivers/STM32H7xx_HAL_Driver/stm32h7xx_hal_dsi.o
                0x08004a08                HAL_DSI_ConfigVideoMode
 .text.HAL_DSI_ConfigFlowControl
                0x08004e08       0x50 ./Drivers/STM32H7xx_HAL_Driver/stm32h7xx_hal_dsi.o
                0x08004e08                HAL_DSI_ConfigFlowControl
 .text.HAL_DSI_Start
                0x08004e58       0x78 ./Drivers/STM32H7xx_HAL_Driver/stm32h7xx_hal_dsi.o
                0x08004e58                HAL_DSI_Start
 .text.HAL_DSI_ShortWrite
                0x08004ed0       0x44 ./Drivers/STM32H7xx_HAL_Driver/stm32h7xx_hal_dsi.o
                0x08004ed0                HAL_DSI_ShortWrite
 .text.HAL_DSI_LongWrite
                0x08004f14      0x130 ./Drivers/STM32H7xx_HAL_Driver/stm32h7xx_hal_dsi.o
                0x08004f14                HAL_DSI_LongWrite
 .text.HAL_DSI_Read
                0x08005044      0x188 ./Drivers/STM32H7xx_HAL_Driver/stm32h7xx_hal_dsi.o
                0x08005044                HAL_DSI_Read
 .text.HAL_GPIO_Init
                0x080051cc      0x360 ./Drivers/STM32H7xx_HAL_Driver/stm32h7xx_hal_gpio.o
                0x080051cc                HAL_GPIO_Init
 .text.HAL_GPIO_ReadPin
                0x0800552c       0x30 ./Drivers/STM32H7xx_HAL_Driver/stm32h7xx_hal_gpio.o
                0x0800552c                HAL_GPIO_ReadPin
 .text.HAL_GPIO_WritePin
                0x0800555c       0x32 ./Drivers/STM32H7xx_HAL_Driver/stm32h7xx_hal_gpio.o
                0x0800555c                HAL_GPIO_WritePin
 *fill*         0x0800558e        0x2 
 .text.HAL_JPEG_Init
                0x08005590      0x104 ./Drivers/STM32H7xx_HAL_Driver/stm32h7xx_hal_jpeg.o
                0x08005590                HAL_JPEG_Init
 .text.HAL_JPEG_GetInfo
                0x08005694      0x12a ./Drivers/STM32H7xx_HAL_Driver/stm32h7xx_hal_jpeg.o
                0x08005694                HAL_JPEG_GetInfo
 .text.HAL_JPEG_Decode_DMA
                0x080057be       0xc6 ./Drivers/STM32H7xx_HAL_Driver/stm32h7xx_hal_jpeg.o
                0x080057be                HAL_JPEG_Decode_DMA
 .text.HAL_JPEG_Pause
                0x08005884       0xb0 ./Drivers/STM32H7xx_HAL_Driver/stm32h7xx_hal_jpeg.o
                0x08005884                HAL_JPEG_Pause
 .text.HAL_JPEG_ConfigInputBuffer
                0x08005934       0x24 ./Drivers/STM32H7xx_HAL_Driver/stm32h7xx_hal_jpeg.o
                0x08005934                HAL_JPEG_ConfigInputBuffer
 .text.HAL_JPEG_ConfigOutputBuffer
                0x08005958       0x24 ./Drivers/STM32H7xx_HAL_Driver/stm32h7xx_hal_jpeg.o
                0x08005958                HAL_JPEG_ConfigOutputBuffer
 .text.HAL_JPEG_EncodeCpltCallback
                0x0800597c       0x14 ./Drivers/STM32H7xx_HAL_Driver/stm32h7xx_hal_jpeg.o
                0x0800597c                HAL_JPEG_EncodeCpltCallback
 .text.HAL_JPEG_IRQHandler
                0x08005990       0x4c ./Drivers/STM32H7xx_HAL_Driver/stm32h7xx_hal_jpeg.o
                0x08005990                HAL_JPEG_IRQHandler
 .text.JPEG_Bits_To_SizeCodes
                0x080059dc       0xea ./Drivers/STM32H7xx_HAL_Driver/stm32h7xx_hal_jpeg.o
 .text.JPEG_ACHuff_BitsVals_To_SizeCodes
                0x08005ac6      0x140 ./Drivers/STM32H7xx_HAL_Driver/stm32h7xx_hal_jpeg.o
 .text.JPEG_DCHuff_BitsVals_To_SizeCodes
                0x08005c06       0xe6 ./Drivers/STM32H7xx_HAL_Driver/stm32h7xx_hal_jpeg.o
 .text.JPEG_Set_HuffDC_Mem
                0x08005cec      0x104 ./Drivers/STM32H7xx_HAL_Driver/stm32h7xx_hal_jpeg.o
 .text.JPEG_Set_HuffAC_Mem
                0x08005df0      0x208 ./Drivers/STM32H7xx_HAL_Driver/stm32h7xx_hal_jpeg.o
 .text.JPEG_Set_HuffEnc_Mem
                0x08005ff8       0xa8 ./Drivers/STM32H7xx_HAL_Driver/stm32h7xx_hal_jpeg.o
 .text.JPEG_Set_Huff_DHTMem
                0x080060a0      0x45c ./Drivers/STM32H7xx_HAL_Driver/stm32h7xx_hal_jpeg.o
 .text.JPEG_Init_Process
                0x080064fc       0xe8 ./Drivers/STM32H7xx_HAL_Driver/stm32h7xx_hal_jpeg.o
 .text.JPEG_Process
                0x080065e4      0x184 ./Drivers/STM32H7xx_HAL_Driver/stm32h7xx_hal_jpeg.o
 .text.JPEG_StoreOutputData
                0x08006768      0x20e ./Drivers/STM32H7xx_HAL_Driver/stm32h7xx_hal_jpeg.o
 .text.JPEG_ReadInputData
                0x08006976      0x1cc ./Drivers/STM32H7xx_HAL_Driver/stm32h7xx_hal_jpeg.o
 *fill*         0x08006b42        0x2 
 .text.JPEG_DMA_StartProcess
                0x08006b44      0x134 ./Drivers/STM32H7xx_HAL_Driver/stm32h7xx_hal_jpeg.o
 .text.JPEG_DMA_ContinueProcess
                0x08006c78       0xea ./Drivers/STM32H7xx_HAL_Driver/stm32h7xx_hal_jpeg.o
 .text.JPEG_DMA_EndProcess
                0x08006d62       0xd2 ./Drivers/STM32H7xx_HAL_Driver/stm32h7xx_hal_jpeg.o
 .text.JPEG_DMA_PollResidualData
                0x08006e34      0x142 ./Drivers/STM32H7xx_HAL_Driver/stm32h7xx_hal_jpeg.o
 .text.JPEG_MDMAInCpltCallback
                0x08006f76      0x12c ./Drivers/STM32H7xx_HAL_Driver/stm32h7xx_hal_jpeg.o
 .text.JPEG_MDMAOutCpltCallback
                0x080070a2       0xc2 ./Drivers/STM32H7xx_HAL_Driver/stm32h7xx_hal_jpeg.o
 .text.JPEG_MDMAErrorCallback
                0x08007164       0x50 ./Drivers/STM32H7xx_HAL_Driver/stm32h7xx_hal_jpeg.o
 .text.JPEG_MDMAOutAbortCallback
                0x080071b4       0x28 ./Drivers/STM32H7xx_HAL_Driver/stm32h7xx_hal_jpeg.o
 .text.JPEG_GetQuality
                0x080071dc       0xbc ./Drivers/STM32H7xx_HAL_Driver/stm32h7xx_hal_jpeg.o
 .text.HAL_LTDC_Init
                0x08007298      0x1a0 ./Drivers/STM32H7xx_HAL_Driver/stm32h7xx_hal_ltdc.o
                0x08007298                HAL_LTDC_Init
 .text.HAL_LTDC_MspInit
                0x08007438       0x14 ./Drivers/STM32H7xx_HAL_Driver/stm32h7xx_hal_ltdc.o
                0x08007438                HAL_LTDC_MspInit
 .text.HAL_LTDC_ConfigLayer
                0x0800744c       0x7c ./Drivers/STM32H7xx_HAL_Driver/stm32h7xx_hal_ltdc.o
                0x0800744c                HAL_LTDC_ConfigLayer
 .text.LTDC_SetConfig
                0x080074c8      0x334 ./Drivers/STM32H7xx_HAL_Driver/stm32h7xx_hal_ltdc.o
 .text.HAL_MDMA_Init
                0x080077fc       0x98 ./Drivers/STM32H7xx_HAL_Driver/stm32h7xx_hal_mdma.o
                0x080077fc                HAL_MDMA_Init
 .text.HAL_MDMA_DeInit
                0x08007894       0xb0 ./Drivers/STM32H7xx_HAL_Driver/stm32h7xx_hal_mdma.o
                0x08007894                HAL_MDMA_DeInit
 .text.HAL_MDMA_Start_IT
                0x08007944      0x102 ./Drivers/STM32H7xx_HAL_Driver/stm32h7xx_hal_mdma.o
                0x08007944                HAL_MDMA_Start_IT
 .text.HAL_MDMA_Abort_IT
                0x08007a46       0x4e ./Drivers/STM32H7xx_HAL_Driver/stm32h7xx_hal_mdma.o
                0x08007a46                HAL_MDMA_Abort_IT
 .text.HAL_MDMA_IRQHandler
                0x08007a94      0x2a8 ./Drivers/STM32H7xx_HAL_Driver/stm32h7xx_hal_mdma.o
                0x08007a94                HAL_MDMA_IRQHandler
 .text.MDMA_SetConfig
                0x08007d3c       0xe0 ./Drivers/STM32H7xx_HAL_Driver/stm32h7xx_hal_mdma.o
 .text.MDMA_Init
                0x08007e1c      0x130 ./Drivers/STM32H7xx_HAL_Driver/stm32h7xx_hal_mdma.o
 .text.HAL_PWREx_ConfigSupply
                0x08007f4c       0xb4 ./Drivers/STM32H7xx_HAL_Driver/stm32h7xx_hal_pwr_ex.o
                0x08007f4c                HAL_PWREx_ConfigSupply
 .text.HAL_RCC_OscConfig
                0x08008000      0x8b4 ./Drivers/STM32H7xx_HAL_Driver/stm32h7xx_hal_rcc.o
                0x08008000                HAL_RCC_OscConfig
 .text.HAL_RCC_ClockConfig
                0x080088b4      0x36c ./Drivers/STM32H7xx_HAL_Driver/stm32h7xx_hal_rcc.o
                0x080088b4                HAL_RCC_ClockConfig
 .text.HAL_RCC_GetSysClockFreq
                0x08008c20      0x2f4 ./Drivers/STM32H7xx_HAL_Driver/stm32h7xx_hal_rcc.o
                0x08008c20                HAL_RCC_GetSysClockFreq
 .text.HAL_RCC_GetHCLKFreq
                0x08008f14       0x60 ./Drivers/STM32H7xx_HAL_Driver/stm32h7xx_hal_rcc.o
                0x08008f14                HAL_RCC_GetHCLKFreq
 .text.HAL_RCC_GetPCLK1Freq
                0x08008f74       0x2c ./Drivers/STM32H7xx_HAL_Driver/stm32h7xx_hal_rcc.o
                0x08008f74                HAL_RCC_GetPCLK1Freq
 .text.HAL_RCCEx_PeriphCLKConfig
                0x08008fa0     0x1494 ./Drivers/STM32H7xx_HAL_Driver/stm32h7xx_hal_rcc_ex.o
                0x08008fa0                HAL_RCCEx_PeriphCLKConfig
 .text.HAL_RCCEx_GetPeriphCLKFreq
                0x0800a434      0xb00 ./Drivers/STM32H7xx_HAL_Driver/stm32h7xx_hal_rcc_ex.o
                0x0800a434                HAL_RCCEx_GetPeriphCLKFreq
 .text.HAL_RCCEx_GetD3PCLK1Freq
                0x0800af34       0x2c ./Drivers/STM32H7xx_HAL_Driver/stm32h7xx_hal_rcc_ex.o
                0x0800af34                HAL_RCCEx_GetD3PCLK1Freq
 .text.HAL_RCCEx_GetPLL2ClockFreq
                0x0800af60      0x2a8 ./Drivers/STM32H7xx_HAL_Driver/stm32h7xx_hal_rcc_ex.o
                0x0800af60                HAL_RCCEx_GetPLL2ClockFreq
 .text.HAL_RCCEx_GetPLL3ClockFreq
                0x0800b208      0x2a8 ./Drivers/STM32H7xx_HAL_Driver/stm32h7xx_hal_rcc_ex.o
                0x0800b208                HAL_RCCEx_GetPLL3ClockFreq
 .text.HAL_RCCEx_GetPLL1ClockFreq
                0x0800b4b0      0x2a4 ./Drivers/STM32H7xx_HAL_Driver/stm32h7xx_hal_rcc_ex.o
                0x0800b4b0                HAL_RCCEx_GetPLL1ClockFreq
 .text.RCCEx_PLL2_Config
                0x0800b754      0x164 ./Drivers/STM32H7xx_HAL_Driver/stm32h7xx_hal_rcc_ex.o
 .text.RCCEx_PLL3_Config
                0x0800b8b8      0x164 ./Drivers/STM32H7xx_HAL_Driver/stm32h7xx_hal_rcc_ex.o
 .text.HAL_SD_Init
                0x0800ba1c      0x106 ./Drivers/STM32H7xx_HAL_Driver/stm32h7xx_hal_sd.o
                0x0800ba1c                HAL_SD_Init
 *fill*         0x0800bb22        0x2 
 .text.HAL_SD_InitCard
                0x0800bb24      0x138 ./Drivers/STM32H7xx_HAL_Driver/stm32h7xx_hal_sd.o
                0x0800bb24                HAL_SD_InitCard
 .text.HAL_SD_MspInit
                0x0800bc5c       0x14 ./Drivers/STM32H7xx_HAL_Driver/stm32h7xx_hal_sd.o
                0x0800bc5c                HAL_SD_MspInit
 .text.HAL_SD_ReadBlocks
                0x0800bc70      0x314 ./Drivers/STM32H7xx_HAL_Driver/stm32h7xx_hal_sd.o
                0x0800bc70                HAL_SD_ReadBlocks
 .text.HAL_SD_WriteBlocks
                0x0800bf84      0x31c ./Drivers/STM32H7xx_HAL_Driver/stm32h7xx_hal_sd.o
                0x0800bf84                HAL_SD_WriteBlocks
 .text.HAL_SD_GetCardCSD
                0x0800c2a0      0x348 ./Drivers/STM32H7xx_HAL_Driver/stm32h7xx_hal_sd.o
                0x0800c2a0                HAL_SD_GetCardCSD
 .text.HAL_SD_GetCardStatus
                0x0800c5e8      0x17c ./Drivers/STM32H7xx_HAL_Driver/stm32h7xx_hal_sd.o
                0x0800c5e8                HAL_SD_GetCardStatus
 .text.HAL_SD_GetCardInfo
                0x0800c764       0x58 ./Drivers/STM32H7xx_HAL_Driver/stm32h7xx_hal_sd.o
                0x0800c764                HAL_SD_GetCardInfo
 .text.HAL_SD_ConfigWideBusOperation
                0x0800c7bc      0x224 ./Drivers/STM32H7xx_HAL_Driver/stm32h7xx_hal_sd.o
                0x0800c7bc                HAL_SD_ConfigWideBusOperation
 .text.HAL_SD_ConfigSpeedBusOperation
                0x0800c9e0      0x178 ./Drivers/STM32H7xx_HAL_Driver/stm32h7xx_hal_sd.o
                0x0800c9e0                HAL_SD_ConfigSpeedBusOperation
 .text.HAL_SD_GetCardState
                0x0800cb58       0x40 ./Drivers/STM32H7xx_HAL_Driver/stm32h7xx_hal_sd.o
                0x0800cb58                HAL_SD_GetCardState
 .text.SD_InitCard
                0x0800cb98      0x19c ./Drivers/STM32H7xx_HAL_Driver/stm32h7xx_hal_sd.o
 .text.SD_PowerON
                0x0800cd34      0x11c ./Drivers/STM32H7xx_HAL_Driver/stm32h7xx_hal_sd.o
 .text.SD_SendSDStatus
                0x0800ce50      0x1a0 ./Drivers/STM32H7xx_HAL_Driver/stm32h7xx_hal_sd.o
 .text.SD_SendStatus
                0x0800cff0       0x50 ./Drivers/STM32H7xx_HAL_Driver/stm32h7xx_hal_sd.o
 .text.SD_WideBus_Enable
                0x0800d040       0x96 ./Drivers/STM32H7xx_HAL_Driver/stm32h7xx_hal_sd.o
 .text.SD_WideBus_Disable
                0x0800d0d6       0x96 ./Drivers/STM32H7xx_HAL_Driver/stm32h7xx_hal_sd.o
 .text.SD_FindSCR
                0x0800d16c      0x1a0 ./Drivers/STM32H7xx_HAL_Driver/stm32h7xx_hal_sd.o
 .text.SD_SwitchSpeed
                0x0800d30c      0x19c ./Drivers/STM32H7xx_HAL_Driver/stm32h7xx_hal_sd.o
 .text.HAL_SDRAM_Init
                0x0800d4a8       0x78 ./Drivers/STM32H7xx_HAL_Driver/stm32h7xx_hal_sdram.o
                0x0800d4a8                HAL_SDRAM_Init
 .text.HAL_SDRAM_MspInit
                0x0800d520       0x14 ./Drivers/STM32H7xx_HAL_Driver/stm32h7xx_hal_sdram.o
                0x0800d520                HAL_SDRAM_MspInit
 .text.HAL_SDRAM_SendCommand
                0x0800d534       0x6a ./Drivers/STM32H7xx_HAL_Driver/stm32h7xx_hal_sdram.o
                0x0800d534                HAL_SDRAM_SendCommand
 .text.HAL_SDRAM_ProgramRefreshRate
                0x0800d59e       0x50 ./Drivers/STM32H7xx_HAL_Driver/stm32h7xx_hal_sdram.o
                0x0800d59e                HAL_SDRAM_ProgramRefreshRate
 *fill*         0x0800d5ee        0x2 
 .text.FMC_SDRAM_Init
                0x0800d5f0       0xb8 ./Drivers/STM32H7xx_HAL_Driver/stm32h7xx_ll_fmc.o
                0x0800d5f0                FMC_SDRAM_Init
 .text.FMC_SDRAM_Timing_Init
                0x0800d6a8       0xd4 ./Drivers/STM32H7xx_HAL_Driver/stm32h7xx_ll_fmc.o
                0x0800d6a8                FMC_SDRAM_Timing_Init
 .text.FMC_SDRAM_SendCommand
                0x0800d77c       0x48 ./Drivers/STM32H7xx_HAL_Driver/stm32h7xx_ll_fmc.o
                0x0800d77c                FMC_SDRAM_SendCommand
 .text.FMC_SDRAM_ProgramRefreshRate
                0x0800d7c4       0x30 ./Drivers/STM32H7xx_HAL_Driver/stm32h7xx_ll_fmc.o
                0x0800d7c4                FMC_SDRAM_ProgramRefreshRate
 .text.SDMMC_Init
                0x0800d7f4       0x54 ./Drivers/STM32H7xx_HAL_Driver/stm32h7xx_ll_sdmmc.o
                0x0800d7f4                SDMMC_Init
 .text.SDMMC_ReadFIFO
                0x0800d848       0x1a ./Drivers/STM32H7xx_HAL_Driver/stm32h7xx_ll_sdmmc.o
                0x0800d848                SDMMC_ReadFIFO
 .text.SDMMC_WriteFIFO
                0x0800d862       0x22 ./Drivers/STM32H7xx_HAL_Driver/stm32h7xx_ll_sdmmc.o
                0x0800d862                SDMMC_WriteFIFO
 .text.SDMMC_PowerState_ON
                0x0800d884       0x22 ./Drivers/STM32H7xx_HAL_Driver/stm32h7xx_ll_sdmmc.o
                0x0800d884                SDMMC_PowerState_ON
 .text.SDMMC_GetPowerState
                0x0800d8a6       0x1c ./Drivers/STM32H7xx_HAL_Driver/stm32h7xx_ll_sdmmc.o
                0x0800d8a6                SDMMC_GetPowerState
 *fill*         0x0800d8c2        0x2 
 .text.SDMMC_SendCommand
                0x0800d8c4       0x54 ./Drivers/STM32H7xx_HAL_Driver/stm32h7xx_ll_sdmmc.o
                0x0800d8c4                SDMMC_SendCommand
 .text.SDMMC_GetCommandResponse
                0x0800d918       0x1a ./Drivers/STM32H7xx_HAL_Driver/stm32h7xx_ll_sdmmc.o
                0x0800d918                SDMMC_GetCommandResponse
 .text.SDMMC_GetResponse
                0x0800d932       0x26 ./Drivers/STM32H7xx_HAL_Driver/stm32h7xx_ll_sdmmc.o
                0x0800d932                SDMMC_GetResponse
 .text.SDMMC_ConfigData
                0x0800d958       0x58 ./Drivers/STM32H7xx_HAL_Driver/stm32h7xx_ll_sdmmc.o
                0x0800d958                SDMMC_ConfigData
 .text.SDMMC_CmdBlockLength
                0x0800d9b0       0x46 ./Drivers/STM32H7xx_HAL_Driver/stm32h7xx_ll_sdmmc.o
                0x0800d9b0                SDMMC_CmdBlockLength
 .text.SDMMC_CmdReadSingleBlock
                0x0800d9f6       0x46 ./Drivers/STM32H7xx_HAL_Driver/stm32h7xx_ll_sdmmc.o
                0x0800d9f6                SDMMC_CmdReadSingleBlock
 .text.SDMMC_CmdReadMultiBlock
                0x0800da3c       0x46 ./Drivers/STM32H7xx_HAL_Driver/stm32h7xx_ll_sdmmc.o
                0x0800da3c                SDMMC_CmdReadMultiBlock
 .text.SDMMC_CmdWriteSingleBlock
                0x0800da82       0x46 ./Drivers/STM32H7xx_HAL_Driver/stm32h7xx_ll_sdmmc.o
                0x0800da82                SDMMC_CmdWriteSingleBlock
 .text.SDMMC_CmdWriteMultiBlock
                0x0800dac8       0x46 ./Drivers/STM32H7xx_HAL_Driver/stm32h7xx_ll_sdmmc.o
                0x0800dac8                SDMMC_CmdWriteMultiBlock
 *fill*         0x0800db0e        0x2 
 .text.SDMMC_CmdStopTransfer
                0x0800db10       0x78 ./Drivers/STM32H7xx_HAL_Driver/stm32h7xx_ll_sdmmc.o
                0x0800db10                SDMMC_CmdStopTransfer
 .text.SDMMC_CmdSelDesel
                0x0800db88       0x46 ./Drivers/STM32H7xx_HAL_Driver/stm32h7xx_ll_sdmmc.o
                0x0800db88                SDMMC_CmdSelDesel
 .text.SDMMC_CmdGoIdleState
                0x0800dbce       0x3c ./Drivers/STM32H7xx_HAL_Driver/stm32h7xx_ll_sdmmc.o
                0x0800dbce                SDMMC_CmdGoIdleState
 .text.SDMMC_CmdOperCond
                0x0800dc0a       0x40 ./Drivers/STM32H7xx_HAL_Driver/stm32h7xx_ll_sdmmc.o
                0x0800dc0a                SDMMC_CmdOperCond
 .text.SDMMC_CmdAppCommand
                0x0800dc4a       0x46 ./Drivers/STM32H7xx_HAL_Driver/stm32h7xx_ll_sdmmc.o
                0x0800dc4a                SDMMC_CmdAppCommand
 .text.SDMMC_CmdAppOperCommand
                0x0800dc90       0x40 ./Drivers/STM32H7xx_HAL_Driver/stm32h7xx_ll_sdmmc.o
                0x0800dc90                SDMMC_CmdAppOperCommand
 .text.SDMMC_CmdBusWidth
                0x0800dcd0       0x46 ./Drivers/STM32H7xx_HAL_Driver/stm32h7xx_ll_sdmmc.o
                0x0800dcd0                SDMMC_CmdBusWidth
 .text.SDMMC_CmdSendSCR
                0x0800dd16       0x44 ./Drivers/STM32H7xx_HAL_Driver/stm32h7xx_ll_sdmmc.o
                0x0800dd16                SDMMC_CmdSendSCR
 .text.SDMMC_CmdSendCID
                0x0800dd5a       0x3e ./Drivers/STM32H7xx_HAL_Driver/stm32h7xx_ll_sdmmc.o
                0x0800dd5a                SDMMC_CmdSendCID
 .text.SDMMC_CmdSendCSD
                0x0800dd98       0x40 ./Drivers/STM32H7xx_HAL_Driver/stm32h7xx_ll_sdmmc.o
                0x0800dd98                SDMMC_CmdSendCSD
 .text.SDMMC_CmdSetRelAdd
                0x0800ddd8       0x44 ./Drivers/STM32H7xx_HAL_Driver/stm32h7xx_ll_sdmmc.o
                0x0800ddd8                SDMMC_CmdSetRelAdd
 .text.SDMMC_CmdSendStatus
                0x0800de1c       0x46 ./Drivers/STM32H7xx_HAL_Driver/stm32h7xx_ll_sdmmc.o
                0x0800de1c                SDMMC_CmdSendStatus
 .text.SDMMC_CmdStatusRegister
                0x0800de62       0x44 ./Drivers/STM32H7xx_HAL_Driver/stm32h7xx_ll_sdmmc.o
                0x0800de62                SDMMC_CmdStatusRegister
 .text.SDMMC_CmdSwitch
                0x0800dea6       0x46 ./Drivers/STM32H7xx_HAL_Driver/stm32h7xx_ll_sdmmc.o
                0x0800dea6                SDMMC_CmdSwitch
 .text.SDMMC_GetCmdResp1
                0x0800deec      0x1e4 ./Drivers/STM32H7xx_HAL_Driver/stm32h7xx_ll_sdmmc.o
                0x0800deec                SDMMC_GetCmdResp1
 .text.SDMMC_GetCmdResp2
                0x0800e0d0       0x94 ./Drivers/STM32H7xx_HAL_Driver/stm32h7xx_ll_sdmmc.o
                0x0800e0d0                SDMMC_GetCmdResp2
 .text.SDMMC_GetCmdResp3
                0x0800e164       0x80 ./Drivers/STM32H7xx_HAL_Driver/stm32h7xx_ll_sdmmc.o
                0x0800e164                SDMMC_GetCmdResp3
 .text.SDMMC_GetCmdResp6
                0x0800e1e4       0xf0 ./Drivers/STM32H7xx_HAL_Driver/stm32h7xx_ll_sdmmc.o
                0x0800e1e4                SDMMC_GetCmdResp6
 .text.SDMMC_GetCmdResp7
                0x0800e2d4       0x9c ./Drivers/STM32H7xx_HAL_Driver/stm32h7xx_ll_sdmmc.o
                0x0800e2d4                SDMMC_GetCmdResp7
 .text.SDMMC_GetCmdError
                0x0800e370       0x5c ./Drivers/STM32H7xx_HAL_Driver/stm32h7xx_ll_sdmmc.o
 .text.__AVI_SearchID
                0x0800e3cc       0x84 ./Example/User/CM7/AVI_parser.o
                0x0800e3cc                __AVI_SearchID
 .text.__AVI_GetStreamInfo
                0x0800e450       0x92 ./Example/User/CM7/AVI_parser.o
                0x0800e450                __AVI_GetStreamInfo
 *fill*         0x0800e4e2        0x2 
 .text.__AVI_Init
                0x0800e4e4      0x320 ./Example/User/CM7/AVI_parser.o
                0x0800e4e4                __AVI_Init
 .text.AVI_ParserInit
                0x0800e804       0x7e ./Example/User/CM7/AVI_parser.o
                0x0800e804                AVI_ParserInit
 *fill*         0x0800e882        0x2 
 .text.AVI_GetFrame
                0x0800e884       0xe8 ./Example/User/CM7/AVI_parser.o
                0x0800e884                AVI_GetFrame
 .text.JPEG_Decode_DMA
                0x0800e96c       0x68 ./Example/User/CM7/decode_dma.o
                0x0800e96c                JPEG_Decode_DMA
 .text.HAL_JPEG_InfoReadyCallback
                0x0800e9d4       0x16 ./Example/User/CM7/decode_dma.o
                0x0800e9d4                HAL_JPEG_InfoReadyCallback
 *fill*         0x0800e9ea        0x2 
 .text.HAL_JPEG_GetDataCallback
                0x0800e9ec       0x7c ./Example/User/CM7/decode_dma.o
                0x0800e9ec                HAL_JPEG_GetDataCallback
 .text.HAL_JPEG_DataReadyCallback
                0x0800ea68       0x34 ./Example/User/CM7/decode_dma.o
                0x0800ea68                HAL_JPEG_DataReadyCallback
 .text.HAL_JPEG_ErrorCallback
                0x0800ea9c       0x14 ./Example/User/CM7/decode_dma.o
                0x0800ea9c                HAL_JPEG_ErrorCallback
 .text.HAL_JPEG_DecodeCpltCallback
                0x0800eab0       0x20 ./Example/User/CM7/decode_dma.o
                0x0800eab0                HAL_JPEG_DecodeCpltCallback
 .text.main     0x0800ead0      0x278 ./Example/User/CM7/main.o
                0x0800ead0                main
 .text.Error_Handler
                0x0800ed48        0xe ./Example/User/CM7/main.o
                0x0800ed48                Error_Handler
 *fill*         0x0800ed56        0x2 
 .text.DMA2D_Init
                0x0800ed58       0xfc ./Example/User/CM7/main.o
 .text.DMA2D_CopyBuffer
                0x0800ee54       0x7c ./Example/User/CM7/main.o
 .text.SD_Initialize
                0x0800eed0        0xe ./Example/User/CM7/main.o
 *fill*         0x0800eede        0x2 
 .text.LCD_BriefDisplay
                0x0800eee0      0x194 ./Example/User/CM7/main.o
 .text.LCD_FileErrorDisplay
                0x0800f074       0x54 ./Example/User/CM7/main.o
 .text.SystemClock_Config
                0x0800f0c8      0x12c ./Example/User/CM7/main.o
 .text.MPU_Config
                0x0800f1f4       0x82 ./Example/User/CM7/main.o
 *fill*         0x0800f276        0x2 
 .text.CPU_CACHE_Enable
                0x0800f278       0xdc ./Example/User/CM7/main.o
 .text.SD_CheckStatus
                0x0800f354       0x40 ./Example/User/CM7/sd_diskio.o
 .text.SD_initialize
                0x0800f394       0x1c ./Example/User/CM7/sd_diskio.o
                0x0800f394                SD_initialize
 .text.SD_status
                0x0800f3b0       0x1c ./Example/User/CM7/sd_diskio.o
                0x0800f3b0                SD_status
 .text.SD_read  0x0800f3cc       0x42 ./Example/User/CM7/sd_diskio.o
                0x0800f3cc                SD_read
 .text.SD_write
                0x0800f40e       0x42 ./Example/User/CM7/sd_diskio.o
                0x0800f40e                SD_write
 .text.SD_ioctl
                0x0800f450       0xb4 ./Example/User/CM7/sd_diskio.o
                0x0800f450                SD_ioctl
 .text.HAL_JPEG_MspInit
                0x0800f504      0x170 ./Example/User/CM7/stm32h7xx_hal_msp.o
                0x0800f504                HAL_JPEG_MspInit
 .text.NMI_Handler
                0x0800f674        0xe ./Example/User/CM7/stm32h7xx_it.o
                0x0800f674                NMI_Handler
 .text.HardFault_Handler
                0x0800f682        0x8 ./Example/User/CM7/stm32h7xx_it.o
                0x0800f682                HardFault_Handler
 .text.MemManage_Handler
                0x0800f68a        0x8 ./Example/User/CM7/stm32h7xx_it.o
                0x0800f68a                MemManage_Handler
 .text.BusFault_Handler
                0x0800f692        0x8 ./Example/User/CM7/stm32h7xx_it.o
                0x0800f692                BusFault_Handler
 .text.UsageFault_Handler
                0x0800f69a        0x8 ./Example/User/CM7/stm32h7xx_it.o
                0x0800f69a                UsageFault_Handler
 .text.SVC_Handler
                0x0800f6a2        0xe ./Example/User/CM7/stm32h7xx_it.o
                0x0800f6a2                SVC_Handler
 .text.DebugMon_Handler
                0x0800f6b0        0xe ./Example/User/CM7/stm32h7xx_it.o
                0x0800f6b0                DebugMon_Handler
 .text.PendSV_Handler
                0x0800f6be        0xe ./Example/User/CM7/stm32h7xx_it.o
                0x0800f6be                PendSV_Handler
 .text.SysTick_Handler
                0x0800f6cc        0xc ./Example/User/CM7/stm32h7xx_it.o
                0x0800f6cc                SysTick_Handler
 .text.JPEG_IRQHandler
                0x0800f6d8       0x14 ./Example/User/CM7/stm32h7xx_it.o
                0x0800f6d8                JPEG_IRQHandler
 .text.MDMA_IRQHandler
                0x0800f6ec       0x20 ./Example/User/CM7/stm32h7xx_it.o
                0x0800f6ec                MDMA_IRQHandler
 .text._sbrk    0x0800f70c       0x6c ./Example/User/CM7/sysmem.o
                0x0800f70c                _sbrk
 .text.Reset_Handler
                0x0800f778       0x50 ./Example/User/Startup/startup_stm32h747xihx.o
                0x0800f778                Reset_Handler
 .text.Default_Handler
                0x0800f7c8        0x2 ./Example/User/Startup/startup_stm32h747xihx.o
                0x0800f7c8                RTC_Alarm_IRQHandler
                0x0800f7c8                EXTI2_IRQHandler
                0x0800f7c8                TIM8_CC_IRQHandler
                0x0800f7c8                HRTIM1_Master_IRQHandler
                0x0800f7c8                UART8_IRQHandler
                0x0800f7c8                SPI4_IRQHandler
                0x0800f7c8                TIM1_CC_IRQHandler
                0x0800f7c8                BDMA_Channel6_IRQHandler
                0x0800f7c8                DMA2_Stream5_IRQHandler
                0x0800f7c8                HRTIM1_FLT_IRQHandler
                0x0800f7c8                DMA1_Stream5_IRQHandler
                0x0800f7c8                BDMA_Channel1_IRQHandler
                0x0800f7c8                HRTIM1_TIMD_IRQHandler
                0x0800f7c8                TAMP_STAMP_IRQHandler
                0x0800f7c8                EXTI3_IRQHandler
                0x0800f7c8                LPTIM4_IRQHandler
                0x0800f7c8                TIM8_TRG_COM_TIM14_IRQHandler
                0x0800f7c8                LPTIM2_IRQHandler
                0x0800f7c8                DFSDM1_FLT1_IRQHandler
                0x0800f7c8                DMAMUX2_OVR_IRQHandler
                0x0800f7c8                TIM8_UP_TIM13_IRQHandler
                0x0800f7c8                I2C3_ER_IRQHandler
                0x0800f7c8                DFSDM1_FLT2_IRQHandler
                0x0800f7c8                LPTIM3_IRQHandler
                0x0800f7c8                HSEM1_IRQHandler
                0x0800f7c8                EXTI0_IRQHandler
                0x0800f7c8                I2C2_EV_IRQHandler
                0x0800f7c8                DMA1_Stream2_IRQHandler
                0x0800f7c8                FPU_IRQHandler
                0x0800f7c8                OTG_HS_WKUP_IRQHandler
                0x0800f7c8                FDCAN1_IT1_IRQHandler
                0x0800f7c8                LTDC_ER_IRQHandler
                0x0800f7c8                DMA2_Stream2_IRQHandler
                0x0800f7c8                HRTIM1_TIME_IRQHandler
                0x0800f7c8                SPI1_IRQHandler
                0x0800f7c8                TIM6_DAC_IRQHandler
                0x0800f7c8                DCMI_IRQHandler
                0x0800f7c8                HRTIM1_TIMC_IRQHandler
                0x0800f7c8                DMA2_Stream3_IRQHandler
                0x0800f7c8                SAI2_IRQHandler
                0x0800f7c8                DFSDM1_FLT3_IRQHandler
                0x0800f7c8                USART6_IRQHandler
                0x0800f7c8                TIM17_IRQHandler
                0x0800f7c8                USART3_IRQHandler
                0x0800f7c8                BDMA_Channel7_IRQHandler
                0x0800f7c8                LPTIM5_IRQHandler
                0x0800f7c8                UART5_IRQHandler
                0x0800f7c8                ADC3_IRQHandler
                0x0800f7c8                DMA2_Stream0_IRQHandler
                0x0800f7c8                TIM4_IRQHandler
                0x0800f7c8                BDMA_Channel2_IRQHandler
                0x0800f7c8                QUADSPI_IRQHandler
                0x0800f7c8                I2C1_EV_IRQHandler
                0x0800f7c8                DMA1_Stream6_IRQHandler
                0x0800f7c8                DMAMUX1_OVR_IRQHandler
                0x0800f7c8                DMA1_Stream1_IRQHandler
                0x0800f7c8                TIM16_IRQHandler
                0x0800f7c8                UART4_IRQHandler
                0x0800f7c8                BDMA_Channel5_IRQHandler
                0x0800f7c8                TIM3_IRQHandler
                0x0800f7c8                RCC_IRQHandler
                0x0800f7c8                TIM8_BRK_TIM12_IRQHandler
                0x0800f7c8                TIM1_TRG_COM_IRQHandler
                0x0800f7c8                Default_Handler
                0x0800f7c8                ECC_IRQHandler
                0x0800f7c8                CEC_IRQHandler
                0x0800f7c8                EXTI15_10_IRQHandler
                0x0800f7c8                BDMA_Channel0_IRQHandler
                0x0800f7c8                ADC_IRQHandler
                0x0800f7c8                DMA1_Stream7_IRQHandler
                0x0800f7c8                HRTIM1_TIMA_IRQHandler
                0x0800f7c8                SPI5_IRQHandler
                0x0800f7c8                TIM7_IRQHandler
                0x0800f7c8                SDMMC1_IRQHandler
                0x0800f7c8                TIM5_IRQHandler
                0x0800f7c8                DMA2_Stream7_IRQHandler
                0x0800f7c8                TIM15_IRQHandler
                0x0800f7c8                PVD_AVD_IRQHandler
                0x0800f7c8                I2C3_EV_IRQHandler
                0x0800f7c8                EXTI9_5_IRQHandler
                0x0800f7c8                RTC_WKUP_IRQHandler
                0x0800f7c8                LTDC_IRQHandler
                0x0800f7c8                SAI3_IRQHandler
                0x0800f7c8                ETH_WKUP_IRQHandler
                0x0800f7c8                SPDIF_RX_IRQHandler
                0x0800f7c8                SPI2_IRQHandler
                0x0800f7c8                OTG_HS_EP1_IN_IRQHandler
                0x0800f7c8                DMA1_Stream0_IRQHandler
                0x0800f7c8                CRS_IRQHandler
                0x0800f7c8                CM7_SEV_IRQHandler
                0x0800f7c8                EXTI4_IRQHandler
                0x0800f7c8                RNG_IRQHandler
                0x0800f7c8                CM4_SEV_IRQHandler
                0x0800f7c8                HRTIM1_TIMB_IRQHandler
                0x0800f7c8                FDCAN2_IT1_IRQHandler
                0x0800f7c8                DSI_IRQHandler
                0x0800f7c8                ETH_IRQHandler
                0x0800f7c8                TIM1_UP_IRQHandler
                0x0800f7c8                WWDG_RST_IRQHandler
                0x0800f7c8                BDMA_Channel4_IRQHandler
                0x0800f7c8                OTG_HS_EP1_OUT_IRQHandler
                0x0800f7c8                WWDG_IRQHandler
                0x0800f7c8                SPI6_IRQHandler
                0x0800f7c8                MDIOS_IRQHandler
                0x0800f7c8                I2C4_EV_IRQHandler
                0x0800f7c8                FDCAN2_IT0_IRQHandler
                0x0800f7c8                LPUART1_IRQHandler
                0x0800f7c8                FDCAN1_IT0_IRQHandler
                0x0800f7c8                TIM2_IRQHandler
                0x0800f7c8                OTG_FS_WKUP_IRQHandler
                0x0800f7c8                OTG_HS_IRQHandler
                0x0800f7c8                HSEM2_IRQHandler
                0x0800f7c8                DMA2D_IRQHandler
                0x0800f7c8                TIM1_BRK_IRQHandler
                0x0800f7c8                EXTI1_IRQHandler
                0x0800f7c8                SDMMC2_IRQHandler
                0x0800f7c8                OTG_FS_EP1_OUT_IRQHandler
                0x0800f7c8                BDMA_Channel3_IRQHandler
                0x0800f7c8                HOLD_CORE_IRQHandler
                0x0800f7c8                UART7_IRQHandler
                0x0800f7c8                MDIOS_WKUP_IRQHandler
                0x0800f7c8                USART2_IRQHandler
                0x0800f7c8                DFSDM1_FLT0_IRQHandler
                0x0800f7c8                SAI4_IRQHandler
                0x0800f7c8                I2C2_ER_IRQHandler
                0x0800f7c8                DMA2_Stream1_IRQHandler
                0x0800f7c8                FLASH_IRQHandler
                0x0800f7c8                DMA2_Stream4_IRQHandler
                0x0800f7c8                USART1_IRQHandler
                0x0800f7c8                OTG_FS_IRQHandler
                0x0800f7c8                SPI3_IRQHandler
                0x0800f7c8                WAKEUP_PIN_IRQHandler
                0x0800f7c8                DMA1_Stream4_IRQHandler
                0x0800f7c8                OTG_FS_EP1_IN_IRQHandler
                0x0800f7c8                I2C1_ER_IRQHandler
                0x0800f7c8                FMC_IRQHandler
                0x0800f7c8                FDCAN_CAL_IRQHandler
                0x0800f7c8                SWPMI1_IRQHandler
                0x0800f7c8                COMP1_IRQHandler
                0x0800f7c8                LPTIM1_IRQHandler
                0x0800f7c8                I2C4_ER_IRQHandler
                0x0800f7c8                DMA2_Stream6_IRQHandler
                0x0800f7c8                SAI1_IRQHandler
                0x0800f7c8                DMA1_Stream3_IRQHandler
 *fill*         0x0800f7ca        0x2 
 .text.disk_status
                0x0800f7cc       0x34 ./Middlewares/FatFs/Core/diskio.o
                0x0800f7cc                disk_status
 .text.disk_initialize
                0x0800f800       0x50 ./Middlewares/FatFs/Core/diskio.o
                0x0800f800                disk_initialize
 .text.disk_read
                0x0800f850       0x40 ./Middlewares/FatFs/Core/diskio.o
                0x0800f850                disk_read
 .text.disk_write
                0x0800f890       0x40 ./Middlewares/FatFs/Core/diskio.o
                0x0800f890                disk_write
 .text.disk_ioctl
                0x0800f8d0       0x3c ./Middlewares/FatFs/Core/diskio.o
                0x0800f8d0                disk_ioctl
 .text.get_fattime
                0x0800f90c       0x10 ./Middlewares/FatFs/Core/diskio.o
                0x0800f90c                get_fattime
 .text.ld_word  0x0800f91c       0x30 ./Middlewares/FatFs/Core/ff.o
 .text.ld_dword
                0x0800f94c       0x46 ./Middlewares/FatFs/Core/ff.o
 .text.st_word  0x0800f992       0x36 ./Middlewares/FatFs/Core/ff.o
 .text.st_dword
                0x0800f9c8       0x58 ./Middlewares/FatFs/Core/ff.o
 .text.mem_cpy  0x0800fa20       0x42 ./Middlewares/FatFs/Core/ff.o
 .text.mem_set  0x0800fa62       0x36 ./Middlewares/FatFs/Core/ff.o
 .text.mem_cmp  0x0800fa98       0x4e ./Middlewares/FatFs/Core/ff.o
 .text.chk_chr  0x0800fae6       0x36 ./Middlewares/FatFs/Core/ff.o
 .text.chk_lock
                0x0800fb1c       0xb8 ./Middlewares/FatFs/Core/ff.o
 .text.enq_lock
                0x0800fbd4       0x44 ./Middlewares/FatFs/Core/ff.o
 .text.inc_lock
                0x0800fc18      0x11c ./Middlewares/FatFs/Core/ff.o
 .text.dec_lock
                0x0800fd34       0x78 ./Middlewares/FatFs/Core/ff.o
 .text.clear_lock
                0x0800fdac       0x48 ./Middlewares/FatFs/Core/ff.o
 .text.sync_window
                0x0800fdf4       0x88 ./Middlewares/FatFs/Core/ff.o
 .text.move_window
                0x0800fe7c       0x5a ./Middlewares/FatFs/Core/ff.o
 *fill*         0x0800fed6        0x2 
 .text.sync_fs  0x0800fed8       0xdc ./Middlewares/FatFs/Core/ff.o
 .text.clust2sect
                0x0800ffb4       0x3e ./Middlewares/FatFs/Core/ff.o
 .text.get_fat  0x0800fff2      0x14e ./Middlewares/FatFs/Core/ff.o
 .text.put_fat  0x08010140      0x1d4 ./Middlewares/FatFs/Core/ff.o
 .text.remove_chain
                0x08010314       0xca ./Middlewares/FatFs/Core/ff.o
 .text.create_chain
                0x080103de      0x130 ./Middlewares/FatFs/Core/ff.o
 .text.clmt_clust
                0x0801050e       0x68 ./Middlewares/FatFs/Core/ff.o
 .text.dir_sdi  0x08010576       0xf6 ./Middlewares/FatFs/Core/ff.o
 .text.dir_next
                0x0801066c      0x18a ./Middlewares/FatFs/Core/ff.o
 .text.dir_alloc
                0x080107f6       0x8e ./Middlewares/FatFs/Core/ff.o
 .text.ld_clust
                0x08010884       0x3e ./Middlewares/FatFs/Core/ff.o
 .text.st_clust
                0x080108c2       0x40 ./Middlewares/FatFs/Core/ff.o
 *fill*         0x08010902        0x2 
 .text.cmp_lfn  0x08010904       0xe0 ./Middlewares/FatFs/Core/ff.o
 .text.put_lfn  0x080109e4       0xd0 ./Middlewares/FatFs/Core/ff.o
 .text.gen_numname
                0x08010ab4      0x11c ./Middlewares/FatFs/Core/ff.o
 .text.sum_sfn  0x08010bd0       0x42 ./Middlewares/FatFs/Core/ff.o
 .text.dir_find
                0x08010c12      0x180 ./Middlewares/FatFs/Core/ff.o
 *fill*         0x08010d92        0x2 
 .text.dir_register
                0x08010d94      0x1f0 ./Middlewares/FatFs/Core/ff.o
 .text.create_name
                0x08010f84      0x370 ./Middlewares/FatFs/Core/ff.o
 .text.follow_path
                0x080112f4       0xe2 ./Middlewares/FatFs/Core/ff.o
 .text.get_ldnumber
                0x080113d6       0x88 ./Middlewares/FatFs/Core/ff.o
 *fill*         0x0801145e        0x2 
 .text.check_fs
                0x08011460       0xac ./Middlewares/FatFs/Core/ff.o
 .text.find_volume
                0x0801150c      0x498 ./Middlewares/FatFs/Core/ff.o
 .text.validate
                0x080119a4       0x6a ./Middlewares/FatFs/Core/ff.o
 *fill*         0x08011a0e        0x2 
 .text.f_mount  0x08011a10       0x8c ./Middlewares/FatFs/Core/ff.o
                0x08011a10                f_mount
 .text.f_open   0x08011a9c      0x394 ./Middlewares/FatFs/Core/ff.o
                0x08011a9c                f_open
 .text.f_read   0x08011e30      0x27e ./Middlewares/FatFs/Core/ff.o
                0x08011e30                f_read
 .text.f_sync   0x080120ae       0xfc ./Middlewares/FatFs/Core/ff.o
                0x080120ae                f_sync
 .text.f_close  0x080121aa       0x54 ./Middlewares/FatFs/Core/ff.o
                0x080121aa                f_close
 .text.f_lseek  0x080121fe      0x412 ./Middlewares/FatFs/Core/ff.o
                0x080121fe                f_lseek
 .text.FATFS_LinkDriverEx
                0x08012610       0x98 ./Middlewares/FatFs/Core/ff_gen_drv.o
                0x08012610                FATFS_LinkDriverEx
 .text.FATFS_LinkDriver
                0x080126a8       0x1e ./Middlewares/FatFs/Core/ff_gen_drv.o
                0x080126a8                FATFS_LinkDriver
 .text.ff_memalloc
                0x080126c6       0x18 ./Middlewares/FatFs/Options/syscall.o
                0x080126c6                ff_memalloc
 .text.ff_memfree
                0x080126de       0x16 ./Middlewares/FatFs/Options/syscall.o
                0x080126de                ff_memfree
 .text.ff_convert
                0x080126f4       0x78 ./Middlewares/FatFs/Options/unicode.o
                0x080126f4                ff_convert
 .text.ff_wtoupper
                0x0801276c      0x114 ./Middlewares/FatFs/Options/unicode.o
                0x0801276c                ff_wtoupper
 .text.UTIL_LCD_SetFuncDriver
                0x08012880       0xac ./Utilities/stm32_lcd.o
                0x08012880                UTIL_LCD_SetFuncDriver
 .text.UTIL_LCD_SetLayer
                0x0801292c       0x3c ./Utilities/stm32_lcd.o
                0x0801292c                UTIL_LCD_SetLayer
 .text.UTIL_LCD_SetTextColor
                0x08012968       0x28 ./Utilities/stm32_lcd.o
                0x08012968                UTIL_LCD_SetTextColor
 .text.UTIL_LCD_SetBackColor
                0x08012990       0x28 ./Utilities/stm32_lcd.o
                0x08012990                UTIL_LCD_SetBackColor
 .text.UTIL_LCD_SetFont
                0x080129b8       0x28 ./Utilities/stm32_lcd.o
                0x080129b8                UTIL_LCD_SetFont
 .text.UTIL_LCD_GetFont
                0x080129e0       0x20 ./Utilities/stm32_lcd.o
                0x080129e0                UTIL_LCD_GetFont
 .text.UTIL_LCD_FillRGBRect
                0x08012a00       0x38 ./Utilities/stm32_lcd.o
                0x08012a00                UTIL_LCD_FillRGBRect
 .text.UTIL_LCD_Clear
                0x08012a38       0x2c ./Utilities/stm32_lcd.o
                0x08012a38                UTIL_LCD_Clear
 .text.UTIL_LCD_DisplayChar
                0x08012a64       0x6c ./Utilities/stm32_lcd.o
                0x08012a64                UTIL_LCD_DisplayChar
 .text.UTIL_LCD_DisplayStringAt
                0x08012ad0      0x15c ./Utilities/stm32_lcd.o
                0x08012ad0                UTIL_LCD_DisplayStringAt
 .text.UTIL_LCD_DisplayStringAtLine
                0x08012c2c       0x2c ./Utilities/stm32_lcd.o
                0x08012c2c                UTIL_LCD_DisplayStringAtLine
 .text.UTIL_LCD_FillRect
                0x08012c58       0x74 ./Utilities/stm32_lcd.o
                0x08012c58                UTIL_LCD_FillRect
 .text.DrawChar
                0x08012ccc      0x2b4 ./Utilities/stm32_lcd.o
 .text.malloc   0x08012f80       0x10 C:/ST/STM32CubeIDE_1.16.0/STM32CubeIDE/plugins/com.st.stm32cube.ide.mcu.externaltools.gnu-tools-for-stm32.12.3.rel1.win32_1.0.200.202406191623/tools/bin/../lib/gcc/arm-none-eabi/12.3.1/../../../../arm-none-eabi/lib/thumb/v7e-m+dp/hard\libc_nano.a(libc_a-malloc.o)
                0x08012f80                malloc
 .text.free     0x08012f90       0x10 C:/ST/STM32CubeIDE_1.16.0/STM32CubeIDE/plugins/com.st.stm32cube.ide.mcu.externaltools.gnu-tools-for-stm32.12.3.rel1.win32_1.0.200.202406191623/tools/bin/../lib/gcc/arm-none-eabi/12.3.1/../../../../arm-none-eabi/lib/thumb/v7e-m+dp/hard\libc_nano.a(libc_a-malloc.o)
                0x08012f90                free
 .text.sbrk_aligned
                0x08012fa0       0x44 C:/ST/STM32CubeIDE_1.16.0/STM32CubeIDE/plugins/com.st.stm32cube.ide.mcu.externaltools.gnu-tools-for-stm32.12.3.rel1.win32_1.0.200.202406191623/tools/bin/../lib/gcc/arm-none-eabi/12.3.1/../../../../arm-none-eabi/lib/thumb/v7e-m+dp/hard\libc_nano.a(libc_a-mallocr.o)
 .text._malloc_r
                0x08012fe4      0x100 C:/ST/STM32CubeIDE_1.16.0/STM32CubeIDE/plugins/com.st.stm32cube.ide.mcu.externaltools.gnu-tools-for-stm32.12.3.rel1.win32_1.0.200.202406191623/tools/bin/../lib/gcc/arm-none-eabi/12.3.1/../../../../arm-none-eabi/lib/thumb/v7e-m+dp/hard\libc_nano.a(libc_a-mallocr.o)
                0x08012fe4                _malloc_r
 .text.__malloc_lock
                0x080130e4        0xc C:/ST/STM32CubeIDE_1.16.0/STM32CubeIDE/plugins/com.st.stm32cube.ide.mcu.externaltools.gnu-tools-for-stm32.12.3.rel1.win32_1.0.200.202406191623/tools/bin/../lib/gcc/arm-none-eabi/12.3.1/../../../../arm-none-eabi/lib/thumb/v7e-m+dp/hard\libc_nano.a(libc_a-mlock.o)
                0x080130e4                __malloc_lock
 .text.__malloc_unlock
                0x080130f0        0xc C:/ST/STM32CubeIDE_1.16.0/STM32CubeIDE/plugins/com.st.stm32cube.ide.mcu.externaltools.gnu-tools-for-stm32.12.3.rel1.win32_1.0.200.202406191623/tools/bin/../lib/gcc/arm-none-eabi/12.3.1/../../../../arm-none-eabi/lib/thumb/v7e-m+dp/hard\libc_nano.a(libc_a-mlock.o)
                0x080130f0                __malloc_unlock
 .text.sprintf  0x080130fc       0x40 C:/ST/STM32CubeIDE_1.16.0/STM32CubeIDE/plugins/com.st.stm32cube.ide.mcu.externaltools.gnu-tools-for-stm32.12.3.rel1.win32_1.0.200.202406191623/tools/bin/../lib/gcc/arm-none-eabi/12.3.1/../../../../arm-none-eabi/lib/thumb/v7e-m+dp/hard\libc_nano.a(libc_a-sprintf.o)
                0x080130fc                siprintf
                0x080130fc                sprintf
 .text.memset   0x0801313c       0x10 C:/ST/STM32CubeIDE_1.16.0/STM32CubeIDE/plugins/com.st.stm32cube.ide.mcu.externaltools.gnu-tools-for-stm32.12.3.rel1.win32_1.0.200.202406191623/tools/bin/../lib/gcc/arm-none-eabi/12.3.1/../../../../arm-none-eabi/lib/thumb/v7e-m+dp/hard\libc_nano.a(libc_a-memset.o)
                0x0801313c                memset
 .text._sbrk_r  0x0801314c       0x20 C:/ST/STM32CubeIDE_1.16.0/STM32CubeIDE/plugins/com.st.stm32cube.ide.mcu.externaltools.gnu-tools-for-stm32.12.3.rel1.win32_1.0.200.202406191623/tools/bin/../lib/gcc/arm-none-eabi/12.3.1/../../../../arm-none-eabi/lib/thumb/v7e-m+dp/hard\libc_nano.a(libc_a-sbrkr.o)
                0x0801314c                _sbrk_r
 .text.__errno  0x0801316c        0xc C:/ST/STM32CubeIDE_1.16.0/STM32CubeIDE/plugins/com.st.stm32cube.ide.mcu.externaltools.gnu-tools-for-stm32.12.3.rel1.win32_1.0.200.202406191623/tools/bin/../lib/gcc/arm-none-eabi/12.3.1/../../../../arm-none-eabi/lib/thumb/v7e-m+dp/hard\libc_nano.a(libc_a-errno.o)
                0x0801316c                __errno
 .text.__libc_init_array
                0x08013178       0x48 C:/ST/STM32CubeIDE_1.16.0/STM32CubeIDE/plugins/com.st.stm32cube.ide.mcu.externaltools.gnu-tools-for-stm32.12.3.rel1.win32_1.0.200.202406191623/tools/bin/../lib/gcc/arm-none-eabi/12.3.1/../../../../arm-none-eabi/lib/thumb/v7e-m+dp/hard\libc_nano.a(libc_a-init.o)
                0x08013178                __libc_init_array
 .text.__retarget_lock_acquire_recursive
                0x080131c0        0x2 C:/ST/STM32CubeIDE_1.16.0/STM32CubeIDE/plugins/com.st.stm32cube.ide.mcu.externaltools.gnu-tools-for-stm32.12.3.rel1.win32_1.0.200.202406191623/tools/bin/../lib/gcc/arm-none-eabi/12.3.1/../../../../arm-none-eabi/lib/thumb/v7e-m+dp/hard\libc_nano.a(libc_a-lock.o)
                0x080131c0                __retarget_lock_acquire_recursive
 .text.__retarget_lock_release_recursive
                0x080131c2        0x2 C:/ST/STM32CubeIDE_1.16.0/STM32CubeIDE/plugins/com.st.stm32cube.ide.mcu.externaltools.gnu-tools-for-stm32.12.3.rel1.win32_1.0.200.202406191623/tools/bin/../lib/gcc/arm-none-eabi/12.3.1/../../../../arm-none-eabi/lib/thumb/v7e-m+dp/hard\libc_nano.a(libc_a-lock.o)
                0x080131c2                __retarget_lock_release_recursive
 .text._free_r  0x080131c4       0x94 C:/ST/STM32CubeIDE_1.16.0/STM32CubeIDE/plugins/com.st.stm32cube.ide.mcu.externaltools.gnu-tools-for-stm32.12.3.rel1.win32_1.0.200.202406191623/tools/bin/../lib/gcc/arm-none-eabi/12.3.1/../../../../arm-none-eabi/lib/thumb/v7e-m+dp/hard\libc_nano.a(libc_a-freer.o)
                0x080131c4                _free_r
 .text.__ssputs_r
                0x08013258       0xb6 C:/ST/STM32CubeIDE_1.16.0/STM32CubeIDE/plugins/com.st.stm32cube.ide.mcu.externaltools.gnu-tools-for-stm32.12.3.rel1.win32_1.0.200.202406191623/tools/bin/../lib/gcc/arm-none-eabi/12.3.1/../../../../arm-none-eabi/lib/thumb/v7e-m+dp/hard\libc_nano.a(libc_a-nano-svfprintf.o)
                0x08013258                __ssputs_r
 *fill*         0x0801330e        0x2 
 .text._svfprintf_r
                0x08013310      0x1f8 C:/ST/STM32CubeIDE_1.16.0/STM32CubeIDE/plugins/com.st.stm32cube.ide.mcu.externaltools.gnu-tools-for-stm32.12.3.rel1.win32_1.0.200.202406191623/tools/bin/../lib/gcc/arm-none-eabi/12.3.1/../../../../arm-none-eabi/lib/thumb/v7e-m+dp/hard\libc_nano.a(libc_a-nano-svfprintf.o)
                0x08013310                _svfiprintf_r
                0x08013310                _svfprintf_r
 .text._printf_common
                0x08013508       0xda C:/ST/STM32CubeIDE_1.16.0/STM32CubeIDE/plugins/com.st.stm32cube.ide.mcu.externaltools.gnu-tools-for-stm32.12.3.rel1.win32_1.0.200.202406191623/tools/bin/../lib/gcc/arm-none-eabi/12.3.1/../../../../arm-none-eabi/lib/thumb/v7e-m+dp/hard\libc_nano.a(libc_a-nano-vfprintf_i.o)
                0x08013508                _printf_common
 *fill*         0x080135e2        0x2 
 .text._printf_i
                0x080135e4      0x240 C:/ST/STM32CubeIDE_1.16.0/STM32CubeIDE/plugins/com.st.stm32cube.ide.mcu.externaltools.gnu-tools-for-stm32.12.3.rel1.win32_1.0.200.202406191623/tools/bin/../lib/gcc/arm-none-eabi/12.3.1/../../../../arm-none-eabi/lib/thumb/v7e-m+dp/hard\libc_nano.a(libc_a-nano-vfprintf_i.o)
                0x080135e4                _printf_i
 .text.memmove  0x08013824       0x34 C:/ST/STM32CubeIDE_1.16.0/STM32CubeIDE/plugins/com.st.stm32cube.ide.mcu.externaltools.gnu-tools-for-stm32.12.3.rel1.win32_1.0.200.202406191623/tools/bin/../lib/gcc/arm-none-eabi/12.3.1/../../../../arm-none-eabi/lib/thumb/v7e-m+dp/hard\libc_nano.a(libc_a-memmove.o)
                0x08013824                memmove
 .text.memcpy   0x08013858       0x1c C:/ST/STM32CubeIDE_1.16.0/STM32CubeIDE/plugins/com.st.stm32cube.ide.mcu.externaltools.gnu-tools-for-stm32.12.3.rel1.win32_1.0.200.202406191623/tools/bin/../lib/gcc/arm-none-eabi/12.3.1/../../../../arm-none-eabi/lib/thumb/v7e-m+dp/hard\libc_nano.a(libc_a-memcpy-stub.o)
                0x08013858                memcpy
 .text._realloc_r
                0x08013874       0x5c C:/ST/STM32CubeIDE_1.16.0/STM32CubeIDE/plugins/com.st.stm32cube.ide.mcu.externaltools.gnu-tools-for-stm32.12.3.rel1.win32_1.0.200.202406191623/tools/bin/../lib/gcc/arm-none-eabi/12.3.1/../../../../arm-none-eabi/lib/thumb/v7e-m+dp/hard\libc_nano.a(libc_a-reallocr.o)
                0x08013874                _realloc_r
 .text._malloc_usable_size_r
                0x080138d0       0x10 C:/ST/STM32CubeIDE_1.16.0/STM32CubeIDE/plugins/com.st.stm32cube.ide.mcu.externaltools.gnu-tools-for-stm32.12.3.rel1.win32_1.0.200.202406191623/tools/bin/../lib/gcc/arm-none-eabi/12.3.1/../../../../arm-none-eabi/lib/thumb/v7e-m+dp/hard\libc_nano.a(libc_a-msizer.o)
                0x080138d0                _malloc_usable_size_r
 *(.glue_7)
 .glue_7        0x080138e0        0x0 linker stubs
 *(.glue_7t)
 .glue_7t       0x080138e0        0x0 linker stubs
 *(.eh_frame)
 .eh_frame      0x080138e0        0x0 C:/ST/STM32CubeIDE_1.16.0/STM32CubeIDE/plugins/com.st.stm32cube.ide.mcu.externaltools.gnu-tools-for-stm32.12.3.rel1.win32_1.0.200.202406191623/tools/bin/../lib/gcc/arm-none-eabi/12.3.1/thumb/v7e-m+dp/hard/crtbegin.o
 *(.init)
 .init          0x080138e0        0x4 C:/ST/STM32CubeIDE_1.16.0/STM32CubeIDE/plugins/com.st.stm32cube.ide.mcu.externaltools.gnu-tools-for-stm32.12.3.rel1.win32_1.0.200.202406191623/tools/bin/../lib/gcc/arm-none-eabi/12.3.1/thumb/v7e-m+dp/hard/crti.o
                0x080138e0                _init
 .init          0x080138e4        0x8 C:/ST/STM32CubeIDE_1.16.0/STM32CubeIDE/plugins/com.st.stm32cube.ide.mcu.externaltools.gnu-tools-for-stm32.12.3.rel1.win32_1.0.200.202406191623/tools/bin/../lib/gcc/arm-none-eabi/12.3.1/thumb/v7e-m+dp/hard/crtn.o
 *(.fini)
 .fini          0x080138ec        0x4 C:/ST/STM32CubeIDE_1.16.0/STM32CubeIDE/plugins/com.st.stm32cube.ide.mcu.externaltools.gnu-tools-for-stm32.12.3.rel1.win32_1.0.200.202406191623/tools/bin/../lib/gcc/arm-none-eabi/12.3.1/thumb/v7e-m+dp/hard/crti.o
                0x080138ec                _fini
 .fini          0x080138f0        0x8 C:/ST/STM32CubeIDE_1.16.0/STM32CubeIDE/plugins/com.st.stm32cube.ide.mcu.externaltools.gnu-tools-for-stm32.12.3.rel1.win32_1.0.200.202406191623/tools/bin/../lib/gcc/arm-none-eabi/12.3.1/thumb/v7e-m+dp/hard/crtn.o
                0x080138f8                        . = ALIGN (0x4)
                0x080138f8                        _etext = .

.vfp11_veneer   0x080138f8        0x0
 .vfp11_veneer  0x080138f8        0x0 linker stubs

.v4_bx          0x080138f8        0x0
 .v4_bx         0x080138f8        0x0 linker stubs

.iplt           0x080138f8        0x0
 .iplt          0x080138f8        0x0 C:/ST/STM32CubeIDE_1.16.0/STM32CubeIDE/plugins/com.st.stm32cube.ide.mcu.externaltools.gnu-tools-for-stm32.12.3.rel1.win32_1.0.200.202406191623/tools/bin/../lib/gcc/arm-none-eabi/12.3.1/thumb/v7e-m+dp/hard/crtbegin.o

.rodata         0x080138f8     0x32a0
                0x080138f8                        . = ALIGN (0x4)
 *(.rodata)
 .rodata        0x080138f8       0x25 ./Example/User/CM7/AVI_parser.o
 *fill*         0x0801391d        0x3 
 .rodata        0x08013920      0x242 ./Example/User/CM7/main.o
 *fill*         0x08013b62        0x2 
 .rodata        0x08013b64       0x48 ./Middlewares/FatFs/Core/ff.o
 *(.rodata*)
 .rodata.nt35510_madctl_portrait
                0x08013bac        0x2 ./Drivers/BSP/Components/nt35510.o
 *fill*         0x08013bae        0x2 
 .rodata.nt35510_caset_portrait
                0x08013bb0        0x5 ./Drivers/BSP/Components/nt35510.o
 *fill*         0x08013bb5        0x3 
 .rodata.nt35510_raset_portrait
                0x08013bb8        0x5 ./Drivers/BSP/Components/nt35510.o
 *fill*         0x08013bbd        0x3 
 .rodata.nt35510_madctl_landscape
                0x08013bc0        0x2 ./Drivers/BSP/Components/nt35510.o
 *fill*         0x08013bc2        0x2 
 .rodata.nt35510_caset_landscape
                0x08013bc4        0x5 ./Drivers/BSP/Components/nt35510.o
 *fill*         0x08013bc9        0x3 
 .rodata.nt35510_raset_landscape
                0x08013bcc        0x5 ./Drivers/BSP/Components/nt35510.o
 *fill*         0x08013bd1        0x3 
 .rodata.nt35510_reg.32
                0x08013bd4        0x5 ./Drivers/BSP/Components/nt35510.o
 *fill*         0x08013bd9        0x3 
 .rodata.nt35510_reg1.31
                0x08013bdc        0x3 ./Drivers/BSP/Components/nt35510.o
 *fill*         0x08013bdf        0x1 
 .rodata.nt35510_reg2.30
                0x08013be0        0x3 ./Drivers/BSP/Components/nt35510.o
 *fill*         0x08013be3        0x1 
 .rodata.nt35510_reg3.29
                0x08013be4        0x3 ./Drivers/BSP/Components/nt35510.o
 *fill*         0x08013be7        0x1 
 .rodata.nt35510_reg4.28
                0x08013be8        0x3 ./Drivers/BSP/Components/nt35510.o
 *fill*         0x08013beb        0x1 
 .rodata.nt35510_reg5.27
                0x08013bec        0x3 ./Drivers/BSP/Components/nt35510.o
 *fill*         0x08013bef        0x1 
 .rodata.nt35510_reg6.26
                0x08013bf0        0x3 ./Drivers/BSP/Components/nt35510.o
 *fill*         0x08013bf3        0x1 
 .rodata.nt35510_reg7.25
                0x08013bf4        0x2 ./Drivers/BSP/Components/nt35510.o
 *fill*         0x08013bf6        0x2 
 .rodata.nt35510_reg8.24
                0x08013bf8        0x3 ./Drivers/BSP/Components/nt35510.o
 *fill*         0x08013bfb        0x1 
 .rodata.nt35510_reg9.23
                0x08013bfc        0x3 ./Drivers/BSP/Components/nt35510.o
 *fill*         0x08013bff        0x1 
 .rodata.nt35510_reg10.22
                0x08013c00        0x3 ./Drivers/BSP/Components/nt35510.o
 *fill*         0x08013c03        0x1 
 .rodata.nt35510_reg12.21
                0x08013c04        0x3 ./Drivers/BSP/Components/nt35510.o
 *fill*         0x08013c07        0x1 
 .rodata.nt35510_reg13.20
                0x08013c08        0x3 ./Drivers/BSP/Components/nt35510.o
 *fill*         0x08013c0b        0x1 
 .rodata.nt35510_reg14.19
                0x08013c0c        0x3 ./Drivers/BSP/Components/nt35510.o
 *fill*         0x08013c0f        0x1 
 .rodata.nt35510_reg15.18
                0x08013c10        0x2 ./Drivers/BSP/Components/nt35510.o
 *fill*         0x08013c12        0x2 
 .rodata.nt35510_reg16.17
                0x08013c14        0x5 ./Drivers/BSP/Components/nt35510.o
 *fill*         0x08013c19        0x3 
 .rodata.nt35510_reg17.16
                0x08013c1c        0x2 ./Drivers/BSP/Components/nt35510.o
 *fill*         0x08013c1e        0x2 
 .rodata.nt35510_reg18.15
                0x08013c20        0x2 ./Drivers/BSP/Components/nt35510.o
 *fill*         0x08013c22        0x2 
 .rodata.nt35510_reg19.14
                0x08013c24        0x2 ./Drivers/BSP/Components/nt35510.o
 *fill*         0x08013c26        0x2 
 .rodata.nt35510_reg20.13
                0x08013c28        0x2 ./Drivers/BSP/Components/nt35510.o
 *fill*         0x08013c2a        0x2 
 .rodata.nt35510_reg21.12
                0x08013c2c        0x4 ./Drivers/BSP/Components/nt35510.o
 .rodata.nt35510_reg22.11
                0x08013c30        0x3 ./Drivers/BSP/Components/nt35510.o
 *fill*         0x08013c33        0x1 
 .rodata.nt35510_reg23.10
                0x08013c34        0x3 ./Drivers/BSP/Components/nt35510.o
 *fill*         0x08013c37        0x1 
 .rodata.nt35510_reg24.9
                0x08013c38        0x2 ./Drivers/BSP/Components/nt35510.o
 *fill*         0x08013c3a        0x2 
 .rodata.nt35510_reg27.8
                0x08013c3c        0x2 ./Drivers/BSP/Components/nt35510.o
 *fill*         0x08013c3e        0x2 
 .rodata.nt35510_reg36.7
                0x08013c40        0x2 ./Drivers/BSP/Components/nt35510.o
 *fill*         0x08013c42        0x2 
 .rodata.nt35510_reg37.6
                0x08013c44        0x2 ./Drivers/BSP/Components/nt35510.o
 *fill*         0x08013c46        0x2 
 .rodata.nt35510_reg31.5
                0x08013c48        0x2 ./Drivers/BSP/Components/nt35510.o
 *fill*         0x08013c4a        0x2 
 .rodata.nt35510_reg32.4
                0x08013c4c        0x2 ./Drivers/BSP/Components/nt35510.o
 *fill*         0x08013c4e        0x2 
 .rodata.nt35510_reg33.3
                0x08013c50        0x2 ./Drivers/BSP/Components/nt35510.o
 *fill*         0x08013c52        0x2 
 .rodata.nt35510_reg34.2
                0x08013c54        0x2 ./Drivers/BSP/Components/nt35510.o
 *fill*         0x08013c56        0x2 
 .rodata.nt35510_reg30.1
                0x08013c58        0x2 ./Drivers/BSP/Components/nt35510.o
 *fill*         0x08013c5a        0x2 
 .rodata.nt35510_reg35.0
                0x08013c5c        0x2 ./Drivers/BSP/Components/nt35510.o
 *fill*         0x08013c5e        0x2 
 .rodata.LcdRegData27
                0x08013c60        0x4 ./Drivers/BSP/Components/otm8009a.o
 .rodata.LcdRegData28
                0x08013c64        0x4 ./Drivers/BSP/Components/otm8009a.o
 .rodata.short_reg_data.25
                0x08013c68       0x33 ./Drivers/BSP/Components/otm8009a.o
 *fill*         0x08013c9b        0x1 
 .rodata.lcd_reg_data1.24
                0x08013c9c        0x3 ./Drivers/BSP/Components/otm8009a.o
 *fill*         0x08013c9f        0x1 
 .rodata.lcd_reg_data2.23
                0x08013ca0        0x2 ./Drivers/BSP/Components/otm8009a.o
 *fill*         0x08013ca2        0x2 
 .rodata.lcd_reg_data5.22
                0x08013ca4        0x2 ./Drivers/BSP/Components/otm8009a.o
 *fill*         0x08013ca6        0x2 
 .rodata.lcd_reg_data6.21
                0x08013ca8        0x2 ./Drivers/BSP/Components/otm8009a.o
 *fill*         0x08013caa        0x2 
 .rodata.lcd_reg_data7.20
                0x08013cac        0x6 ./Drivers/BSP/Components/otm8009a.o
 *fill*         0x08013cb2        0x2 
 .rodata.lcd_reg_data8.19
                0x08013cb4        0xe ./Drivers/BSP/Components/otm8009a.o
 *fill*         0x08013cc2        0x2 
 .rodata.lcd_reg_data9.18
                0x08013cc4        0xe ./Drivers/BSP/Components/otm8009a.o
 *fill*         0x08013cd2        0x2 
 .rodata.lcd_reg_data10.17
                0x08013cd4        0xa ./Drivers/BSP/Components/otm8009a.o
 *fill*         0x08013cde        0x2 
 .rodata.lcd_reg_data11.16
                0x08013ce0        0xa ./Drivers/BSP/Components/otm8009a.o
 *fill*         0x08013cea        0x2 
 .rodata.lcd_reg_data12.15
                0x08013cec        0xf ./Drivers/BSP/Components/otm8009a.o
 *fill*         0x08013cfb        0x1 
 .rodata.lcd_reg_data13.14
                0x08013cfc        0xf ./Drivers/BSP/Components/otm8009a.o
 *fill*         0x08013d0b        0x1 
 .rodata.lcd_reg_data14.13
                0x08013d0c        0xa ./Drivers/BSP/Components/otm8009a.o
 *fill*         0x08013d16        0x2 
 .rodata.lcd_reg_data15.12
                0x08013d18        0xf ./Drivers/BSP/Components/otm8009a.o
 *fill*         0x08013d27        0x1 
 .rodata.lcd_reg_data16.11
                0x08013d28        0xf ./Drivers/BSP/Components/otm8009a.o
 *fill*         0x08013d37        0x1 
 .rodata.lcd_reg_data17.10
                0x08013d38        0xa ./Drivers/BSP/Components/otm8009a.o
 *fill*         0x08013d42        0x2 
 .rodata.lcd_reg_data18.9
                0x08013d44        0xa ./Drivers/BSP/Components/otm8009a.o
 *fill*         0x08013d4e        0x2 
 .rodata.lcd_reg_data19.8
                0x08013d50        0xa ./Drivers/BSP/Components/otm8009a.o
 *fill*         0x08013d5a        0x2 
 .rodata.lcd_reg_data20.7
                0x08013d5c        0xf ./Drivers/BSP/Components/otm8009a.o
 *fill*         0x08013d6b        0x1 
 .rodata.lcd_reg_data21.6
                0x08013d6c        0xf ./Drivers/BSP/Components/otm8009a.o
 *fill*         0x08013d7b        0x1 
 .rodata.lcd_reg_data22.5
                0x08013d7c        0xa ./Drivers/BSP/Components/otm8009a.o
 *fill*         0x08013d86        0x2 
 .rodata.lcd_reg_data23.4
                0x08013d88        0xf ./Drivers/BSP/Components/otm8009a.o
 *fill*         0x08013d97        0x1 
 .rodata.lcd_reg_data24.3
                0x08013d98        0xf ./Drivers/BSP/Components/otm8009a.o
 *fill*         0x08013da7        0x1 
 .rodata.lcd_reg_data25.2
                0x08013da8        0x3 ./Drivers/BSP/Components/otm8009a.o
 *fill*         0x08013dab        0x1 
 .rodata.lcd_reg_data3.1
                0x08013dac       0x10 ./Drivers/BSP/Components/otm8009a.o
 .rodata.lcd_reg_data4.0
                0x08013dbc       0x10 ./Drivers/BSP/Components/otm8009a.o
 .rodata.LED_PIN
                0x08013dcc       0x10 ./Drivers/BSP/STM32H747I_DISCO/stm32h747i_discovery.o
 .rodata.LCD_Driver
                0x08013ddc       0x2c ./Drivers/BSP/STM32H747I_DISCO/stm32h747i_discovery_lcd.o
                0x08013ddc                LCD_Driver
 .rodata.D1CorePrescTable
                0x08013e08       0x10 ./Drivers/CMSIS/system_stm32h7xx.o
                0x08013e08                D1CorePrescTable
 .rodata.JPEG_DCLUM_HuffTable
                0x08013e18       0x1c ./Drivers/STM32H7xx_HAL_Driver/stm32h7xx_hal_jpeg.o
 .rodata.JPEG_DCCHROM_HuffTable
                0x08013e34       0x1c ./Drivers/STM32H7xx_HAL_Driver/stm32h7xx_hal_jpeg.o
 .rodata.JPEG_ACLUM_HuffTable
                0x08013e50       0xb2 ./Drivers/STM32H7xx_HAL_Driver/stm32h7xx_hal_jpeg.o
 *fill*         0x08013f02        0x2 
 .rodata.JPEG_ACCHROM_HuffTable
                0x08013f04       0xb2 ./Drivers/STM32H7xx_HAL_Driver/stm32h7xx_hal_jpeg.o
 *fill*         0x08013fb6        0x2 
 .rodata.JPEG_ZIGZAG_ORDER
                0x08013fb8       0x40 ./Drivers/STM32H7xx_HAL_Driver/stm32h7xx_hal_jpeg.o
 .rodata.JPEG_LUM_QuantTable.1
                0x08013ff8       0x40 ./Drivers/STM32H7xx_HAL_Driver/stm32h7xx_hal_jpeg.o
 .rodata.JPEG_CHROM_QuantTable.0
                0x08014038       0x40 ./Drivers/STM32H7xx_HAL_Driver/stm32h7xx_hal_jpeg.o
 .rodata.SD_Driver
                0x08014078       0x14 ./Example/User/CM7/sd_diskio.o
                0x08014078                SD_Driver
 .rodata.ExCvt  0x0801408c       0x80 ./Middlewares/FatFs/Core/ff.o
 .rodata.LfnOfs
                0x0801410c        0xd ./Middlewares/FatFs/Core/ff.o
 *fill*         0x08014119        0x3 
 .rodata.Tbl    0x0801411c      0x100 ./Middlewares/FatFs/Options/unicode.o
 .rodata.cvt1.1
                0x0801421c      0x1f2 ./Middlewares/FatFs/Options/unicode.o
 *fill*         0x0801440e        0x2 
 .rodata.cvt2.0
                0x08014410       0xbc ./Middlewares/FatFs/Options/unicode.o
 .rodata.Font24_Table
                0x080144cc     0x1ab8 ./Utilities/stm32_lcd.o
                0x080144cc                Font24_Table
 .rodata.Font16_Table
                0x08015f84      0xbe0 ./Utilities/stm32_lcd.o
                0x08015f84                Font16_Table
 .rodata._svfprintf_r.str1.1
                0x08016b64       0x11 C:/ST/STM32CubeIDE_1.16.0/STM32CubeIDE/plugins/com.st.stm32cube.ide.mcu.externaltools.gnu-tools-for-stm32.12.3.rel1.win32_1.0.200.202406191623/tools/bin/../lib/gcc/arm-none-eabi/12.3.1/../../../../arm-none-eabi/lib/thumb/v7e-m+dp/hard\libc_nano.a(libc_a-nano-svfprintf.o)
 .rodata._printf_i.str1.1
                0x08016b75       0x22 C:/ST/STM32CubeIDE_1.16.0/STM32CubeIDE/plugins/com.st.stm32cube.ide.mcu.externaltools.gnu-tools-for-stm32.12.3.rel1.win32_1.0.200.202406191623/tools/bin/../lib/gcc/arm-none-eabi/12.3.1/../../../../arm-none-eabi/lib/thumb/v7e-m+dp/hard\libc_nano.a(libc_a-nano-vfprintf_i.o)
                0x08016b98                        . = ALIGN (0x4)
 *fill*         0x08016b97        0x1 

.ARM.extab
 *(.ARM.extab* .gnu.linkonce.armextab.*)

.ARM            0x08016b98        0x8
                0x08016b98                        __exidx_start = .
 *(.ARM.exidx*)