D:/Andrea/Embedded/repositories/Smart-Watch/smart-watch_20/Drivers/STM32H7xx_HAL_Driver/Src/stm32h7xx_hal_jpeg.c:485:19:HAL_JPEG_Init	16	static
D:/Andrea/Embedded/repositories/Smart-Watch/smart-watch_20/Drivers/STM32H7xx_HAL_Driver/Src/stm32h7xx_hal_jpeg.c:609:19:HAL_JPEG_DeInit	16	static
D:/Andrea/Embedded/repositories/Smart-Watch/smart-watch_20/Drivers/STM32H7xx_HAL_Driver/Src/stm32h7xx_hal_jpeg.c:660:13:HAL_JPEG_MspInit	16	static
D:/Andrea/Embedded/repositories/Smart-Watch/smart-watch_20/Drivers/STM32H7xx_HAL_Driver/Src/stm32h7xx_hal_jpeg.c:676:13:HAL_JPEG_MspDeInit	16	static
D:/Andrea/Embedded/repositories/Smart-Watch/smart-watch_20/Drivers/STM32H7xx_HAL_Driver/Src/stm32h7xx_hal_jpeg.c:1101:19:HAL_JPEG_ConfigEncoding	40	static
D:/Andrea/Embedded/repositories/Smart-Watch/smart-watch_20/Drivers/STM32H7xx_HAL_Driver/Src/stm32h7xx_hal_jpeg.c:1291:19:HAL_JPEG_GetInfo	32	static
D:/Andrea/Embedded/repositories/Smart-Watch/smart-watch_20/Drivers/STM32H7xx_HAL_Driver/Src/stm32h7xx_hal_jpeg.c:1364:19:HAL_JPEG_EnableHeaderParsing	16	static
D:/Andrea/Embedded/repositories/Smart-Watch/smart-watch_20/Drivers/STM32H7xx_HAL_Driver/Src/stm32h7xx_hal_jpeg.c:1400:19:HAL_JPEG_DisableHeaderParsing	16	static
D:/Andrea/Embedded/repositories/Smart-Watch/smart-watch_20/Drivers/STM32H7xx_HAL_Driver/Src/stm32h7xx_hal_jpeg.c:1447:20:HAL_JPEG_SetUserQuantTables	24	static
D:/Andrea/Embedded/repositories/Smart-Watch/smart-watch_20/Drivers/STM32H7xx_HAL_Driver/Src/stm32h7xx_hal_jpeg.c:1522:20:HAL_JPEG_Encode	32	static
D:/Andrea/Embedded/repositories/Smart-Watch/smart-watch_20/Drivers/STM32H7xx_HAL_Driver/Src/stm32h7xx_hal_jpeg.c:1626:20:HAL_JPEG_Decode	32	static
D:/Andrea/Embedded/repositories/Smart-Watch/smart-watch_20/Drivers/STM32H7xx_HAL_Driver/Src/stm32h7xx_hal_jpeg.c:1720:20:HAL_JPEG_Encode_IT	24	static
D:/Andrea/Embedded/repositories/Smart-Watch/smart-watch_20/Drivers/STM32H7xx_HAL_Driver/Src/stm32h7xx_hal_jpeg.c:1790:20:HAL_JPEG_Decode_IT	24	static
D:/Andrea/Embedded/repositories/Smart-Watch/smart-watch_20/Drivers/STM32H7xx_HAL_Driver/Src/stm32h7xx_hal_jpeg.c:1850:20:HAL_JPEG_Encode_DMA	24	static
D:/Andrea/Embedded/repositories/Smart-Watch/smart-watch_20/Drivers/STM32H7xx_HAL_Driver/Src/stm32h7xx_hal_jpeg.c:1931:20:HAL_JPEG_Decode_DMA	24	static
D:/Andrea/Embedded/repositories/Smart-Watch/smart-watch_20/Drivers/STM32H7xx_HAL_Driver/Src/stm32h7xx_hal_jpeg.c:2001:20:HAL_JPEG_Pause	24	static
D:/Andrea/Embedded/repositories/Smart-Watch/smart-watch_20/Drivers/STM32H7xx_HAL_Driver/Src/stm32h7xx_hal_jpeg.c:2054:20:HAL_JPEG_Resume	40	static
D:/Andrea/Embedded/repositories/Smart-Watch/smart-watch_20/Drivers/STM32H7xx_HAL_Driver/Src/stm32h7xx_hal_jpeg.c:2174:6:HAL_JPEG_ConfigInputBuffer	24	static
D:/Andrea/Embedded/repositories/Smart-Watch/smart-watch_20/Drivers/STM32H7xx_HAL_Driver/Src/stm32h7xx_hal_jpeg.c:2188:6:HAL_JPEG_ConfigOutputBuffer	24	static
D:/Andrea/Embedded/repositories/Smart-Watch/smart-watch_20/Drivers/STM32H7xx_HAL_Driver/Src/stm32h7xx_hal_jpeg.c:2200:19:HAL_JPEG_Abort	24	static
D:/Andrea/Embedded/repositories/Smart-Watch/smart-watch_20/Drivers/STM32H7xx_HAL_Driver/Src/stm32h7xx_hal_jpeg.c:2320:13:HAL_JPEG_InfoReadyCallback	16	static
D:/Andrea/Embedded/repositories/Smart-Watch/smart-watch_20/Drivers/STM32H7xx_HAL_Driver/Src/stm32h7xx_hal_jpeg.c:2337:13:HAL_JPEG_EncodeCpltCallback	16	static
D:/Andrea/Embedded/repositories/Smart-Watch/smart-watch_20/Drivers/STM32H7xx_HAL_Driver/Src/stm32h7xx_hal_jpeg.c:2353:13:HAL_JPEG_DecodeCpltCallback	16	static
D:/Andrea/Embedded/repositories/Smart-Watch/smart-watch_20/Drivers/STM32H7xx_HAL_Driver/Src/stm32h7xx_hal_jpeg.c:2369:13:HAL_JPEG_ErrorCallback	16	static
D:/Andrea/Embedded/repositories/Smart-Watch/smart-watch_20/Drivers/STM32H7xx_HAL_Driver/Src/stm32h7xx_hal_jpeg.c:2386:13:HAL_JPEG_GetDataCallback	16	static
D:/Andrea/Embedded/repositories/Smart-Watch/smart-watch_20/Drivers/STM32H7xx_HAL_Driver/Src/stm32h7xx_hal_jpeg.c:2405:13:HAL_JPEG_DataReadyCallback	24	static
D:/Andrea/Embedded/repositories/Smart-Watch/smart-watch_20/Drivers/STM32H7xx_HAL_Driver/Src/stm32h7xx_hal_jpeg.c:2442:6:HAL_JPEG_IRQHandler	16	static
D:/Andrea/Embedded/repositories/Smart-Watch/smart-watch_20/Drivers/STM32H7xx_HAL_Driver/Src/stm32h7xx_hal_jpeg.c:2494:23:HAL_JPEG_GetState	16	static
D:/Andrea/Embedded/repositories/Smart-Watch/smart-watch_20/Drivers/STM32H7xx_HAL_Driver/Src/stm32h7xx_hal_jpeg.c:2505:10:HAL_JPEG_GetError	16	static
D:/Andrea/Embedded/repositories/Smart-Watch/smart-watch_20/Drivers/STM32H7xx_HAL_Driver/Src/stm32h7xx_hal_jpeg.c:2531:26:JPEG_Bits_To_SizeCodes	48	static
D:/Andrea/Embedded/repositories/Smart-Watch/smart-watch_20/Drivers/STM32H7xx_HAL_Driver/Src/stm32h7xx_hal_jpeg.c:2594:26:JPEG_ACHuff_BitsVals_To_SizeCodes	1328	static
D:/Andrea/Embedded/repositories/Smart-Watch/smart-watch_20/Drivers/STM32H7xx_HAL_Driver/Src/stm32h7xx_hal_jpeg.c:2653:26:JPEG_DCHuff_BitsVals_To_SizeCodes	1320	static
D:/Andrea/Embedded/repositories/Smart-Watch/smart-watch_20/Drivers/STM32H7xx_HAL_Driver/Src/stm32h7xx_hal_jpeg.c:2698:26:JPEG_Set_HuffDC_Mem	112	static
D:/Andrea/Embedded/repositories/Smart-Watch/smart-watch_20/Drivers/STM32H7xx_HAL_Driver/Src/stm32h7xx_hal_jpeg.c:2760:26:JPEG_Set_HuffAC_Mem	864	static
D:/Andrea/Embedded/repositories/Smart-Watch/smart-watch_20/Drivers/STM32H7xx_HAL_Driver/Src/stm32h7xx_hal_jpeg.c:2833:26:JPEG_Set_HuffEnc_Mem	24	static
D:/Andrea/Embedded/repositories/Smart-Watch/smart-watch_20/Drivers/STM32H7xx_HAL_Driver/Src/stm32h7xx_hal_jpeg.c:2876:13:JPEG_Set_Huff_DHTMem	48	static
D:/Andrea/Embedded/repositories/Smart-Watch/smart-watch_20/Drivers/STM32H7xx_HAL_Driver/Src/stm32h7xx_hal_jpeg.c:3067:17:JPEG_Set_Quantization_Mem	48	static
D:/Andrea/Embedded/repositories/Smart-Watch/smart-watch_20/Drivers/STM32H7xx_HAL_Driver/Src/stm32h7xx_hal_jpeg.c:3133:13:JPEG_SetColorYCBCR	32	static
D:/Andrea/Embedded/repositories/Smart-Watch/smart-watch_20/Drivers/STM32H7xx_HAL_Driver/Src/stm32h7xx_hal_jpeg.c:3194:13:JPEG_SetColorGrayScale	16	static
D:/Andrea/Embedded/repositories/Smart-Watch/smart-watch_20/Drivers/STM32H7xx_HAL_Driver/Src/stm32h7xx_hal_jpeg.c:3214:13:JPEG_SetColorCMYK	32	static
D:/Andrea/Embedded/repositories/Smart-Watch/smart-watch_20/Drivers/STM32H7xx_HAL_Driver/Src/stm32h7xx_hal_jpeg.c:3273:13:JPEG_Init_Process	16	static
D:/Andrea/Embedded/repositories/Smart-Watch/smart-watch_20/Drivers/STM32H7xx_HAL_Driver/Src/stm32h7xx_hal_jpeg.c:3328:17:JPEG_Process	24	static
D:/Andrea/Embedded/repositories/Smart-Watch/smart-watch_20/Drivers/STM32H7xx_HAL_Driver/Src/stm32h7xx_hal_jpeg.c:3474:13:JPEG_StoreOutputData	32	static
D:/Andrea/Embedded/repositories/Smart-Watch/smart-watch_20/Drivers/STM32H7xx_HAL_Driver/Src/stm32h7xx_hal_jpeg.c:3568:13:JPEG_ReadInputData	40	static
D:/Andrea/Embedded/repositories/Smart-Watch/smart-watch_20/Drivers/STM32H7xx_HAL_Driver/Src/stm32h7xx_hal_jpeg.c:3657:26:JPEG_DMA_StartProcess	40	static
D:/Andrea/Embedded/repositories/Smart-Watch/smart-watch_20/Drivers/STM32H7xx_HAL_Driver/Src/stm32h7xx_hal_jpeg.c:3727:13:JPEG_DMA_ContinueProcess	16	static
D:/Andrea/Embedded/repositories/Smart-Watch/smart-watch_20/Drivers/STM32H7xx_HAL_Driver/Src/stm32h7xx_hal_jpeg.c:3796:13:JPEG_DMA_EndProcess	24	static
D:/Andrea/Embedded/repositories/Smart-Watch/smart-watch_20/Drivers/STM32H7xx_HAL_Driver/Src/stm32h7xx_hal_jpeg.c:3876:13:JPEG_DMA_PollResidualData	32	static
D:/Andrea/Embedded/repositories/Smart-Watch/smart-watch_20/Drivers/STM32H7xx_HAL_Driver/Src/stm32h7xx_hal_jpeg.c:3965:13:JPEG_MDMAInCpltCallback	40	static
D:/Andrea/Embedded/repositories/Smart-Watch/smart-watch_20/Drivers/STM32H7xx_HAL_Driver/Src/stm32h7xx_hal_jpeg.c:4053:13:JPEG_MDMAOutCpltCallback	40	static
D:/Andrea/Embedded/repositories/Smart-Watch/smart-watch_20/Drivers/STM32H7xx_HAL_Driver/Src/stm32h7xx_hal_jpeg.c:4104:13:JPEG_MDMAErrorCallback	24	static
D:/Andrea/Embedded/repositories/Smart-Watch/smart-watch_20/Drivers/STM32H7xx_HAL_Driver/Src/stm32h7xx_hal_jpeg.c:4129:13:JPEG_MDMAOutAbortCallback	24	static
D:/Andrea/Embedded/repositories/Smart-Watch/smart-watch_20/Drivers/STM32H7xx_HAL_Driver/Src/stm32h7xx_hal_jpeg.c:4146:17:JPEG_GetQuality	48	static
