C:/Users/Fato/Desktop/Nuova cartella/Nuova cartella/STM32Cube_FW_H7_V1.11.0/Drivers/BSP/STM32H747I-DISCO/stm32h747i_discovery_lcd.c:225:9:BSP_LCD_Init	24	static
C:/Users/Fato/Desktop/Nuova cartella/Nuova cartella/STM32Cube_FW_H7_V1.11.0/Drivers/BSP/STM32H747I-DISCO/stm32h747i_discovery_lcd.c:239:9:BSP_LCD_InitEx	64	static
C:/Users/Fato/Desktop/Nuova cartella/Nuova cartella/STM32Cube_FW_H7_V1.11.0/Drivers/BSP/STM32H747I-DISCO/stm32h747i_discovery_lcd.c:412:9:BSP_LCD_DeInit	24	static
C:/Users/Fato/Desktop/Nuova cartella/Nuova cartella/STM32Cube_FW_H7_V1.11.0/Drivers/BSP/STM32H747I-DISCO/stm32h747i_discovery_lcd.c:459:9:BSP_LCD_InitHDMI	248	static
C:/Users/Fato/Desktop/Nuova cartella/Nuova cartella/STM32Cube_FW_H7_V1.11.0/Drivers/BSP/STM32H747I-DISCO/stm32h747i_discovery_lcd.c:667:6:BSP_LCD_Reset	40	static
C:/Users/Fato/Desktop/Nuova cartella/Nuova cartella/STM32Cube_FW_H7_V1.11.0/Drivers/BSP/STM32H747I-DISCO/stm32h747i_discovery_lcd.c:691:13:LCD_InitSequence	40	static
C:/Users/Fato/Desktop/Nuova cartella/Nuova cartella/STM32Cube_FW_H7_V1.11.0/Drivers/BSP/STM32H747I-DISCO/stm32h747i_discovery_lcd.c:735:13:LCD_DeInitSequence	32	static
C:/Users/Fato/Desktop/Nuova cartella/Nuova cartella/STM32Cube_FW_H7_V1.11.0/Drivers/BSP/STM32H747I-DISCO/stm32h747i_discovery_lcd.c:755:26:MX_DSIHOST_DSI_Init	144	static
C:/Users/Fato/Desktop/Nuova cartella/Nuova cartella/STM32Cube_FW_H7_V1.11.0/Drivers/BSP/STM32H747I-DISCO/stm32h747i_discovery_lcd.c:853:26:MX_LTDC_Init	24	static
C:/Users/Fato/Desktop/Nuova cartella/Nuova cartella/STM32Cube_FW_H7_V1.11.0/Drivers/BSP/STM32H747I-DISCO/stm32h747i_discovery_lcd.c:898:26:MX_LTDC_ConfigLayer	80	static
C:/Users/Fato/Desktop/Nuova cartella/Nuova cartella/STM32Cube_FW_H7_V1.11.0/Drivers/BSP/STM32H747I-DISCO/stm32h747i_discovery_lcd.c:926:26:MX_LTDC_ClockConfig	216	static
C:/Users/Fato/Desktop/Nuova cartella/Nuova cartella/STM32Cube_FW_H7_V1.11.0/Drivers/BSP/STM32H747I-DISCO/stm32h747i_discovery_lcd.c:948:26:MX_LTDC_ClockConfig2	216	static
C:/Users/Fato/Desktop/Nuova cartella/Nuova cartella/STM32Cube_FW_H7_V1.11.0/Drivers/BSP/STM32H747I-DISCO/stm32h747i_discovery_lcd.c:1078:9:BSP_LCD_ConfigLayer	32	static
C:/Users/Fato/Desktop/Nuova cartella/Nuova cartella/STM32Cube_FW_H7_V1.11.0/Drivers/BSP/STM32H747I-DISCO/stm32h747i_discovery_lcd.c:1101:9:BSP_LCD_SetActiveLayer	24	static
C:/Users/Fato/Desktop/Nuova cartella/Nuova cartella/STM32Cube_FW_H7_V1.11.0/Drivers/BSP/STM32H747I-DISCO/stm32h747i_discovery_lcd.c:1122:9:BSP_LCD_GetPixelFormat	24	static
C:/Users/Fato/Desktop/Nuova cartella/Nuova cartella/STM32Cube_FW_H7_V1.11.0/Drivers/BSP/STM32H747I-DISCO/stm32h747i_discovery_lcd.c:1147:9:BSP_LCD_Reload	24	static
C:/Users/Fato/Desktop/Nuova cartella/Nuova cartella/STM32Cube_FW_H7_V1.11.0/Drivers/BSP/STM32H747I-DISCO/stm32h747i_discovery_lcd.c:1181:9:BSP_LCD_SetLayerVisible	32	static
C:/Users/Fato/Desktop/Nuova cartella/Nuova cartella/STM32Cube_FW_H7_V1.11.0/Drivers/BSP/STM32H747I-DISCO/stm32h747i_discovery_lcd.c:1217:9:BSP_LCD_SetTransparency	32	static
C:/Users/Fato/Desktop/Nuova cartella/Nuova cartella/STM32Cube_FW_H7_V1.11.0/Drivers/BSP/STM32H747I-DISCO/stm32h747i_discovery_lcd.c:1247:9:BSP_LCD_SetLayerAddress	32	static
C:/Users/Fato/Desktop/Nuova cartella/Nuova cartella/STM32Cube_FW_H7_V1.11.0/Drivers/BSP/STM32H747I-DISCO/stm32h747i_discovery_lcd.c:1280:9:BSP_LCD_SetLayerWindow	32	static
C:/Users/Fato/Desktop/Nuova cartella/Nuova cartella/STM32Cube_FW_H7_V1.11.0/Drivers/BSP/STM32H747I-DISCO/stm32h747i_discovery_lcd.c:1317:9:BSP_LCD_SetColorKeying	32	static
C:/Users/Fato/Desktop/Nuova cartella/Nuova cartella/STM32Cube_FW_H7_V1.11.0/Drivers/BSP/STM32H747I-DISCO/stm32h747i_discovery_lcd.c:1349:9:BSP_LCD_ResetColorKeying	24	static
C:/Users/Fato/Desktop/Nuova cartella/Nuova cartella/STM32Cube_FW_H7_V1.11.0/Drivers/BSP/STM32H747I-DISCO/stm32h747i_discovery_lcd.c:1380:9:BSP_LCD_GetXSize	24	static
C:/Users/Fato/Desktop/Nuova cartella/Nuova cartella/STM32Cube_FW_H7_V1.11.0/Drivers/BSP/STM32H747I-DISCO/stm32h747i_discovery_lcd.c:1402:9:BSP_LCD_GetYSize	24	static
C:/Users/Fato/Desktop/Nuova cartella/Nuova cartella/STM32Cube_FW_H7_V1.11.0/Drivers/BSP/STM32H747I-DISCO/stm32h747i_discovery_lcd.c:1423:9:BSP_LCD_DisplayOn	24	static
C:/Users/Fato/Desktop/Nuova cartella/Nuova cartella/STM32Cube_FW_H7_V1.11.0/Drivers/BSP/STM32H747I-DISCO/stm32h747i_discovery_lcd.c:1451:9:BSP_LCD_DisplayOff	24	static
C:/Users/Fato/Desktop/Nuova cartella/Nuova cartella/STM32Cube_FW_H7_V1.11.0/Drivers/BSP/STM32H747I-DISCO/stm32h747i_discovery_lcd.c:1480:9:BSP_LCD_SetBrightness	24	static
C:/Users/Fato/Desktop/Nuova cartella/Nuova cartella/STM32Cube_FW_H7_V1.11.0/Drivers/BSP/STM32H747I-DISCO/stm32h747i_discovery_lcd.c:1505:9:BSP_LCD_GetBrightness	24	static
C:/Users/Fato/Desktop/Nuova cartella/Nuova cartella/STM32Cube_FW_H7_V1.11.0/Drivers/BSP/STM32H747I-DISCO/stm32h747i_discovery_lcd.c:1532:9:BSP_LCD_DrawBitmap	72	static
C:/Users/Fato/Desktop/Nuova cartella/Nuova cartella/STM32Cube_FW_H7_V1.11.0/Drivers/BSP/STM32H747I-DISCO/stm32h747i_discovery_lcd.c:1595:9:BSP_LCD_FillRGBRect	40	static
C:/Users/Fato/Desktop/Nuova cartella/Nuova cartella/STM32Cube_FW_H7_V1.11.0/Drivers/BSP/STM32H747I-DISCO/stm32h747i_discovery_lcd.c:1645:9:BSP_LCD_DrawHLine	48	static
C:/Users/Fato/Desktop/Nuova cartella/Nuova cartella/STM32Cube_FW_H7_V1.11.0/Drivers/BSP/STM32H747I-DISCO/stm32h747i_discovery_lcd.c:1671:9:BSP_LCD_DrawVLine	48	static
C:/Users/Fato/Desktop/Nuova cartella/Nuova cartella/STM32Cube_FW_H7_V1.11.0/Drivers/BSP/STM32H747I-DISCO/stm32h747i_discovery_lcd.c:1698:9:BSP_LCD_FillRect	48	static
C:/Users/Fato/Desktop/Nuova cartella/Nuova cartella/STM32Cube_FW_H7_V1.11.0/Drivers/BSP/STM32H747I-DISCO/stm32h747i_discovery_lcd.c:1719:9:BSP_LCD_ReadPixel	24	static
C:/Users/Fato/Desktop/Nuova cartella/Nuova cartella/STM32Cube_FW_H7_V1.11.0/Drivers/BSP/STM32H747I-DISCO/stm32h747i_discovery_lcd.c:1743:9:BSP_LCD_WritePixel	24	static
C:/Users/Fato/Desktop/Nuova cartella/Nuova cartella/STM32Cube_FW_H7_V1.11.0/Drivers/BSP/STM32H747I-DISCO/stm32h747i_discovery_lcd.c:1775:13:LL_FillBuffer	40	static
C:/Users/Fato/Desktop/Nuova cartella/Nuova cartella/STM32Cube_FW_H7_V1.11.0/Drivers/BSP/STM32H747I-DISCO/stm32h747i_discovery_lcd.c:1820:13:LL_ConvertLineToRGB	40	static
C:/Users/Fato/Desktop/Nuova cartella/Nuova cartella/STM32Cube_FW_H7_V1.11.0/Drivers/BSP/STM32H747I-DISCO/stm32h747i_discovery_lcd.c:1873:13:LTDC_MspInit	24	static
C:/Users/Fato/Desktop/Nuova cartella/Nuova cartella/STM32Cube_FW_H7_V1.11.0/Drivers/BSP/STM32H747I-DISCO/stm32h747i_discovery_lcd.c:1892:13:LTDC_MspDeInit	16	static
C:/Users/Fato/Desktop/Nuova cartella/Nuova cartella/STM32Cube_FW_H7_V1.11.0/Drivers/BSP/STM32H747I-DISCO/stm32h747i_discovery_lcd.c:1909:13:DMA2D_MspInit	24	static
C:/Users/Fato/Desktop/Nuova cartella/Nuova cartella/STM32Cube_FW_H7_V1.11.0/Drivers/BSP/STM32H747I-DISCO/stm32h747i_discovery_lcd.c:1927:13:DMA2D_MspDeInit	16	static
C:/Users/Fato/Desktop/Nuova cartella/Nuova cartella/STM32Cube_FW_H7_V1.11.0/Drivers/BSP/STM32H747I-DISCO/stm32h747i_discovery_lcd.c:1947:13:DSI_MspInit	24	static
C:/Users/Fato/Desktop/Nuova cartella/Nuova cartella/STM32Cube_FW_H7_V1.11.0/Drivers/BSP/STM32H747I-DISCO/stm32h747i_discovery_lcd.c:1965:13:DSI_MspDeInit	16	static
C:/Users/Fato/Desktop/Nuova cartella/Nuova cartella/STM32Cube_FW_H7_V1.11.0/Drivers/BSP/STM32H747I-DISCO/stm32h747i_discovery_lcd.c:1988:16:DSI_IO_Write	40	static
C:/Users/Fato/Desktop/Nuova cartella/Nuova cartella/STM32Cube_FW_H7_V1.11.0/Drivers/BSP/STM32H747I-DISCO/stm32h747i_discovery_lcd.c:2018:16:DSI_IO_Read	48	static
C:/Users/Fato/Desktop/Nuova cartella/Nuova cartella/STM32Cube_FW_H7_V1.11.0/Drivers/BSP/STM32H747I-DISCO/stm32h747i_discovery_lcd.c:2036:13:LCD_Get_HDMI_VideoModeTiming	16	static
C:/Users/Fato/Desktop/Nuova cartella/Nuova cartella/STM32Cube_FW_H7_V1.11.0/Drivers/BSP/STM32H747I-DISCO/stm32h747i_discovery_lcd.c:2073:13:LTDC_HDMI_Init	16	static
C:/Users/Fato/Desktop/Nuova cartella/Nuova cartella/STM32Cube_FW_H7_V1.11.0/Drivers/BSP/STM32H747I-DISCO/stm32h747i_discovery_lcd.c:2104:16:ADV7533_Probe	40	static
C:/Users/Fato/Desktop/Nuova cartella/Nuova cartella/STM32Cube_FW_H7_V1.11.0/Drivers/BSP/STM32H747I-DISCO/stm32h747i_discovery_lcd.c:2157:9:NT35510_Probe	40	static
C:/Users/Fato/Desktop/Nuova cartella/Nuova cartella/STM32Cube_FW_H7_V1.11.0/Drivers/BSP/STM32H747I-DISCO/stm32h747i_discovery_lcd.c:2206:16:OTM8009A_Probe	40	static
